Archive member included to satisfy reference by file (symbol)

C:/ti/simplelink_cc13x0_sdk_4_20_02_07/source\ti/display/lib/display.am3g(DisplayUart.om3g)
                              ./CC1310_LAUNCHXL.o (DisplayUartMin_fxnTable)
C:/ti/simplelink_cc13x0_sdk_4_20_02_07/source\ti/drivers/rf/lib/rf_multiMode_cc13x0.am3g(RFCC26XX_multiMode.om3g)
                              ./rfPacketTx.o (RF_open)
C:/ti/simplelink_cc13x0_sdk_4_20_02_07/source\ti/drivers/lib/drivers_cc13x0.am3g(NVSSPI25X.om3g)
                              ./CC1310_LAUNCHXL.o (NVSSPI25X_fxnTable)
C:/ti/simplelink_cc13x0_sdk_4_20_02_07/source\ti/drivers/lib/drivers_cc13x0.am3g(SDSPI.om3g)
                              ./CC1310_LAUNCHXL.o (SDSPI_fxnTable)
C:/ti/simplelink_cc13x0_sdk_4_20_02_07/source\ti/drivers/lib/drivers_cc13x0.am3g(List.om3g)
                              C:/ti/simplelink_cc13x0_sdk_4_20_02_07/source\ti/drivers/rf/lib/rf_multiMode_cc13x0.am3g(RFCC26XX_multiMode.om3g) (List_clearList)
C:/ti/simplelink_cc13x0_sdk_4_20_02_07/source\ti/drivers/lib/drivers_cc13x0.am3g(ADCCC26XX.om3g)
                              ./CC1310_LAUNCHXL.o (ADCCC26XX_fxnTable)
C:/ti/simplelink_cc13x0_sdk_4_20_02_07/source\ti/drivers/lib/drivers_cc13x0.am3g(ADCBufCC26XX.om3g)
                              ./CC1310_LAUNCHXL.o (ADCBufCC26XX_fxnTable)
C:/ti/simplelink_cc13x0_sdk_4_20_02_07/source\ti/drivers/lib/drivers_cc13x0.am3g(UDMACC26XX.om3g)
                              C:/ti/simplelink_cc13x0_sdk_4_20_02_07/source\ti/drivers/lib/drivers_cc13x0.am3g(ADCBufCC26XX.om3g) (UDMACC26XX_open)
C:/ti/simplelink_cc13x0_sdk_4_20_02_07/source\ti/drivers/lib/drivers_cc13x0.am3g(GPIOCC26XX.om3g)
                              ./rfPacketTx.o (GPIO_setConfig)
C:/ti/simplelink_cc13x0_sdk_4_20_02_07/source\ti/drivers/lib/drivers_cc13x0.am3g(I2CCC26XX.om3g)
                              ./CC1310_LAUNCHXL.o (I2CCC26XX_fxnTable)
C:/ti/simplelink_cc13x0_sdk_4_20_02_07/source\ti/drivers/lib/drivers_cc13x0.am3g(NVSCC26XX.om3g)
                              ./CC1310_LAUNCHXL.o (NVSCC26XX_fxnTable)
C:/ti/simplelink_cc13x0_sdk_4_20_02_07/source\ti/drivers/lib/drivers_cc13x0.am3g(PINCC26XX.om3g)
                              ./CC1310_LAUNCHXL.o (PIN_init)
C:/ti/simplelink_cc13x0_sdk_4_20_02_07/source\ti/drivers/lib/drivers_cc13x0.am3g(PowerCC26XX.om3g)
                              C:/ti/simplelink_cc13x0_sdk_4_20_02_07/source\ti/drivers/lib/drivers_cc13x0.am3g(UDMACC26XX.om3g) (Power_getDependencyCount)
C:/ti/simplelink_cc13x0_sdk_4_20_02_07/source\ti/drivers/lib/drivers_cc13x0.am3g(PowerCC26XX_calibrateRCOSC.om3g)
                              C:/ti/simplelink_cc13x0_sdk_4_20_02_07/source\ti/drivers/lib/drivers_cc13x0.am3g(PowerCC26XX.om3g) (PowerCC26XX_initiateCalibration)
C:/ti/simplelink_cc13x0_sdk_4_20_02_07/source\ti/drivers/lib/drivers_cc13x0.am3g(PWMTimerCC26XX.om3g)
                              ./CC1310_LAUNCHXL.o (PWMTimerCC26XX_fxnTable)
C:/ti/simplelink_cc13x0_sdk_4_20_02_07/source\ti/drivers/lib/drivers_cc13x0.am3g(SPI.om3g)
                              C:/ti/simplelink_cc13x0_sdk_4_20_02_07/source\ti/drivers/lib/drivers_cc13x0.am3g(NVSSPI25X.om3g) (SPI_close)
C:/ti/simplelink_cc13x0_sdk_4_20_02_07/source\ti/drivers/lib/drivers_cc13x0.am3g(SPICC26XXDMA.om3g)
                              ./CC1310_LAUNCHXL.o (SPICC26XXDMA_fxnTable)
C:/ti/simplelink_cc13x0_sdk_4_20_02_07/source\ti/drivers/lib/drivers_cc13x0.am3g(GPTimerCC26XX.om3g)
                              C:/ti/simplelink_cc13x0_sdk_4_20_02_07/source\ti/drivers/lib/drivers_cc13x0.am3g(ADCBufCC26XX.om3g) (GPTimerCC26XX_Params_init)
C:/ti/simplelink_cc13x0_sdk_4_20_02_07/source\ti/drivers/lib/drivers_cc13x0.am3g(UART.om3g)
                              C:/ti/simplelink_cc13x0_sdk_4_20_02_07/source\ti/display/lib/display.am3g(DisplayUart.om3g) (UART_close)
C:/ti/simplelink_cc13x0_sdk_4_20_02_07/source\ti/drivers/lib/drivers_cc13x0.am3g(UARTCC26XX.om3g)
                              ./CC1310_LAUNCHXL.o (UARTCC26XX_fxnTable)
C:/ti/simplelink_cc13x0_sdk_4_20_02_07/source\ti/drivers/lib/drivers_cc13x0.am3g(WatchdogCC26XX.om3g)
                              ./CC1310_LAUNCHXL.o (WatchdogCC26XX_fxnTable)
C:/ti/simplelink_cc13x0_sdk_4_20_02_07/source\ti/drivers/lib/drivers_cc13x0.am3g(RingBuf.om3g)
                              C:/ti/simplelink_cc13x0_sdk_4_20_02_07/source\ti/drivers/lib/drivers_cc13x0.am3g(UARTCC26XX.om3g) (RingBuf_construct)
C:/ti/simplelink_cc13x0_sdk_4_20_02_07/source\ti/drivers/lib/drivers_cc13x0.am3g(ADCBuf.om3g)
                              C:/ti/simplelink_cc13x0_sdk_4_20_02_07/source\ti/drivers/lib/drivers_cc13x0.am3g(ADCBufCC26XX.om3g) (ADCBuf_convertCancel)
C:/ti/simplelink_cc13x0_sdk_4_20_02_07/kernel/nortos\lib/nortos_cc13x0.am3g(posix_sleep.om3g)
                              ./rfPacketTx.o (sleep)
C:/ti/simplelink_cc13x0_sdk_4_20_02_07/kernel/nortos\lib/nortos_cc13x0.am3g(NoRTOS.om3g)
[...]
Memory Configuration

Name             Origin             Length             Attributes
FLASH            0x00000000         0x0001ffa8         xr
FLASH_CCFG       0x0001ffa8         0x00000058         xr
SRAM             0x20000000         0x00005000         xrw
*default*        0x00000000         0xffffffff

Linker script and memory map

LOAD ./CC1310_LAUNCHXL.o
LOAD ./CC1310_LAUNCHXL_fxns.o
LOAD ./ccfg.o
LOAD ./main_nortos.o
LOAD ./rfPacketTx.o
LOAD ./smartrf_settings/smartrf_settings.o
                0x00000400                STACKSIZE = 0x400
                0x00000100                HEAPSIZE = 0x100
                0x00000000                PROVIDE (_resetVecs_base_address, DEFINED (_resetVecs_base_address)?_resetVecs_base_address:0x0)

.resetVecs      0x00000000       0x40
 *(.resetVecs)
 .resetVecs     0x00000000       0x40 C:/ti/simplelink_cc13x0_sdk_4_20_02_07/kernel/nortos\lib/nortos_cc13x0.am3g(startup_cc13xx_cc26xx_gcc.om3g)

.ramVecs
 *(.ramVecs)
                0x20000400                UDMACC26XX_CONFIG_BASE = 0x20000400
                0x20000430                DMA_SPI0_RX_CONTROL_TABLE_ENTRY_ADDRESS = (UDMACC26XX_CONFIG_BASE + 0x30)
                0x20000440                DMA_SPI0_TX_CONTROL_TABLE_ENTRY_ADDRESS = (UDMACC26XX_CONFIG_BASE + 0x40)
                0x20000470                DMA_ADC_PRI_CONTROL_TABLE_ENTRY_ADDRESS = (UDMACC26XX_CONFIG_BASE + 0x70)
                0x20000490                DMA_GPT0A_PRI_CONTROL_TABLE_ENTRY_ADDRESS = (UDMACC26XX_CONFIG_BASE + 0x90)
                0x20000500                DMA_SPI1_RX_CONTROL_TABLE_ENTRY_ADDRESS = (UDMACC26XX_CONFIG_BASE + 0x100)
                0x20000510                DMA_SPI1_TX_CONTROL_TABLE_ENTRY_ADDRESS = (UDMACC26XX_CONFIG_BASE + 0x110)
                0x20000670                DMA_ADC_ALT_CONTROL_TABLE_ENTRY_ADDRESS = (UDMACC26XX_CONFIG_BASE + 0x270)
                0x20000690                DMA_GPT0A_ALT_CONTROL_TABLE_ENTRY_ADDRESS = (UDMACC26XX_CONFIG_BASE + 0x290)
                0x00000000                UDMACC26XX_dmaSpi0RxControlTableEntry_is_placed = 0x0

.dmaSpi0RxControlTableEntry
 *(.dmaSpi0RxControlTableEntry)
                0x00000000                UDMACC26XX_dmaSpi0TxControlTableEntry_is_placed = 0x0

.dmaSpi0TxControlTableEntry
 *(.dmaSpi0TxControlTableEntry)
                0x00000000                UDMACC26XX_dmaADCPriControlTableEntry_is_placed = 0x0

.dmaADCPriControlTableEntry
 *(.dmaADCPriControlTableEntry)
                0x00000000                UDMACC26XX_dmaGPT0APriControlTableEntry_is_placed = 0x0

.dmaGPT0APriControlTableEntry
 *(.dmaGPT0APriControlTableEntry)
                0x00000000                UDMACC26XX_dmaSpi1RxControlTableEntry_is_placed = 0x0

.dmaSpi1RxControlTableEntry
 *(.dmaSpi1RxControlTableEntry)
                0x00000000                UDMACC26XX_dmaSpi1TxControlTableEntry_is_placed = 0x0

.dmaSpi1TxControlTableEntry
 *(.dmaSpi1TxControlTableEntry)
                0x00000000                UDMACC26XX_dmaADCAltControlTableEntry_is_placed = 0x0

.dmaADCAltControlTableEntry
 *(.dmaADCAltControlTableEntry)
                0x00000000                UDMACC26XX_dmaGPT0AAltControlTableEntry_is_placed = 0x0

.dmaGPT0AAltControlTableEntry
 *(.dmaGPT0AAltControlTableEntry)

.text           0x00000040     0x5588
 CREATE_OBJECT_SYMBOLS
 *(.text)
 .text          0x00000040       0x30 c:/ti/gcc-arm-none-eabi_7_2_1/bin/../lib/gcc/arm-none-eabi/7.2.1/thumb/v7-m\libgcc.a(_aeabi_uldivmod.o)
                0x00000040                __aeabi_uldivmod
 .text          0x00000070      0x2d0 c:/ti/gcc-arm-none-eabi_7_2_1/bin/../lib/gcc/arm-none-eabi/7.2.1/thumb/v7-m\libgcc.a(_udivmoddi4.o)
                0x00000070                __udivmoddi4
 .text          0x00000340        0x4 c:/ti/gcc-arm-none-eabi_7_2_1/bin/../lib/gcc/arm-none-eabi/7.2.1/thumb/v7-m\libgcc.a(_dvmd_tls.o)
                0x00000340                __aeabi_idiv0
                0x00000340                __aeabi_ldiv0
 *(.text.*)
 .text.CC1310_LAUNCHXL_initGeneral
                0x00000344       0x20 ./CC1310_LAUNCHXL.o
                0x00000344                CC1310_LAUNCHXL_initGeneral
 .text.Board_init
                0x00000364        0xc ./CC1310_LAUNCHXL.o
                0x00000364                Board_init
 .text.main     0x00000370       0x14 ./main_nortos.o
                0x00000370                main
 .text.mainThread
                0x00000384      0x1c4 ./rfPacketTx.o
                0x00000384                mainThread
 .text.enterGenookCpePatch
                0x00000548       0x28 ./smartrf_settings/smartrf_settings.o
 .text.enterGenookSysPatch
                0x00000570        0xc ./smartrf_settings/smartrf_settings.o
 .text.configureGenookPatch
                0x0000057c       0xa4 ./smartrf_settings/smartrf_settings.o
 .text.applyGenookPatch
                0x00000620       0x14 ./smartrf_settings/smartrf_settings.o
 .text.rf_patch_cpe_genook
                0x00000634        0xc ./smartrf_settings/smartrf_settings.o
 .text.rf_patch_rfe_genook
                0x00000640       0xe4 ./smartrf_settings/smartrf_settings.o
 .text.rf_patch_mce_genook
                0x00000724      0x15c ./smartrf_settings/smartrf_settings.o
 .text.RF_initRadioSetup
                0x00000880       0x70 C:/ti/simplelink_cc13x0_sdk_4_20_02_07/source\ti/drivers/rf/lib/rf_multiMode_cc13x0.am3g(RFCC26XX_multiMode.om3g)
 .text.RF_defaultCallback
                0x000008f0        0x4 C:/ti/simplelink_cc13x0_sdk_4_20_02_07/source\ti/drivers/rf/lib/rf_multiMode_cc13x0.am3g(RFCC26XX_multiMode.om3g)
 .text.RF_cmdStoreEvents
                0x000008f4       0x38 C:/ti/simplelink_cc13x0_sdk_4_20_02_07/source\ti/drivers/rf/lib/rf_multiMode_cc13x0.am3g(RFCC26XX_multiMode.om3g)
 .text.RF_issueRadioFreeCb
                0x0000092c       0x7c C:/ti/simplelink_cc13x0_sdk_4_20_02_07/source\ti/drivers/rf/lib/rf_multiMode_cc13x0.am3g(RFCC26XX_multiMode.om3g)
 .text.RF_clkReqAccess
                0x000009a8        0x8 C:/ti/simplelink_cc13x0_sdk_4_20_02_07/source\ti/drivers/rf/lib/rf_multiMode_cc13x0.am3g(RFCC26XX_multiMode.om3g)
 .text.RF_syncCb
                0x000009b0       0x88 C:/ti/simplelink_cc13x0_sdk_4_20_02_07/source\ti/drivers/rf/lib/rf_multiMode_cc13x0.am3g(RFCC26XX_multiMode.om3g)
 .text.RF_applyRfCorePatch
                0x00000a38       0x74 C:/ti/simplelink_cc13x0_sdk_4_20_02_07/source\ti/drivers/rf/lib/rf_multiMode_cc13x0.am3g(RFCC26XX_multiMode.om3g)
 .text.RF_hwiHw
                0x00000aac       0x70 C:/ti/simplelink_cc13x0_sdk_4_20_02_07/source\ti/drivers/rf/lib/rf_multiMode_cc13x0.am3g(RFCC26XX_multiMode.om3g)
 .text.RF_swiFsm
                0x00000b1c       0x24 C:/ti/simplelink_cc13x0_sdk_4_20_02_07/source\ti/drivers/rf/lib/rf_multiMode_cc13x0.am3g(RFCC26XX_multiMode.om3g)
 .text.RF_fsmXOSCState
                0x00000b40       0x68 C:/ti/simplelink_cc13x0_sdk_4_20_02_07/source\ti/drivers/rf/lib/rf_multiMode_cc13x0.am3g(RFCC26XX_multiMode.om3g)
 .text.RF_hwiCpe0ChangePhy
                0x00000ba8       0x24 C:/ti/simplelink_cc13x0_sdk_4_20_02_07/source\ti/drivers/rf/lib/rf_multiMode_cc13x0.am3g(RFCC26XX_multiMode.om3g)
 .text.RF_fsmSetupState
                0x00000bcc      0x168 C:/ti/simplelink_cc13x0_sdk_4_20_02_07/source\ti/drivers/rf/lib/rf_multiMode_cc13x0.am3g(RFCC26XX_multiMode.om3g)
 .text.RF_wakeupNotification
                0x00000d34       0x58 C:/ti/simplelink_cc13x0_sdk_4_20_02_07/source\ti/drivers/rf/lib/rf_multiMode_cc13x0.am3g(RFCC26XX_multiMode.om3g)
 .text.RF_pendCmd.part.16
                0x00000d8c       0xcc C:/ti/simplelink_cc13x0_sdk_4_20_02_07/source\ti/drivers/rf/lib/rf_multiMode_cc13x0.am3g(RFCC26XX_multiMode.om3g)
 .text.RF_powerConstraintSet
                0x00000e58       0x1c C:/ti/simplelink_cc13x0_sdk_4_20_02_07/source\ti/drivers/rf/lib/rf_multiMode_cc13x0.am3g(RFCC26XX_multiMode.om3g)
                0x00000e58                RF_powerConstraintSet
 .text.RF_ratRestartChannels
                0x00000e74       0xb0 C:/ti/simplelink_cc13x0_sdk_4_20_02_07/source\ti/drivers/rf/lib/rf_multiMode_cc13x0.am3g(RFCC26XX_multiMode.om3g)
 .text.RF_powerConstraintRelease
                0x00000f24       0x34 C:/ti/simplelink_cc13x0_sdk_4_20_02_07/source\ti/drivers/rf/lib/rf_multiMode_cc13x0.am3g(RFCC26XX_multiMode.om3g)
                0x00000f24                RF_powerConstraintRelease
 .text.RF_clkInactivityCallback
                0x00000f58       0x1c C:/ti/simplelink_cc13x0_sdk_4_20_02_07/source\ti/drivers/rf/lib/rf_multiMode_cc13x0.am3g(RFCC26XX_multiMode.om3g)
 .text.RF_radioOpDoneCb
                0x00000f74      0x154 C:/ti/simplelink_cc13x0_sdk_4_20_02_07/source\ti/drivers/rf/lib/rf_multiMode_cc13x0.am3g(RFCC26XX_multiMode.om3g)
 .text.RF_ratFreeChannel
                0x000010c8       0x9c C:/ti/simplelink_cc13x0_sdk_4_20_02_07/source\ti/drivers/rf/lib/rf_multiMode_cc13x0.am3g(RFCC26XX_multiMode.om3g)
 .text.RF_swiHw
                0x00001164       0xd0 C:/ti/simplelink_cc13x0_sdk_4_20_02_07/source\ti/drivers/rf/lib/rf_multiMode_cc13x0.am3g(RFCC26XX_multiMode.om3g)
 .text.RF_open  0x00001234      0x254 C:/ti/simplelink_cc13x0_sdk_4_20_02_07/source\ti/drivers/rf/lib/rf_multiMode_cc13x0.am3g(RFCC26XX_multiMode.om3g)
                0x00001234                RF_open
 .text.RF_getCurrentTime
                0x00001488       0x80 C:/ti/simplelink_cc13x0_sdk_4_20_02_07/source\ti/drivers/rf/lib/rf_multiMode_cc13x0.am3g(RFCC26XX_multiMode.om3g)
                0x00001488                RF_getCurrentTime
 .text.RF_cmdDispatchTime
                0x00001508       0x84 C:/ti/simplelink_cc13x0_sdk_4_20_02_07/source\ti/drivers/rf/lib/rf_multiMode_cc13x0.am3g(RFCC26XX_multiMode.om3g)
 .text.RF_dispatchNextCmd
                0x0000158c      0x128 C:/ti/simplelink_cc13x0_sdk_4_20_02_07/source\ti/drivers/rf/lib/rf_multiMode_cc13x0.am3g(RFCC26XX_multiMode.om3g)
 .text.RF_hwiCpe0Active
                0x000016b4       0xbc C:/ti/simplelink_cc13x0_sdk_4_20_02_07/source\ti/drivers/rf/lib/rf_multiMode_cc13x0.am3g(RFCC26XX_multiMode.om3g)
 .text.RF_hwiCpe0PowerFsm
                0x00001770       0x88 C:/ti/simplelink_cc13x0_sdk_4_20_02_07/source\ti/drivers/rf/lib/rf_multiMode_cc13x0.am3g(RFCC26XX_multiMode.om3g)
 .text.RF_calculateDispatchTime
                0x000017f8       0xd8 C:/ti/simplelink_cc13x0_sdk_4_20_02_07/source\ti/drivers/rf/lib/rf_multiMode_cc13x0.am3g(RFCC26XX_multiMode.om3g)
 .text.RF_dispatchNextEvent
                0x000018d0       0x74 C:/ti/simplelink_cc13x0_sdk_4_20_02_07/source\ti/drivers/rf/lib/rf_multiMode_cc13x0.am3g(RFCC26XX_multiMode.om3g)
 .text.RF_fsmPowerUpState
                0x00001944      0x11c C:/ti/simplelink_cc13x0_sdk_4_20_02_07/source\ti/drivers/rf/lib/rf_multiMode_cc13x0.am3g(RFCC26XX_multiMode.om3g)
 .text.RF_fsmActiveState
                0x00001a60      0x548 C:/ti/simplelink_cc13x0_sdk_4_20_02_07/source\ti/drivers/rf/lib/rf_multiMode_cc13x0.am3g(RFCC26XX_multiMode.om3g)
 .text.RF_clkPowerUp
                0x00001fa8       0x24 C:/ti/simplelink_cc13x0_sdk_4_20_02_07/source\ti/drivers/rf/lib/rf_multiMode_cc13x0.am3g(RFCC26XX_multiMode.om3g)
 .text.RF_postCmd
                0x00001fcc       0xe0 C:/ti/simplelink_cc13x0_sdk_4_20_02_07/source\ti/drivers/rf/lib/rf_multiMode_cc13x0.am3g(RFCC26XX_multiMode.om3g)
                0x00001fcc                RF_postCmd
 .text.RF_runCmd
                0x000020ac       0x30 C:/ti/simplelink_cc13x0_sdk_4_20_02_07/source\ti/drivers/rf/lib/rf_multiMode_cc13x0.am3g(RFCC26XX_multiMode.om3g)
                0x000020ac                RF_runCmd
 .text.RF_yield
                0x000020dc       0x90 C:/ti/simplelink_cc13x0_sdk_4_20_02_07/source\ti/drivers/rf/lib/rf_multiMode_cc13x0.am3g(RFCC26XX_multiMode.om3g)
                0x000020dc                RF_yield
 .text.RF_Params_init
                0x0000216c       0x1c C:/ti/simplelink_cc13x0_sdk_4_20_02_07/source\ti/drivers/rf/lib/rf_multiMode_cc13x0.am3g(RFCC26XX_multiMode.om3g)
                0x0000216c                RF_Params_init
 .text.List_clearList
                0x00002188       0x18 C:/ti/simplelink_cc13x0_sdk_4_20_02_07/source\ti/drivers/lib/drivers_cc13x0.am3g(List.om3g)
                0x00002188                List_clearList
 .text.List_get
                0x000021a0       0x28 C:/ti/simplelink_cc13x0_sdk_4_20_02_07/source\ti/drivers/lib/drivers_cc13x0.am3g(List.om3g)
                0x000021a0                List_get
 .text.List_put
                0x000021c8       0x2c C:/ti/simplelink_cc13x0_sdk_4_20_02_07/source\ti/drivers/lib/drivers_cc13x0.am3g(List.om3g)
                0x000021c8                List_put
 .text.GPIO_setConfig
                0x000021f4      0x120 C:/ti/simplelink_cc13x0_sdk_4_20_02_07/source\ti/drivers/lib/drivers_cc13x0.am3g(GPIOCC26XX.om3g)
                0x000021f4                GPIO_setConfig
 .text.GPIO_write
                0x00002314       0x58 C:/ti/simplelink_cc13x0_sdk_4_20_02_07/source\ti/drivers/lib/drivers_cc13x0.am3g(GPIOCC26XX.om3g)
                0x00002314                GPIO_write
 .text.PIN_swi  0x0000236c       0x40 C:/ti/simplelink_cc13x0_sdk_4_20_02_07/source\ti/drivers/lib/drivers_cc13x0.am3g(PINCC26XX.om3g)
 .text.PIN_hwi  0x000023ac       0x1c C:/ti/simplelink_cc13x0_sdk_4_20_02_07/source\ti/drivers/lib/drivers_cc13x0.am3g(PINCC26XX.om3g)
 .text.PINCC26XX_setIoCfg
                0x000023c8      0x14c C:/ti/simplelink_cc13x0_sdk_4_20_02_07/source\ti/drivers/lib/drivers_cc13x0.am3g(PINCC26XX.om3g)
 .text.PIN_init
                0x00002514      0x200 C:/ti/simplelink_cc13x0_sdk_4_20_02_07/source\ti/drivers/lib/drivers_cc13x0.am3g(PINCC26XX.om3g)
                0x00002514                PIN_init
 .text.PIN_setConfig
                0x00002714       0x34 C:/ti/simplelink_cc13x0_sdk_4_20_02_07/source\ti/drivers/lib/drivers_cc13x0.am3g(PINCC26XX.om3g)
                0x00002714                PIN_setConfig
 .text.PIN_add  0x00002748       0x64 C:/ti/simplelink_cc13x0_sdk_4_20_02_07/source\ti/drivers/lib/drivers_cc13x0.am3g(PINCC26XX.om3g)
                0x00002748                PIN_add
 .text.emptyClockFunc
                0x000027ac        0x4 C:/ti/simplelink_cc13x0_sdk_4_20_02_07/source\ti/drivers/lib/drivers_cc13x0.am3g(PowerCC26XX.om3g)
 .text.disableLfClkQualifiersEnableClkLoss
                0x000027b0       0x3c C:/ti/simplelink_cc13x0_sdk_4_20_02_07/source\ti/drivers/lib/drivers_cc13x0.am3g(PowerCC26XX.om3g)
 .text.nopResourceHandler
                0x000027ec        0x4 C:/ti/simplelink_cc13x0_sdk_4_20_02_07/source\ti/drivers/lib/drivers_cc13x0.am3g(PowerCC26XX.om3g)
 .text.notify   0x000027f0       0x30 C:/ti/simplelink_cc13x0_sdk_4_20_02_07/source\ti/drivers/lib/drivers_cc13x0.am3g(PowerCC26XX.om3g)
 .text.configureRFCoreClocks
                0x00002820       0x14 C:/ti/simplelink_cc13x0_sdk_4_20_02_07/source\ti/drivers/lib/drivers_cc13x0.am3g(PowerCC26XX.om3g)
 .text.switchXOSCHFclockFunc
                0x00002834       0x98 C:/ti/simplelink_cc13x0_sdk_4_20_02_07/source\ti/drivers/lib/drivers_cc13x0.am3g(PowerCC26XX.om3g)
 .text.configureXOSCHF
                0x000028cc       0x5c C:/ti/simplelink_cc13x0_sdk_4_20_02_07/source\ti/drivers/lib/drivers_cc13x0.am3g(PowerCC26XX.om3g)
 .text.Power_disablePolicy
                0x00002928       0x14 C:/ti/simplelink_cc13x0_sdk_4_20_02_07/source\ti/drivers/lib/drivers_cc13x0.am3g(PowerCC26XX.om3g)
                0x00002928                Power_disablePolicy
 .text.Power_enablePolicy
                0x0000293c       0x10 C:/ti/simplelink_cc13x0_sdk_4_20_02_07/source\ti/drivers/lib/drivers_cc13x0.am3g(PowerCC26XX.om3g)
                0x0000293c                Power_enablePolicy
 .text.Power_getConstraintMask
                0x0000294c        0xc C:/ti/simplelink_cc13x0_sdk_4_20_02_07/source\ti/drivers/lib/drivers_cc13x0.am3g(PowerCC26XX.om3g)
                0x0000294c                Power_getConstraintMask
 .text.Power_getTransitionLatency
                0x00002958       0x20 C:/ti/simplelink_cc13x0_sdk_4_20_02_07/source\ti/drivers/lib/drivers_cc13x0.am3g(PowerCC26XX.om3g)
                0x00002958                Power_getTransitionLatency
 .text.Power_idleFunc
                0x00002978       0x18 C:/ti/simplelink_cc13x0_sdk_4_20_02_07/source\ti/drivers/lib/drivers_cc13x0.am3g(PowerCC26XX.om3g)
                0x00002978                Power_idleFunc
 .text.Power_registerNotify
                0x00002990       0x24 C:/ti/simplelink_cc13x0_sdk_4_20_02_07/source\ti/drivers/lib/drivers_cc13x0.am3g(PowerCC26XX.om3g)
                0x00002990                Power_registerNotify
 .text.Power_releaseConstraint
                0x000029b4       0x34 C:/ti/simplelink_cc13x0_sdk_4_20_02_07/source\ti/drivers/lib/drivers_cc13x0.am3g(PowerCC26XX.om3g)
                0x000029b4                Power_releaseConstraint
 .text.lfClockReadyCallback
                0x000029e8       0x6c C:/ti/simplelink_cc13x0_sdk_4_20_02_07/source\ti/drivers/lib/drivers_cc13x0.am3g(PowerCC26XX.om3g)
 .text.Power_releaseDependency
                0x00002a54       0xa8 C:/ti/simplelink_cc13x0_sdk_4_20_02_07/source\ti/drivers/lib/drivers_cc13x0.am3g(PowerCC26XX.om3g)
                0x00002a54                Power_releaseDependency
 .text.Power_setConstraint
                0x00002afc       0x30 C:/ti/simplelink_cc13x0_sdk_4_20_02_07/source\ti/drivers/lib/drivers_cc13x0.am3g(PowerCC26XX.om3g)
                0x00002afc                Power_setConstraint
 .text.Power_init
                0x00002b2c      0x144 C:/ti/simplelink_cc13x0_sdk_4_20_02_07/source\ti/drivers/lib/drivers_cc13x0.am3g(PowerCC26XX.om3g)
                0x00002b2c                Power_init
 .text.Power_setDependency
                0x00002c70       0xb0 C:/ti/simplelink_cc13x0_sdk_4_20_02_07/source\ti/drivers/lib/drivers_cc13x0.am3g(PowerCC26XX.om3g)
                0x00002c70                Power_setDependency
 .text.Power_sleep
                0x00002d20      0x250 C:/ti/simplelink_cc13x0_sdk_4_20_02_07/source\ti/drivers/lib/drivers_cc13x0.am3g(PowerCC26XX.om3g)
                0x00002d20                Power_sleep
 .text.PowerCC26XX_calibrate
                0x00002f70       0x68 C:/ti/simplelink_cc13x0_sdk_4_20_02_07/source\ti/drivers/lib/drivers_cc13x0.am3g(PowerCC26XX.om3g)
                0x00002f70                PowerCC26XX_calibrate
 .text.PowerCC26XX_isStableXOSC_HF
                0x00002fd8       0x48 C:/ti/simplelink_cc13x0_sdk_4_20_02_07/source\ti/drivers/lib/drivers_cc13x0.am3g(PowerCC26XX.om3g)
                0x00002fd8                PowerCC26XX_isStableXOSC_HF
 .text.PowerCC26XX_switchXOSC_HF
                0x00003020        0x8 C:/ti/simplelink_cc13x0_sdk_4_20_02_07/source\ti/drivers/lib/drivers_cc13x0.am3g(PowerCC26XX.om3g)
                0x00003020                PowerCC26XX_switchXOSC_HF
 .text.PowerCC26XX_initiateCalibration
                0x00003028       0x74 C:/ti/simplelink_cc13x0_sdk_4_20_02_07/source\ti/drivers/lib/drivers_cc13x0.am3g(PowerCC26XX_calibrateRCOSC.om3g)
                0x00003028                PowerCC26XX_initiateCalibration
 .text.PowerCC26XX_doCalibrate
                0x0000309c      0x1e8 C:/ti/simplelink_cc13x0_sdk_4_20_02_07/source\ti/drivers/lib/drivers_cc13x0.am3g(PowerCC26XX_calibrateRCOSC.om3g)
                0x0000309c                PowerCC26XX_doCalibrate
 .text.PowerCC26XX_auxISR
                0x00003284      0x2f4 C:/ti/simplelink_cc13x0_sdk_4_20_02_07/source\ti/drivers/lib/drivers_cc13x0.am3g(PowerCC26XX_calibrateRCOSC.om3g)
                0x00003284                PowerCC26XX_auxISR
 .text.PowerCC26XX_RCOSC_clockFunc
                0x00003578       0x64 C:/ti/simplelink_cc13x0_sdk_4_20_02_07/source\ti/drivers/lib/drivers_cc13x0.am3g(PowerCC26XX_calibrateRCOSC.om3g)
                0x00003578                PowerCC26XX_RCOSC_clockFunc
 .text.sleep    0x000035dc        0x4 C:/ti/simplelink_cc13x0_sdk_4_20_02_07/kernel/nortos\lib/nortos_cc13x0.am3g(posix_sleep.om3g)
                0x000035dc                sleep
 .text.usleep   0x000035e0        0x4 C:/ti/simplelink_cc13x0_sdk_4_20_02_07/kernel/nortos\lib/nortos_cc13x0.am3g(posix_sleep.om3g)
                0x000035e0                usleep
 .text.NoRTOS_start
                0x000035e4        0x4 C:/ti/simplelink_cc13x0_sdk_4_20_02_07/kernel/nortos\lib/nortos_cc13x0.am3g(NoRTOS.om3g)
                0x000035e4                NoRTOS_start
 .text.clkFxn   0x000035e8        0x4 C:/ti/simplelink_cc13x0_sdk_4_20_02_07/kernel/nortos\lib/nortos_cc13x0.am3g(SemaphoreP_nortos.om3g)
                0x000035e8                clkFxn
 .text.SemaphoreP_construct
                0x000035ec       0x5c C:/ti/simplelink_cc13x0_sdk_4_20_02_07/kernel/nortos\lib/nortos_cc13x0.am3g(SemaphoreP_nortos.om3g)
                0x000035ec                SemaphoreP_construct
 .text.SemaphoreP_constructBinary
                0x00003648       0x2c C:/ti/simplelink_cc13x0_sdk_4_20_02_07/kernel/nortos\lib/nortos_cc13x0.am3g(SemaphoreP_nortos.om3g)
                0x00003648                SemaphoreP_constructBinary
 .text.SemaphoreP_destruct
                0x00003674        0x4 C:/ti/simplelink_cc13x0_sdk_4_20_02_07/kernel/nortos\lib/nortos_cc13x0.am3g(SemaphoreP_nortos.om3g)
                0x00003674                SemaphoreP_destruct
 .text.SemaphoreP_pend
                0x00003678       0xb4 C:/ti/simplelink_cc13x0_sdk_4_20_02_07/kernel/nortos\lib/nortos_cc13x0.am3g(SemaphoreP_nortos.om3g)
                0x00003678                SemaphoreP_pend
 .text.SemaphoreP_post
                0x0000372c       0x4c C:/ti/simplelink_cc13x0_sdk_4_20_02_07/kernel/nortos\lib/nortos_cc13x0.am3g(SemaphoreP_nortos.om3g)
                0x0000372c                SemaphoreP_post
 .text.SwiP_construct.part.0
                0x00003778      0x100 C:/ti/simplelink_cc13x0_sdk_4_20_02_07/kernel/nortos\lib/nortos_cc13x0.am3g(SwiP_nortos.om3g)
 .text.SwiP_Params_init
                0x00003878       0x10 C:/ti/simplelink_cc13x0_sdk_4_20_02_07/kernel/nortos\lib/nortos_cc13x0.am3g(SwiP_nortos.om3g)
                0x00003878                SwiP_Params_init
 .text.SwiP_construct
                0x00003888        0x8 C:/ti/simplelink_cc13x0_sdk_4_20_02_07/kernel/nortos\lib/nortos_cc13x0.am3g(SwiP_nortos.om3g)
                0x00003888                SwiP_construct
 .text.SwiP_disable
                0x00003890       0x1c C:/ti/simplelink_cc13x0_sdk_4_20_02_07/kernel/nortos\lib/nortos_cc13x0.am3g(SwiP_nortos.om3g)
                0x00003890                SwiP_disable
 .text.SwiP_dispatch
                0x000038ac       0xac C:/ti/simplelink_cc13x0_sdk_4_20_02_07/kernel/nortos\lib/nortos_cc13x0.am3g(SwiP_nortos.om3g)
                0x000038ac                SwiP_dispatch
 .text.SwiP_handleHwi
                0x00003958       0x18 C:/ti/simplelink_cc13x0_sdk_4_20_02_07/kernel/nortos\lib/nortos_cc13x0.am3g(SwiP_nortos.om3g)
 .text.SwiP_getTrigger
                0x00003970        0xc C:/ti/simplelink_cc13x0_sdk_4_20_02_07/kernel/nortos\lib/nortos_cc13x0.am3g(SwiP_nortos.om3g)
                0x00003970                SwiP_getTrigger
 .text.SwiP_post
                0x0000397c       0x70 C:/ti/simplelink_cc13x0_sdk_4_20_02_07/kernel/nortos\lib/nortos_cc13x0.am3g(SwiP_nortos.om3g)
                0x0000397c                SwiP_post
 .text.SwiP_or  0x000039ec       0x20 C:/ti/simplelink_cc13x0_sdk_4_20_02_07/kernel/nortos\lib/nortos_cc13x0.am3g(SwiP_nortos.om3g)
                0x000039ec                SwiP_or
 .text.SwiP_restore
                0x00003a0c       0x48 C:/ti/simplelink_cc13x0_sdk_4_20_02_07/kernel/nortos\lib/nortos_cc13x0.am3g(SwiP_nortos.om3g)
                0x00003a0c                SwiP_restore
 .text.ClockP_doTick
                0x00003a54        0xc C:/ti/simplelink_cc13x0_sdk_4_20_02_07/kernel/nortos\lib/nortos_cc13x0.am3g(ClockPTimer_nortos.om3g)
                0x00003a54                ClockP_doTick
 .text.sleepTicks.part.0
                0x00003a60       0x20 C:/ti/simplelink_cc13x0_sdk_4_20_02_07/kernel/nortos\lib/nortos_cc13x0.am3g(ClockPTimer_nortos.om3g)
 .text.ClockP_startup.part.1
                0x00003a80       0xa8 C:/ti/simplelink_cc13x0_sdk_4_20_02_07/kernel/nortos\lib/nortos_cc13x0.am3g(ClockPTimer_nortos.om3g)
 .text.ClockP_Params_init
                0x00003b28       0x10 C:/ti/simplelink_cc13x0_sdk_4_20_02_07/kernel/nortos\lib/nortos_cc13x0.am3g(ClockPTimer_nortos.om3g)
                0x00003b28                ClockP_Params_init
 .text.ClockP_startup
                0x00003b38       0x10 C:/ti/simplelink_cc13x0_sdk_4_20_02_07/kernel/nortos\lib/nortos_cc13x0.am3g(ClockPTimer_nortos.om3g)
                0x00003b38                ClockP_startup
 .text.ClockP_getTicks
                0x00003b48       0x24 C:/ti/simplelink_cc13x0_sdk_4_20_02_07/kernel/nortos\lib/nortos_cc13x0.am3g(ClockPTimer_nortos.om3g)
                0x00003b48                ClockP_getTicks
 .text.ClockP_getTicksUntilInterrupt
                0x00003b6c       0x30 C:/ti/simplelink_cc13x0_sdk_4_20_02_07/kernel/nortos\lib/nortos_cc13x0.am3g(ClockPTimer_nortos.om3g)
                0x00003b6c                ClockP_getTicksUntilInterrupt
 .text.ClockP_walkQueueDynamic
                0x00003b9c       0x70 C:/ti/simplelink_cc13x0_sdk_4_20_02_07/kernel/nortos\lib/nortos_cc13x0.am3g(ClockPTimer_nortos.om3g)
                0x00003b9c                ClockP_walkQueueDynamic
 .text.ClockP_workFuncDynamic
                0x00003c0c       0xc0 C:/ti/simplelink_cc13x0_sdk_4_20_02_07/kernel/nortos\lib/nortos_cc13x0.am3g(ClockPTimer_nortos.om3g)
                0x00003c0c                ClockP_workFuncDynamic
 .text.ClockP_add
                0x00003ccc       0x1c C:/ti/simplelink_cc13x0_sdk_4_20_02_07/kernel/nortos\lib/nortos_cc13x0.am3g(ClockPTimer_nortos.om3g)
                0x00003ccc                ClockP_add
 .text.ClockP_destruct
                0x00003ce8       0x1c C:/ti/simplelink_cc13x0_sdk_4_20_02_07/kernel/nortos\lib/nortos_cc13x0.am3g(ClockPTimer_nortos.om3g)
                0x00003ce8                ClockP_destruct
 .text.ClockP_start
                0x00003d04       0x84 C:/ti/simplelink_cc13x0_sdk_4_20_02_07/kernel/nortos\lib/nortos_cc13x0.am3g(ClockPTimer_nortos.om3g)
                0x00003d04                ClockP_start
 .text.ClockP_construct
                0x00003d88       0x54 C:/ti/simplelink_cc13x0_sdk_4_20_02_07/kernel/nortos\lib/nortos_cc13x0.am3g(ClockPTimer_nortos.om3g)
                0x00003d88                ClockP_construct
 .text.ClockP_stop
                0x00003ddc        0x8 C:/ti/simplelink_cc13x0_sdk_4_20_02_07/kernel/nortos\lib/nortos_cc13x0.am3g(ClockPTimer_nortos.om3g)
                0x00003ddc                ClockP_stop
 .text.ClockP_setTimeout
                0x00003de4        0x4 C:/ti/simplelink_cc13x0_sdk_4_20_02_07/kernel/nortos\lib/nortos_cc13x0.am3g(ClockPTimer_nortos.om3g)
                0x00003de4                ClockP_setTimeout
 .text.ClockP_getTimeout
                0x00003de8       0x14 C:/ti/simplelink_cc13x0_sdk_4_20_02_07/kernel/nortos\lib/nortos_cc13x0.am3g(ClockPTimer_nortos.om3g)
                0x00003de8                ClockP_getTimeout
 .text.ClockP_isActive
                0x00003dfc        0x4 C:/ti/simplelink_cc13x0_sdk_4_20_02_07/kernel/nortos\lib/nortos_cc13x0.am3g(ClockPTimer_nortos.om3g)
                0x00003dfc                ClockP_isActive
 .text.ClockP_sleep
                0x00003e00       0x38 C:/ti/simplelink_cc13x0_sdk_4_20_02_07/kernel/nortos\lib/nortos_cc13x0.am3g(ClockPTimer_nortos.om3g)
                0x00003e00                ClockP_sleep
 .text.ClockP_usleep
                0x00003e38       0x74 C:/ti/simplelink_cc13x0_sdk_4_20_02_07/kernel/nortos\lib/nortos_cc13x0.am3g(ClockPTimer_nortos.om3g)
                0x00003e38                ClockP_usleep
 .text.TimerP_dynamicStub
                0x00003eac       0x18 C:/ti/simplelink_cc13x0_sdk_4_20_02_07/kernel/nortos\lib/nortos_cc13x0.am3g(TimerPCC26XX_nortos.om3g)
                0x00003eac                TimerP_dynamicStub
 .text.TimerP_Params_init
                0x00003ec4       0x10 C:/ti/simplelink_cc13x0_sdk_4_20_02_07/kernel/nortos\lib/nortos_cc13x0.am3g(TimerPCC26XX_nortos.om3g)
                0x00003ec4                TimerP_Params_init
 .text.TimerP_getMaxTicks
                0x00003ed4       0x24 C:/ti/simplelink_cc13x0_sdk_4_20_02_07/kernel/nortos\lib/nortos_cc13x0.am3g(TimerPCC26XX_nortos.om3g)
                0x00003ed4                TimerP_getMaxTicks
 .text.TimerP_setThreshold
                0x00003ef8       0x34 C:/ti/simplelink_cc13x0_sdk_4_20_02_07/kernel/nortos\lib/nortos_cc13x0.am3g(TimerPCC26XX_nortos.om3g)
                0x00003ef8                TimerP_setThreshold
 .text.TimerP_setNextTick
                0x00003f2c       0x30 C:/ti/simplelink_cc13x0_sdk_4_20_02_07/kernel/nortos\lib/nortos_cc13x0.am3g(TimerPCC26XX_nortos.om3g)
                0x00003f2c                TimerP_setNextTick
 .text.TimerP_start
                0x00003f5c       0x80 C:/ti/simplelink_cc13x0_sdk_4_20_02_07/kernel/nortos\lib/nortos_cc13x0.am3g(TimerPCC26XX_nortos.om3g)
                0x00003f5c                TimerP_start
 .text.TimerP_construct.part.0
                0x00003fdc      0x100 C:/ti/simplelink_cc13x0_sdk_4_20_02_07/kernel/nortos\lib/nortos_cc13x0.am3g(TimerPCC26XX_nortos.om3g)
 .text.TimerP_construct
                0x000040dc       0x10 C:/ti/simplelink_cc13x0_sdk_4_20_02_07/kernel/nortos\lib/nortos_cc13x0.am3g(TimerPCC26XX_nortos.om3g)
                0x000040dc                TimerP_construct
 .text.TimerP_getCount64
                0x000040ec        0x4 C:/ti/simplelink_cc13x0_sdk_4_20_02_07/kernel/nortos\lib/nortos_cc13x0.am3g(TimerPCC26XX_nortos.om3g)
                0x000040ec                TimerP_getCount64
 .text.TimerP_getFreq
                0x000040f0        0xc C:/ti/simplelink_cc13x0_sdk_4_20_02_07/kernel/nortos\lib/nortos_cc13x0.am3g(TimerPCC26XX_nortos.om3g)
                0x000040f0                TimerP_getFreq
 .text.TimerP_getCurrentTick
                0x000040fc       0x2c C:/ti/simplelink_cc13x0_sdk_4_20_02_07/kernel/nortos\lib/nortos_cc13x0.am3g(TimerPCC26XX_nortos.om3g)
                0x000040fc                TimerP_getCurrentTick
 .text.HwiP_dispatch
                0x00004128       0x1c C:/ti/simplelink_cc13x0_sdk_4_20_02_07/kernel/nortos\lib/nortos_cc13x0.am3g(HwiPCC26XX_nortos.om3g)
 .text.HwiP_enable
                0x00004144        0x4 C:/ti/simplelink_cc13x0_sdk_4_20_02_07/kernel/nortos\lib/nortos_cc13x0.am3g(HwiPCC26XX_nortos.om3g)
                0x00004144                HwiP_enable
 .text.HwiP_disable
                0x00004148       0x10 C:/ti/simplelink_cc13x0_sdk_4_20_02_07/kernel/nortos\lib/nortos_cc13x0.am3g(HwiPCC26XX_nortos.om3g)
                0x00004148                HwiP_disable
 .text.HwiP_restore
                0x00004158        0x8 C:/ti/simplelink_cc13x0_sdk_4_20_02_07/kernel/nortos\lib/nortos_cc13x0.am3g(HwiPCC26XX_nortos.om3g)
                0x00004158                HwiP_restore
 .text.HwiP_enableInterrupt
                0x00004160        0xc C:/ti/simplelink_cc13x0_sdk_4_20_02_07/kernel/nortos\lib/nortos_cc13x0.am3g(HwiPCC26XX_nortos.om3g)
                0x00004160                HwiP_enableInterrupt
 .text.HwiP_construct
                0x0000416c       0x88 C:/ti/simplelink_cc13x0_sdk_4_20_02_07/kernel/nortos\lib/nortos_cc13x0.am3g(HwiPCC26XX_nortos.om3g)
                0x0000416c                HwiP_construct
 .text.HwiP_Params_init
                0x000041f4       0x14 C:/ti/simplelink_cc13x0_sdk_4_20_02_07/kernel/nortos\lib/nortos_cc13x0.am3g(HwiPCC26XX_nortos.om3g)
                0x000041f4                HwiP_Params_init
 .text.HwiP_setFunc
                0x00004208       0x1c C:/ti/simplelink_cc13x0_sdk_4_20_02_07/kernel/nortos\lib/nortos_cc13x0.am3g(HwiPCC26XX_nortos.om3g)
                0x00004208                HwiP_setFunc
 .text.HwiP_post
                0x00004224        0xc C:/ti/simplelink_cc13x0_sdk_4_20_02_07/kernel/nortos\lib/nortos_cc13x0.am3g(HwiPCC26XX_nortos.om3g)
                0x00004224                HwiP_post
 .text.HwiP_inISR
                0x00004230       0x14 C:/ti/simplelink_cc13x0_sdk_4_20_02_07/kernel/nortos\lib/nortos_cc13x0.am3g(HwiPCC26XX_nortos.om3g)
                0x00004230                HwiP_inISR
 .text.PowerCC26XX_standbyPolicy
                0x00004244      0x100 C:/ti/simplelink_cc13x0_sdk_4_20_02_07/kernel/nortos\lib/nortos_cc13x0.am3g(PowerCC26XX_nortos.om3g)
                0x00004244                PowerCC26XX_standbyPolicy
 .text.PowerCC26XX_schedulerDisable
                0x00004344       0x10 C:/ti/simplelink_cc13x0_sdk_4_20_02_07/kernel/nortos\lib/nortos_cc13x0.am3g(PowerCC26XX_nortos.om3g)
                0x00004344                PowerCC26XX_schedulerDisable
 .text.PowerCC26XX_schedulerRestore
                0x00004354        0xc C:/ti/simplelink_cc13x0_sdk_4_20_02_07/kernel/nortos\lib/nortos_cc13x0.am3g(PowerCC26XX_nortos.om3g)
                0x00004354                PowerCC26XX_schedulerRestore
 .text.resetISR
                0x00004360       0x10 C:/ti/simplelink_cc13x0_sdk_4_20_02_07/kernel/nortos\lib/nortos_cc13x0.am3g(startup_cc13xx_cc26xx_gcc.om3g)
                0x00004360                resetISR
 .text.nmiISR   0x00004370        0x4 C:/ti/simplelink_cc13x0_sdk_4_20_02_07/kernel/nortos\lib/nortos_cc13x0.am3g(startup_cc13xx_cc26xx_gcc.om3g)
 .text.faultISR
                0x00004374        0x4 C:/ti/simplelink_cc13x0_sdk_4_20_02_07/kernel/nortos\lib/nortos_cc13x0.am3g(startup_cc13xx_cc26xx_gcc.om3g)
 .text.busFaultHandler
                0x00004378        0x4 C:/ti/simplelink_cc13x0_sdk_4_20_02_07/kernel/nortos\lib/nortos_cc13x0.am3g(startup_cc13xx_cc26xx_gcc.om3g)
 .text.defaultHandler
                0x0000437c        0x4 C:/ti/simplelink_cc13x0_sdk_4_20_02_07/kernel/nortos\lib/nortos_cc13x0.am3g(startup_cc13xx_cc26xx_gcc.om3g)
 .text.localProgramStart
                0x00004380       0x8c C:/ti/simplelink_cc13x0_sdk_4_20_02_07/kernel/nortos\lib/nortos_cc13x0.am3g(startup_cc13xx_cc26xx_gcc.om3g)
                0x00004380                localProgramStart
 .text._fini    0x0000440c        0x4 C:/ti/simplelink_cc13x0_sdk_4_20_02_07/kernel/nortos\lib/nortos_cc13x0.am3g(startup_cc13xx_cc26xx_gcc.om3g)
                0x0000440c                _fini
 .text.QueueP_init
                0x00004410        0x8 C:/ti/simplelink_cc13x0_sdk_4_20_02_07/kernel/nortos\lib/nortos_cc13x0.am3g(QueueP_nortos.om3g)
                0x00004410                QueueP_init
 .text.QueueP_empty
                0x00004418        0xc C:/ti/simplelink_cc13x0_sdk_4_20_02_07/kernel/nortos\lib/nortos_cc13x0.am3g(QueueP_nortos.om3g)
                0x00004418                QueueP_empty
 .text.QueueP_get
                0x00004424       0x1c C:/ti/simplelink_cc13x0_sdk_4_20_02_07/kernel/nortos\lib/nortos_cc13x0.am3g(QueueP_nortos.om3g)
                0x00004424                QueueP_get
 .text.QueueP_head
                0x00004440        0x4 C:/ti/simplelink_cc13x0_sdk_4_20_02_07/kernel/nortos\lib/nortos_cc13x0.am3g(QueueP_nortos.om3g)
                0x00004440                QueueP_head
 .text.QueueP_next
                0x00004444        0x4 C:/ti/simplelink_cc13x0_sdk_4_20_02_07/kernel/nortos\lib/nortos_cc13x0.am3g(QueueP_nortos.om3g)
                0x00004444                QueueP_next
 .text.QueueP_put
                0x00004448       0x20 C:/ti/simplelink_cc13x0_sdk_4_20_02_07/kernel/nortos\lib/nortos_cc13x0.am3g(QueueP_nortos.om3g)
                0x00004448                QueueP_put
 .text.QueueP_remove
                0x00004468       0x10 C:/ti/simplelink_cc13x0_sdk_4_20_02_07/kernel/nortos\lib/nortos_cc13x0.am3g(QueueP_nortos.om3g)
                0x00004468                QueueP_remove
 .text.NOROM_ChipInfo_GetPackageType
                0x00004478       0x18 C:/ti/simplelink_cc13x0_sdk_4_20_02_07/source\ti/devices/cc13x0/driverlib/bin/gcc/driverlib.lib(chipinfo.o)
                0x00004478                NOROM_ChipInfo_GetPackageType
 .text.NOROM_ChipInfo_GetChipFamily
                0x00004490       0x1c C:/ti/simplelink_cc13x0_sdk_4_20_02_07/source\ti/devices/cc13x0/driverlib/bin/gcc/driverlib.lib(chipinfo.o)
                0x00004490                NOROM_ChipInfo_GetChipFamily
 .text.NOROM_ChipInfo_GetChipType
                0x000044ac       0x30 C:/ti/simplelink_cc13x0_sdk_4_20_02_07/source\ti/devices/cc13x0/driverlib/bin/gcc/driverlib.lib(chipinfo.o)
                0x000044ac                NOROM_ChipInfo_GetChipType
 .text.NOROM_ChipInfo_GetHwRevision
                0x000044dc       0x3c C:/ti/simplelink_cc13x0_sdk_4_20_02_07/source\ti/devices/cc13x0/driverlib/bin/gcc/driverlib.lib(chipinfo.o)
                0x000044dc                NOROM_ChipInfo_GetHwRevision
 .text.NOROM_ThisLibraryIsFor_CC13x0_HwRev20AndLater_HaltIfViolated
                0x00004518       0x16 C:/ti/simplelink_cc13x0_sdk_4_20_02_07/source\ti/devices/cc13x0/driverlib/bin/gcc/driverlib.lib(chipinfo.o)
                0x00004518                NOROM_ThisLibraryIsFor_CC13x0_HwRev20AndLater_HaltIfViolated
 *fill*         0x0000452e        0x2 
 .text.TrimAfterColdResetWakeupFromShutDown
                0x00004530       0xd0 C:/ti/simplelink_cc13x0_sdk_4_20_02_07/source\ti/devices/cc13x0/driverlib/bin/gcc/driverlib.lib(setup.o)
 .text.NOROM_SetupTrimDevice
                0x00004600       0xa4 C:/ti/simplelink_cc13x0_sdk_4_20_02_07/source\ti/devices/cc13x0/driverlib/bin/gcc/driverlib.lib(setup.o)
                0x00004600                NOROM_SetupTrimDevice
 .text.NOROM_SysCtrlSetRechargeBeforePowerDown
                0x000046a4      0x210 C:/ti/simplelink_cc13x0_sdk_4_20_02_07/source\ti/devices/cc13x0/driverlib/bin/gcc/driverlib.lib(sys_ctrl.o)
                0x000046a4                NOROM_SysCtrlSetRechargeBeforePowerDown
 .text.NOROM_SysCtrlAdjustRechargeAfterPowerDown
                0x000048b4       0x6c C:/ti/simplelink_cc13x0_sdk_4_20_02_07/source\ti/devices/cc13x0/driverlib/bin/gcc/driverlib.lib(sys_ctrl.o)
                0x000048b4                NOROM_SysCtrlAdjustRechargeAfterPowerDown
 .text.NOROM_SysCtrl_DCDC_VoltageConditionalControl
                0x00004920       0x78 C:/ti/simplelink_cc13x0_sdk_4_20_02_07/source\ti/devices/cc13x0/driverlib/bin/gcc/driverlib.lib(sys_ctrl.o)
                0x00004920                NOROM_SysCtrl_DCDC_VoltageConditionalControl
 .text.NOROM_CPUcpsid
                0x00004998        0x8 C:/ti/simplelink_cc13x0_sdk_4_20_02_07/source\ti/devices/cc13x0/driverlib/bin/gcc/driverlib.lib(cpu.o)
                0x00004998                NOROM_CPUcpsid
 .text.NOROM_CPUcpsie
                0x000049a0        0x8 C:/ti/simplelink_cc13x0_sdk_4_20_02_07/source\ti/devices/cc13x0/driverlib/bin/gcc/driverlib.lib(cpu.o)
                0x000049a0                NOROM_CPUcpsie
 .text.NOROM_RFCCpeIntGetAndClear
                0x000049a8       0x18 C:/ti/simplelink_cc13x0_sdk_4_20_02_07/source\ti/devices/cc13x0/driverlib/bin/gcc/driverlib.lib(rfc.o)
                0x000049a8                NOROM_RFCCpeIntGetAndClear
 .text.NOROM_RFCDoorbellSendTo
                0x000049c0       0x2c C:/ti/simplelink_cc13x0_sdk_4_20_02_07/source\ti/devices/cc13x0/driverlib/bin/gcc/driverlib.lib(rfc.o)
                0x000049c0                NOROM_RFCDoorbellSendTo
 .text.NOROM_RFCSynthPowerDown
                0x000049ec       0x4c C:/ti/simplelink_cc13x0_sdk_4_20_02_07/source\ti/devices/cc13x0/driverlib/bin/gcc/driverlib.lib(rfc.o)
                0x000049ec                NOROM_RFCSynthPowerDown
 .text.NOROM_RFCCpePatchReset
                0x00004a38       0x60 C:/ti/simplelink_cc13x0_sdk_4_20_02_07/source\ti/devices/cc13x0/driverlib/bin/gcc/driverlib.lib(rfc.o)
                0x00004a38                NOROM_RFCCpePatchReset
 .text.NOROM_RFCOverrideSearch
                0x00004a98       0x26 C:/ti/simplelink_cc13x0_sdk_4_20_02_07/source\ti/devices/cc13x0/driverlib/bin/gcc/driverlib.lib(rfc.o)
                0x00004a98                NOROM_RFCOverrideSearch
 *fill*         0x00004abe        0x2 
 .text.NOROM_RFCHwIntGetAndClear
                0x00004ac0       0x10 C:/ti/simplelink_cc13x0_sdk_4_20_02_07/source\ti/devices/cc13x0/driverlib/bin/gcc/driverlib.lib(rfc.o)
                0x00004ac0                NOROM_RFCHwIntGetAndClear
 .text.NOROM_RFCRfTrimRead
                0x00004ad0      0x150 C:/ti/simplelink_cc13x0_sdk_4_20_02_07/source\ti/devices/cc13x0/driverlib/bin/gcc/driverlib.lib(rfc.o)
                0x00004ad0                NOROM_RFCRfTrimRead
 .text.NOROM_RFCRfTrimSet
                0x00004c20       0x20 C:/ti/simplelink_cc13x0_sdk_4_20_02_07/source\ti/devices/cc13x0/driverlib/bin/gcc/driverlib.lib(rfc.o)
                0x00004c20                NOROM_RFCRfTrimSet
 .text.NOROM_RFCRTrim
                0x00004c40      0x104 C:/ti/simplelink_cc13x0_sdk_4_20_02_07/source\ti/devices/cc13x0/driverlib/bin/gcc/driverlib.lib(rfc.o)
                0x00004c40                NOROM_RFCRTrim
 .text.NOROM_RFCOverrideUpdate
                0x00004d44        0x4 C:/ti/simplelink_cc13x0_sdk_4_20_02_07/source\ti/devices/cc13x0/driverlib/bin/gcc/driverlib.lib(rfc.o)
                0x00004d44                NOROM_RFCOverrideUpdate
 .text.NOROM_RFCAdi3VcoLdoVoltageMode
                0x00004d48       0x1c C:/ti/simplelink_cc13x0_sdk_4_20_02_07/source\ti/devices/cc13x0/driverlib/bin/gcc/driverlib.lib(rfc.o)
                0x00004d48                NOROM_RFCAdi3VcoLdoVoltageMode
 .text.NOROM_AONRTCCurrentCompareValueGet
                0x00004d64       0x20 C:/ti/simplelink_cc13x0_sdk_4_20_02_07/source\ti/devices/cc13x0/driverlib/bin/gcc/driverlib.lib(aon_rtc.o)
                0x00004d64                NOROM_AONRTCCurrentCompareValueGet
 .text.NOROM_AONRTCCurrent64BitValueGet
                0x00004d84       0x1c C:/ti/simplelink_cc13x0_sdk_4_20_02_07/source\ti/devices/cc13x0/driverlib/bin/gcc/driverlib.lib(aon_rtc.o)
                0x00004d84                NOROM_AONRTCCurrent64BitValueGet
 .text.NOROM_SetupSetVddrLevel
                0x00004da0       0x78 C:/ti/simplelink_cc13x0_sdk_4_20_02_07/source\ti/devices/cc13x0/driverlib/bin/gcc/driverlib.lib(setup_rom.o)
                0x00004da0                NOROM_SetupSetVddrLevel
 .text.NOROM_SetupAfterColdResetWakeupFromShutDownCfg1
                0x00004e18       0xac C:/ti/simplelink_cc13x0_sdk_4_20_02_07/source\ti/devices/cc13x0/driverlib/bin/gcc/driverlib.lib(setup_rom.o)
                0x00004e18                NOROM_SetupAfterColdResetWakeupFromShutDownCfg1
 .text.NOROM_SetupGetTrimForAnabypassValue1
                0x00004ec4       0x5c C:/ti/simplelink_cc13x0_sdk_4_20_02_07/source\ti/devices/cc13x0/driverlib/bin/gcc/driverlib.lib(setup_rom.o)
                0x00004ec4                NOROM_SetupGetTrimForAnabypassValue1
 .text.NOROM_SetupGetTrimForRcOscLfRtuneCtuneTrim
                0x00004f20       0x18 C:/ti/simplelink_cc13x0_sdk_4_20_02_07/source\ti/devices/cc13x0/driverlib/bin/gcc/driverlib.lib(setup_rom.o)
                0x00004f20                NOROM_SetupGetTrimForRcOscLfRtuneCtuneTrim
 .text.NOROM_SetupGetTrimForAmpcompCtrl
                0x00004f38       0x54 C:/ti/simplelink_cc13x0_sdk_4_20_02_07/source\ti/devices/cc13x0/driverlib/bin/gcc/driverlib.lib(setup_rom.o)
                0x00004f38                NOROM_SetupGetTrimForAmpcompCtrl
 .text.NOROM_SetupGetTrimForDblrLoopFilterResetVoltage
                0x00004f8c       0x14 C:/ti/simplelink_cc13x0_sdk_4_20_02_07/source\ti/devices/cc13x0/driverlib/bin/gcc/driverlib.lib(setup_rom.o)
                0x00004f8c                NOROM_SetupGetTrimForDblrLoopFilterResetVoltage
 .text.NOROM_SetupGetTrimForAdcShModeEn
                0x00004fa0       0x14 C:/ti/simplelink_cc13x0_sdk_4_20_02_07/source\ti/devices/cc13x0/driverlib/bin/gcc/driverlib.lib(setup_rom.o)
                0x00004fa0                NOROM_SetupGetTrimForAdcShModeEn
 .text.NOROM_SetupGetTrimForAdcShVbufEn
                0x00004fb4       0x14 C:/ti/simplelink_cc13x0_sdk_4_20_02_07/source\ti/devices/cc13x0/driverlib/bin/gcc/driverlib.lib(setup_rom.o)
                0x00004fb4                NOROM_SetupGetTrimForAdcShVbufEn
 .text.NOROM_SetupGetTrimForXoscHfCtl
                0x00004fc8       0x28 C:/ti/simplelink_cc13x0_sdk_4_20_02_07/source\ti/devices/cc13x0/driverlib/bin/gcc/driverlib.lib(setup_rom.o)
                0x00004fc8                NOROM_SetupGetTrimForXoscHfCtl
 .text.NOROM_SetupGetTrimForXoscHfFastStart
                0x00004ff0       0x10 C:/ti/simplelink_cc13x0_sdk_4_20_02_07/source\ti/devices/cc13x0/driverlib/bin/gcc/driverlib.lib(setup_rom.o)
                0x00004ff0                NOROM_SetupGetTrimForXoscHfFastStart
 .text.NOROM_SetupGetTrimForRadcExtCfg
                0x00005000       0x28 C:/ti/simplelink_cc13x0_sdk_4_20_02_07/source\ti/devices/cc13x0/driverlib/bin/gcc/driverlib.lib(setup_rom.o)
                0x00005000                NOROM_SetupGetTrimForRadcExtCfg
 .text.NOROM_SetupGetTrimForRcOscLfIBiasTrim
                0x00005028       0x14 C:/ti/simplelink_cc13x0_sdk_4_20_02_07/source\ti/devices/cc13x0/driverlib/bin/gcc/driverlib.lib(setup_rom.o)
                0x00005028                NOROM_SetupGetTrimForRcOscLfIBiasTrim
 .text.NOROM_SetupGetTrimForXoscLfRegulatorAndCmirrwrRatio
                0x0000503c       0x14 C:/ti/simplelink_cc13x0_sdk_4_20_02_07/source\ti/devices/cc13x0/driverlib/bin/gcc/driverlib.lib(setup_rom.o)
                0x0000503c                NOROM_SetupGetTrimForXoscLfRegulatorAndCmirrwrRatio
 .text.NOROM_SetupAfterColdResetWakeupFromShutDownCfg2
                0x00005050      0x124 C:/ti/simplelink_cc13x0_sdk_4_20_02_07/source\ti/devices/cc13x0/driverlib/bin/gcc/driverlib.lib(setup_rom.o)
                0x00005050                NOROM_SetupAfterColdResetWakeupFromShutDownCfg2
 .text.NOROM_SetupSetCacheModeAccordingToCcfgSetting
                0x00005174       0x6c C:/ti/simplelink_cc13x0_sdk_4_20_02_07/source\ti/devices/cc13x0/driverlib/bin/gcc/driverlib.lib(setup_rom.o)
                0x00005174                NOROM_SetupSetCacheModeAccordingToCcfgSetting
 .text.NOROM_SetupSetAonRtcSubSecInc
                0x000051e0       0x28 C:/ti/simplelink_cc13x0_sdk_4_20_02_07/source\ti/devices/cc13x0/driverlib/bin/gcc/driverlib.lib(setup_rom.o)
                0x000051e0                NOROM_SetupSetAonRtcSubSecInc
 .text.NOROM_SetupAfterColdResetWakeupFromShutDownCfg3
                0x00005208      0x14c C:/ti/simplelink_cc13x0_sdk_4_20_02_07/source\ti/devices/cc13x0/driverlib/bin/gcc/driverlib.lib(setup_rom.o)
                0x00005208                NOROM_SetupAfterColdResetWakeupFromShutDownCfg3
 .text.NOROM_IntRegister
                0x00005354       0x34 C:/ti/simplelink_cc13x0_sdk_4_20_02_07/source\ti/devices/cc13x0/driverlib/bin/gcc/driverlib.lib(interrupt.o)
                0x00005354                NOROM_IntRegister
 .text.NOROM_OSCClockSourceSet
                0x00005388       0x5c C:/ti/simplelink_cc13x0_sdk_4_20_02_07/source\ti/devices/cc13x0/driverlib/bin/gcc/driverlib.lib(osc.o)
                0x00005388                NOROM_OSCClockSourceSet
 .text.NOROM_OSCClockSourceGet
                0x000053e4       0x2c C:/ti/simplelink_cc13x0_sdk_4_20_02_07/source\ti/devices/cc13x0/driverlib/bin/gcc/driverlib.lib(osc.o)
                0x000053e4                NOROM_OSCClockSourceGet
 .text.NOROM_OSCHF_TurnOnXosc
                0x00005410       0x18 C:/ti/simplelink_cc13x0_sdk_4_20_02_07/source\ti/devices/cc13x0/driverlib/bin/gcc/driverlib.lib(osc.o)
                0x00005410                NOROM_OSCHF_TurnOnXosc
 .text.NOROM_OSCHF_AttemptToSwitchToXosc
                0x00005428       0x64 C:/ti/simplelink_cc13x0_sdk_4_20_02_07/source\ti/devices/cc13x0/driverlib/bin/gcc/driverlib.lib(osc.o)
                0x00005428                NOROM_OSCHF_AttemptToSwitchToXosc
 .text.NOROM_OSCHF_SwitchToRcOscTurnOffXosc
                0x0000548c       0x34 C:/ti/simplelink_cc13x0_sdk_4_20_02_07/source\ti/devices/cc13x0/driverlib/bin/gcc/driverlib.lib(osc.o)
                0x0000548c                NOROM_OSCHF_SwitchToRcOscTurnOffXosc
 .text.NOROM_OSC_HPOSCRelativeFrequencyOffsetGet
                0x000054c0       0x3c C:/ti/simplelink_cc13x0_sdk_4_20_02_07/source\ti/devices/cc13x0/driverlib/bin/gcc/driverlib.lib(osc.o)
                0x000054c0                NOROM_OSC_HPOSCRelativeFrequencyOffsetGet
 .text.NOROM_OSC_HPOSCRelativeFrequencyOffsetToRFCoreFormatConvert
                0x000054fc        0xc C:/ti/simplelink_cc13x0_sdk_4_20_02_07/source\ti/devices/cc13x0/driverlib/bin/gcc/driverlib.lib(osc.o)
                0x000054fc                NOROM_OSC_HPOSCRelativeFrequencyOffsetToRFCoreFormatConvert
 .text.NOROM_AONBatMonTemperatureGetDegC
                0x00005508       0x30 C:/ti/simplelink_cc13x0_sdk_4_20_02_07/source\ti/devices/cc13x0/driverlib/bin/gcc/driverlib.lib(aon_batmon.o)
                0x00005508                NOROM_AONBatMonTemperatureGetDegC
 .text.SafeHapiVoid
                0x00005538       0x28 C:/ti/simplelink_cc13x0_sdk_4_20_02_07/source\ti/devices/cc13x0/driverlib/bin/gcc/driverlib.lib(adi.o)
                0x00005538                SafeHapiVoid
 .text.NOROM_VIMSModeGet
                0x00005560        0xe C:/ti/simplelink_cc13x0_sdk_4_20_02_07/source\ti/devices/cc13x0/driverlib/bin/gcc/driverlib.lib(vims.o)
                0x00005560                NOROM_VIMSModeGet
 *fill*         0x0000556e        0x2 
 .text.AuxAdiDdiSafeWrite.constprop.1
                0x00005570       0x28 C:/ti/simplelink_cc13x0_sdk_4_20_02_07/source\ti/devices/cc13x0/driverlib/bin/gcc/driverlib.lib(ddi.o)
 .text.NOROM_DDI32RegWrite
                0x00005598        0x8 C:/ti/simplelink_cc13x0_sdk_4_20_02_07/source\ti/devices/cc13x0/driverlib/bin/gcc/driverlib.lib(ddi.o)
                0x00005598                NOROM_DDI32RegWrite
 .text.memcpy   0x000055a0       0x16 C:/ti/gcc-arm-none-eabi_7_2_1/arm-none-eabi/lib/thumb/v7-m\libc_nano.a(lib_a-memcpy-stub.o)
                0x000055a0                memcpy
 .text.memset   0x000055b6       0x10 C:/ti/gcc-arm-none-eabi_7_2_1/arm-none-eabi/lib/thumb/v7-m\libc_nano.a(lib_a-memset.o)
                0x000055b6                memset
                0x000055c8                . = ALIGN (0x4)
 *fill*         0x000055c6        0x2 
 *(.ctors)
                0x000055c8                . = ALIGN (0x4)
 *(.dtors)
                0x000055c8                . = ALIGN (0x4)
                0x000055c8                __init_array_start = .
 *(.init_array*)
                0x000055c8                __init_array_end = .
 *(.init)
 *(.fini*)
                [!provide]                PROVIDE (__etext, .)
                [!provide]                PROVIDE (_etext, .)
                [!provide]                PROVIDE (etext, .)

.glue_7         0x000055c8        0x0
 .glue_7        0x000055c8        0x0 linker stubs

.glue_7t        0x000055c8        0x0
 .glue_7t       0x000055c8        0x0 linker stubs

.vfp11_veneer   0x000055c8        0x0
 .vfp11_veneer  0x000055c8        0x0 linker stubs

.v4_bx          0x000055c8        0x0
 .v4_bx         0x000055c8        0x0 linker stubs

.iplt           0x000055c8        0x0
 .iplt          0x000055c8        0x0 ./CC1310_LAUNCHXL.o

.rodata         0x000055c8     0x12cc
 *(.rodata)
 *(.rodata.*)
 .rodata.GPIOCC26XX_config
                0x000055c8       0x14 ./CC1310_LAUNCHXL.o
                0x000055c8                GPIOCC26XX_config
 .rodata.BoardGpioInitTable
                0x000055dc        0x8 ./CC1310_LAUNCHXL.o
                0x000055dc                BoardGpioInitTable
 .rodata.PINCC26XX_hwAttrs
                0x000055e4        0x8 ./CC1310_LAUNCHXL.o
                0x000055e4                PINCC26XX_hwAttrs
 .rodata.PowerCC26XX_config
                0x000055ec       0x18 ./CC1310_LAUNCHXL.o
                0x000055ec                PowerCC26XX_config
 .rodata.RFCC26XX_hwAttrs
                0x00005604        0xc ./CC1310_LAUNCHXL.o
                0x00005604                RFCC26XX_hwAttrs
 .rodata.patchImageGenook
                0x00005610      0x408 ./smartrf_settings/smartrf_settings.o
 .rodata.patchGenookRfe
                0x00005a18      0x6a4 ./smartrf_settings/smartrf_settings.o
 .rodata.patchGenookMce
                0x000060bc      0x73c ./smartrf_settings/smartrf_settings.o
 .rodata.inPinTypes
                0x000067f8        0xc C:/ti/simplelink_cc13x0_sdk_4_20_02_07/source\ti/drivers/lib/drivers_cc13x0.am3g(GPIOCC26XX.om3g)
                0x000067f8                inPinTypes
 .rodata.interruptType
                0x00006804       0x18 C:/ti/simplelink_cc13x0_sdk_4_20_02_07/source\ti/drivers/lib/drivers_cc13x0.am3g(GPIOCC26XX.om3g)
 .rodata.outPinStrengths
                0x0000681c        0xc C:/ti/simplelink_cc13x0_sdk_4_20_02_07/source\ti/drivers/lib/drivers_cc13x0.am3g(GPIOCC26XX.om3g)
                0x0000681c                outPinStrengths
 .rodata.outPinTypes
                0x00006828       0x10 C:/ti/simplelink_cc13x0_sdk_4_20_02_07/source\ti/drivers/lib/drivers_cc13x0.am3g(GPIOCC26XX.om3g)
                0x00006828                outPinTypes
 .rodata.resourceDB
                0x00006838       0x4c C:/ti/simplelink_cc13x0_sdk_4_20_02_07/source\ti/drivers/lib/drivers_cc13x0.am3g(PowerCC26XX.om3g)
                0x00006838                resourceDB
 .rodata.SwiP_defaultParams
                0x00006884       0x10 C:/ti/simplelink_cc13x0_sdk_4_20_02_07/kernel/nortos\lib/nortos_cc13x0.am3g(SwiP_nortos.om3g)

.data           0x20000000      0x200 load address 0x00006894
                0x00006894                __data_load__ = LOADADDR (.data)
                0x20000000                __data_start__ = .
 *(.data)
 *(.data.*)
 .data.gpioPinConfigs
                0x20000000        0x4 ./CC1310_LAUNCHXL.o
                0x20000000                gpioPinConfigs
 .data.RF_prop  0x20000004       0x10 ./smartrf_settings/smartrf_settings.o
                0x20000004                RF_prop
 .data.pOverrides
                0x20000014       0x64 ./smartrf_settings/smartrf_settings.o
                0x20000014                pOverrides
 .data.RF_cmdPropRadioDivSetup
                0x20000078       0x28 ./smartrf_settings/smartrf_settings.o
                0x20000078                RF_cmdPropRadioDivSetup
 .data.RF_cmdFs
                0x200000a0       0x18 ./smartrf_settings/smartrf_settings.o
                0x200000a0                RF_cmdFs
 .data.RF_cmdPropTx
                0x200000b8       0x18 ./smartrf_settings/smartrf_settings.o
                0x200000b8                RF_cmdPropTx
 .data.PowerCC26XX_module
                0x200000d0      0x114 C:/ti/simplelink_cc13x0_sdk_4_20_02_07/source\ti/drivers/lib/drivers_cc13x0.am3g(PowerCC26XX.om3g)
                0x200000d0                PowerCC26XX_module
 .data.SemaphoreP_defaultParams
                0x200001e4        0x8 C:/ti/simplelink_cc13x0_sdk_4_20_02_07/kernel/nortos\lib/nortos_cc13x0.am3g(SemaphoreP_nortos.om3g)
                0x200001e4                SemaphoreP_defaultParams
 .data.ClockP_tickPeriod
                0x200001ec        0x4 C:/ti/simplelink_cc13x0_sdk_4_20_02_07/kernel/nortos\lib/nortos_cc13x0.am3g(ClockPTimer_nortos.om3g)
                0x200001ec                ClockP_tickPeriod
 .data.TimerP_defaultParams
                0x200001f0        0xc C:/ti/simplelink_cc13x0_sdk_4_20_02_07/kernel/nortos\lib/nortos_cc13x0.am3g(TimerPCC26XX_nortos.om3g)
 .data.HwiP_swiPIntNum
                0x200001fc        0x4 C:/ti/simplelink_cc13x0_sdk_4_20_02_07/kernel/nortos\lib/nortos_cc13x0.am3g(HwiPCC26XX_nortos.om3g)
                0x200001fc                HwiP_swiPIntNum
                0x20000200                . = ALIGN (0x4)
                0x20000200                __data_end__ = .

.igot.plt       0x20000200        0x0 load address 0x00006a94
 .igot.plt      0x20000200        0x0 ./CC1310_LAUNCHXL.o

vtable_ram      0x20000200       0xc8 load address 0x00006a94
 vtable_ram     0x20000200       0xc8 C:/ti/simplelink_cc13x0_sdk_4_20_02_07/source\ti/devices/cc13x0/driverlib/bin/gcc/driverlib.lib(interrupt.o)

.ARM.exidx      0x00006b5c        0x8
                0x00006b5c                __exidx_start = .
 *(.ARM.exidx* .gnu.linkonce.armexidx.*)
 .ARM.exidx     0x00006b5c        0x8 c:/ti/gcc-arm-none-eabi_7_2_1/bin/../lib/gcc/arm-none-eabi/7.2.1/thumb/v7-m\libgcc.a(_udivmoddi4.o)
                0x00006b64                __exidx_end = .

.ARM.extab
 *(.ARM.extab* .gnu.linkonce.armextab.*)

.nvs
 *(.nvs)

.ccfg           0x0001ffa8       0x58
 *(.ccfg)
 .ccfg          0x0001ffa8       0x58 ./ccfg.o
                0x0001ffa8                __ccfg

.rel.dyn        0x00020000        0x0
 .rel.iplt      0x00020000        0x0 ./CC1310_LAUNCHXL.o

.bss            0x200002c8      0x808
                0x200002c8                __bss_start__ = .
 *(.shbss)
 *(.bss)
 *(.bss.*)
 .bss.gpioCallbackFunctions
                0x200002c8       0x10 ./CC1310_LAUNCHXL.o
                0x200002c8                gpioCallbackFunctions
 .bss.rfObject  0x200002d8       0xa8 ./rfPacketTx.o
 .bss.rfHandle  0x20000380        0x4 ./rfPacketTx.o
 .bss.packet    0x20000384       0x20 ./rfPacketTx.o
 .bss.RF_Sch    0x200003a4       0x30 C:/ti/simplelink_cc13x0_sdk_4_20_02_07/source\ti/drivers/rf/lib/rf_multiMode_cc13x0.am3g(RFCC26XX_multiMode.om3g)
 .bss.RF_clkInactivityObj
                0x200003d4       0x24 C:/ti/simplelink_cc13x0_sdk_4_20_02_07/source\ti/drivers/rf/lib/rf_multiMode_cc13x0.am3g(RFCC26XX_multiMode.om3g)
 .bss.RF_clkPowerUpObj
                0x200003f8       0x24 C:/ti/simplelink_cc13x0_sdk_4_20_02_07/source\ti/drivers/rf/lib/rf_multiMode_cc13x0.am3g(RFCC26XX_multiMode.om3g)
 *fill*         0x2000041c        0x4 
 .bss.RF_cmdPool
                0x20000420      0x200 C:/ti/simplelink_cc13x0_sdk_4_20_02_07/source\ti/drivers/rf/lib/rf_multiMode_cc13x0.am3g(RFCC26XX_multiMode.om3g)
 .bss.RF_cmdQ   0x20000620       0x20 C:/ti/simplelink_cc13x0_sdk_4_20_02_07/source\ti/drivers/rf/lib/rf_multiMode_cc13x0.am3g(RFCC26XX_multiMode.om3g)
 .bss.RF_core   0x20000640       0x10 C:/ti/simplelink_cc13x0_sdk_4_20_02_07/source\ti/drivers/rf/lib/rf_multiMode_cc13x0.am3g(RFCC26XX_multiMode.om3g)
 .bss.RF_currClient
                0x20000650        0x4 C:/ti/simplelink_cc13x0_sdk_4_20_02_07/source\ti/drivers/rf/lib/rf_multiMode_cc13x0.am3g(RFCC26XX_multiMode.om3g)
 .bss.RF_errTolValInUs
                0x20000654        0x4 C:/ti/simplelink_cc13x0_sdk_4_20_02_07/source\ti/drivers/rf/lib/rf_multiMode_cc13x0.am3g(RFCC26XX_multiMode.om3g)
 .bss.RF_hwiCpe0Obj
                0x20000658       0x1c C:/ti/simplelink_cc13x0_sdk_4_20_02_07/source\ti/drivers/rf/lib/rf_multiMode_cc13x0.am3g(RFCC26XX_multiMode.om3g)
 .bss.RF_hwiHwObj
                0x20000674       0x1c C:/ti/simplelink_cc13x0_sdk_4_20_02_07/source\ti/drivers/rf/lib/rf_multiMode_cc13x0.am3g(RFCC26XX_multiMode.om3g)
 .bss.RF_numClients
                0x20000690        0x1 C:/ti/simplelink_cc13x0_sdk_4_20_02_07/source\ti/drivers/rf/lib/rf_multiMode_cc13x0.am3g(RFCC26XX_multiMode.om3g)
 .bss.RF_powerConstraint
                0x20000691        0x1 C:/ti/simplelink_cc13x0_sdk_4_20_02_07/source\ti/drivers/rf/lib/rf_multiMode_cc13x0.am3g(RFCC26XX_multiMode.om3g)
 *fill*         0x20000692        0x6 
 .bss.RF_ratModule
                0x20000698       0x68 C:/ti/simplelink_cc13x0_sdk_4_20_02_07/source\ti/drivers/rf/lib/rf_multiMode_cc13x0.am3g(RFCC26XX_multiMode.om3g)
 .bss.RF_ratSyncCmd
                0x20000700       0x14 C:/ti/simplelink_cc13x0_sdk_4_20_02_07/source\ti/drivers/rf/lib/rf_multiMode_cc13x0.am3g(RFCC26XX_multiMode.om3g)
 .bss.RF_rtcBeginSequence
                0x20000714        0x4 C:/ti/simplelink_cc13x0_sdk_4_20_02_07/source\ti/drivers/rf/lib/rf_multiMode_cc13x0.am3g(RFCC26XX_multiMode.om3g)
 .bss.RF_rtcTimestampA
                0x20000718        0x4 C:/ti/simplelink_cc13x0_sdk_4_20_02_07/source\ti/drivers/rf/lib/rf_multiMode_cc13x0.am3g(RFCC26XX_multiMode.om3g)
 .bss.RF_swiFsmObj
                0x2000071c       0x34 C:/ti/simplelink_cc13x0_sdk_4_20_02_07/source\ti/drivers/rf/lib/rf_multiMode_cc13x0.am3g(RFCC26XX_multiMode.om3g)
 .bss.RF_swiHwObj
                0x20000750       0x34 C:/ti/simplelink_cc13x0_sdk_4_20_02_07/source\ti/drivers/rf/lib/rf_multiMode_cc13x0.am3g(RFCC26XX_multiMode.om3g)
 .bss.RF_wakeupNotifyObj
                0x20000784       0x14 C:/ti/simplelink_cc13x0_sdk_4_20_02_07/source\ti/drivers/rf/lib/rf_multiMode_cc13x0.am3g(RFCC26XX_multiMode.om3g)
 .bss.gpioPinHandle
                0x20000798        0x4 C:/ti/simplelink_cc13x0_sdk_4_20_02_07/source\ti/drivers/lib/drivers_cc13x0.am3g(GPIOCC26XX.om3g)
 .bss.defaultPinConfig
                0x2000079c        0x4 C:/ti/simplelink_cc13x0_sdk_4_20_02_07/source\ti/drivers/lib/drivers_cc13x0.am3g(PINCC26XX.om3g)
 .bss.pinGpioConfigTable
                0x200007a0       0x1f C:/ti/simplelink_cc13x0_sdk_4_20_02_07/source\ti/drivers/lib/drivers_cc13x0.am3g(PINCC26XX.om3g)
 *fill*         0x200007bf        0x1 
 .bss.pinHwi    0x200007c0       0x1c C:/ti/simplelink_cc13x0_sdk_4_20_02_07/source\ti/drivers/lib/drivers_cc13x0.am3g(PINCC26XX.om3g)
 .bss.pinLowerBound
                0x200007dc        0x4 C:/ti/simplelink_cc13x0_sdk_4_20_02_07/source\ti/drivers/lib/drivers_cc13x0.am3g(PINCC26XX.om3g)
                0x200007dc                pinLowerBound
 .bss.pinSemaphore
                0x200007e0       0x1c C:/ti/simplelink_cc13x0_sdk_4_20_02_07/source\ti/drivers/lib/drivers_cc13x0.am3g(PINCC26XX.om3g)
 .bss.pinSwi    0x200007fc       0x34 C:/ti/simplelink_cc13x0_sdk_4_20_02_07/source\ti/drivers/lib/drivers_cc13x0.am3g(PINCC26XX.om3g)
 .bss.pinUpperBound
                0x20000830        0x4 C:/ti/simplelink_cc13x0_sdk_4_20_02_07/source\ti/drivers/lib/drivers_cc13x0.am3g(PINCC26XX.om3g)
                0x20000830                pinUpperBound
 .bss.SemaphoreP_initialized
                0x20000834        0x1 C:/ti/simplelink_cc13x0_sdk_4_20_02_07/kernel/nortos\lib/nortos_cc13x0.am3g(SemaphoreP_nortos.om3g)
 .bss.doEnablePolicy
                0x20000835        0x1 C:/ti/simplelink_cc13x0_sdk_4_20_02_07/kernel/nortos\lib/nortos_cc13x0.am3g(SemaphoreP_nortos.om3g)
 .bss.pendInProgress
                0x20000836        0x1 C:/ti/simplelink_cc13x0_sdk_4_20_02_07/kernel/nortos\lib/nortos_cc13x0.am3g(SemaphoreP_nortos.om3g)
 *fill*         0x20000837        0x1 
 .bss.SwiP_currentTrigger
                0x20000838        0x4 C:/ti/simplelink_cc13x0_sdk_4_20_02_07/kernel/nortos\lib/nortos_cc13x0.am3g(SwiP_nortos.om3g)
 .bss.SwiP_hwiStruct
                0x2000083c       0x1c C:/ti/simplelink_cc13x0_sdk_4_20_02_07/kernel/nortos\lib/nortos_cc13x0.am3g(SwiP_nortos.om3g)
 .bss.SwiP_initialized
                0x20000858        0x1 C:/ti/simplelink_cc13x0_sdk_4_20_02_07/kernel/nortos\lib/nortos_cc13x0.am3g(SwiP_nortos.om3g)
 *fill*         0x20000859        0x3 
 .bss.SwiP_lockState
                0x2000085c        0x4 C:/ti/simplelink_cc13x0_sdk_4_20_02_07/kernel/nortos\lib/nortos_cc13x0.am3g(SwiP_nortos.om3g)
 .bss.SwiP_readyList
                0x20000860       0x20 C:/ti/simplelink_cc13x0_sdk_4_20_02_07/kernel/nortos\lib/nortos_cc13x0.am3g(SwiP_nortos.om3g)
 .bss.SwiP_readyMask
                0x20000880        0x4 C:/ti/simplelink_cc13x0_sdk_4_20_02_07/kernel/nortos\lib/nortos_cc13x0.am3g(SwiP_nortos.om3g)
 .bss.SwiP_schedulerRunning
                0x20000884        0x1 C:/ti/simplelink_cc13x0_sdk_4_20_02_07/kernel/nortos\lib/nortos_cc13x0.am3g(SwiP_nortos.om3g)
 *fill*         0x20000885        0x3 
 .bss.ClockP_defaultParams
                0x20000888        0xc C:/ti/simplelink_cc13x0_sdk_4_20_02_07/kernel/nortos\lib/nortos_cc13x0.am3g(ClockPTimer_nortos.om3g)
 .bss.ClockP_initialized
                0x20000894        0x1 C:/ti/simplelink_cc13x0_sdk_4_20_02_07/kernel/nortos\lib/nortos_cc13x0.am3g(ClockPTimer_nortos.om3g)
 *fill*         0x20000895        0x3 
 .bss.ClockP_module
                0x20000898       0xa0 C:/ti/simplelink_cc13x0_sdk_4_20_02_07/kernel/nortos\lib/nortos_cc13x0.am3g(ClockPTimer_nortos.om3g)
 .bss.timerFreq
                0x20000938        0x8 C:/ti/simplelink_cc13x0_sdk_4_20_02_07/kernel/nortos\lib/nortos_cc13x0.am3g(ClockPTimer_nortos.om3g)
 .bss.usecsPerTimerTick
                0x20000940        0x4 C:/ti/simplelink_cc13x0_sdk_4_20_02_07/kernel/nortos\lib/nortos_cc13x0.am3g(ClockPTimer_nortos.om3g)
 .bss.TimerP_handle
                0x20000944        0x4 C:/ti/simplelink_cc13x0_sdk_4_20_02_07/kernel/nortos\lib/nortos_cc13x0.am3g(TimerPCC26XX_nortos.om3g)
 .bss.TimerP_hwiStruct
                0x20000948       0x1c C:/ti/simplelink_cc13x0_sdk_4_20_02_07/kernel/nortos\lib/nortos_cc13x0.am3g(TimerPCC26XX_nortos.om3g)
 .bss.TimerP_initialized
                0x20000964        0x1 C:/ti/simplelink_cc13x0_sdk_4_20_02_07/kernel/nortos\lib/nortos_cc13x0.am3g(TimerPCC26XX_nortos.om3g)
 *fill*         0x20000965        0x3 
 .bss.HwiP_dispatchTable
                0x20000968       0xc8 C:/ti/simplelink_cc13x0_sdk_4_20_02_07/kernel/nortos\lib/nortos_cc13x0.am3g(HwiPCC26XX_nortos.om3g)
 .bss.PowerCC26XX_swiKey
                0x20000a30        0x4 C:/ti/simplelink_cc13x0_sdk_4_20_02_07/kernel/nortos\lib/nortos_cc13x0.am3g(PowerCC26XX_nortos.om3g)
 .bss.powerQualGlobals
                0x20000a34        0x8 C:/ti/simplelink_cc13x0_sdk_4_20_02_07/source\ti/devices/cc13x0/driverlib/bin/gcc/driverlib.lib(sys_ctrl.o)
 .bss.oscHfGlobals
                0x20000a3c       0x14 C:/ti/simplelink_cc13x0_sdk_4_20_02_07/source\ti/devices/cc13x0/driverlib/bin/gcc/driverlib.lib(osc.o)
 *(COMMON)
 COMMON         0x20000a50       0x7c C:/ti/simplelink_cc13x0_sdk_4_20_02_07/source\ti/drivers/lib/drivers_cc13x0.am3g(PINCC26XX.om3g)
                0x20000a50                pinHandleTable
 COMMON         0x20000acc        0x1 C:/ti/simplelink_cc13x0_sdk_4_20_02_07/source\ti/devices/cc13x0/driverlib/bin/gcc/driverlib.lib(driverlib_release.o)
                0x20000acc                driverlib_release_0_3_05_20_00001
                0x20000ad0                . = ALIGN (0x4)
 *fill*         0x20000acd        0x3 
                0x20000ad0                __bss_end__ = .

.heap           0x20000ad0      0x100
                0x20000ad0                __heap_start__ = .
                0x20000ad0                end = __heap_start__
                0x20000ad0                _end = end
                0x20000ad0                __end = end
                0x20000bd0                . = (. + HEAPSIZE)
 *fill*         0x20000ad0      0x100 
 *(.heap)
                0x20000bd0                __heap_end__ = .
                0x20000bd0                __HeapLimit = __heap_end__

.stack          0x20000bd0      0x400
                0x20000bd0                _stack = .
                0x20000bd0                __stack = .
 *(.stack)
                0x20000fd0                . = (. + STACKSIZE)
 *fill*         0x20000bd0      0x400 
                0x20000fd0                _stack_end = .
                0x20000fd0                __stack_end = .
LOAD C:/ti/simplelink_cc13x0_sdk_4_20_02_07/source\ti/display/lib/display.am3g
LOAD C:/ti/simplelink_cc13x0_sdk_4_20_02_07/source\ti/grlib/lib/gcc/m3/grlib.a
LOAD C:/ti/simplelink_cc13x0_sdk_4_20_02_07/source\third_party/spiffs/lib/gcc/m3/spiffs_cc26xx.a
LOAD C:/ti/simplelink_cc13x0_sdk_4_20_02_07/source\ti/drivers/rf/lib/rf_multiMode_cc13x0.am3g
LOAD C:/ti/simplelink_cc13x0_sdk_4_20_02_07/source\ti/drivers/lib/drivers_cc13x0.am3g
LOAD C:/ti/simplelink_cc13x0_sdk_4_20_02_07/kernel/nortos\lib/nortos_cc13x0.am3g
LOAD C:/ti/simplelink_cc13x0_sdk_4_20_02_07/source\ti/devices/cc13x0/driverlib/bin/gcc/driverlib.lib
LOAD c:/ti/gcc-arm-none-eabi_7_2_1/bin/../lib/gcc/arm-none-eabi/7.2.1/thumb/v7-m\libgcc.a
LOAD C:/ti/gcc-arm-none-eabi_7_2_1/arm-none-eabi/lib/thumb/v7-m\libc_nano.a
LOAD C:/ti/gcc-arm-none-eabi_7_2_1/arm-none-eabi/lib/thumb/v7-m\libm.a
LOAD C:/ti/gcc-arm-none-eabi_7_2_1/arm-none-eabi/lib/thumb/v7-m\libnosys.a
START GROUP
LOAD c:/ti/gcc-arm-none-eabi_7_2_1/bin/../lib/gcc/arm-none-eabi/7.2.1/thumb/v7-m\libgcc.a
LOAD C:/ti/gcc-arm-none-eabi_7_2_1/arm-none-eabi/lib/thumb/v7-m\libg_nano.a
LOAD C:/ti/gcc-arm-none-eabi_7_2_1/arm-none-eabi/lib/thumb/v7-m\libc_nano.a
END GROUP
START GROUP
LOAD c:/ti/gcc-arm-none-eabi_7_2_1/bin/../lib/gcc/arm-none-eabi/7.2.1/thumb/v7-m\libgcc.a
LOAD C:/ti/gcc-arm-none-eabi_7_2_1/arm-none-eabi/lib/thumb/v7-m\libc_nano.a
END GROUP
OUTPUT(rfPacketTx_CC1310_LAUNCHXL_nortos_gcc.out elf32-littlearm)

.debug_info     0x00000000    0x25d3f
 .debug_info    0x00000000     0x7f91 ./CC1310_LAUNCHXL.o
 .debug_info    0x00007f91      0x1b6 ./ccfg.o
 .debug_info    0x00008147       0xc7 ./main_nortos.o
 .debug_info    0x0000820e     0x1d23 ./rfPacketTx.o
 .debug_info    0x00009f31     0x1781 ./smartrf_settings/smartrf_settings.o
 .debug_info    0x0000b6b2     0x7696 C:/ti/simplelink_cc13x0_sdk_4_20_02_07/source\ti/drivers/rf/lib/rf_multiMode_cc13x0.am3g(RFCC26XX_multiMode.om3g)
 .debug_info    0x00012d48      0xbe2 C:/ti/simplelink_cc13x0_sdk_4_20_02_07/source\ti/drivers/lib/drivers_cc13x0.am3g(List.om3g)
 .debug_info    0x0001392a      0xcd7 C:/ti/simplelink_cc13x0_sdk_4_20_02_07/source\ti/drivers/lib/drivers_cc13x0.am3g(GPIOCC26XX.om3g)
 .debug_info    0x00014601     0x1398 C:/ti/simplelink_cc13x0_sdk_4_20_02_07/source\ti/drivers/lib/drivers_cc13x0.am3g(PINCC26XX.om3g)
 .debug_info    0x00015999     0x26a5 C:/ti/simplelink_cc13x0_sdk_4_20_02_07/source\ti/drivers/lib/drivers_cc13x0.am3g(PowerCC26XX.om3g)
 .debug_info    0x0001803e      0xbd9 C:/ti/simplelink_cc13x0_sdk_4_20_02_07/source\ti/drivers/lib/drivers_cc13x0.am3g(PowerCC26XX_calibrateRCOSC.om3g)
 .debug_info    0x00018c17      0x126 C:/ti/simplelink_cc13x0_sdk_4_20_02_07/kernel/nortos\lib/nortos_cc13x0.am3g(posix_sleep.om3g)
 .debug_info    0x00018d3d      0x1e0 C:/ti/simplelink_cc13x0_sdk_4_20_02_07/kernel/nortos\lib/nortos_cc13x0.am3g(NoRTOS.om3g)
 .debug_info    0x00018f1d     0x113f C:/ti/simplelink_cc13x0_sdk_4_20_02_07/kernel/nortos\lib/nortos_cc13x0.am3g(SemaphoreP_nortos.om3g)
 .debug_info    0x0001a05c     0x1558 C:/ti/simplelink_cc13x0_sdk_4_20_02_07/kernel/nortos\lib/nortos_cc13x0.am3g(SwiP_nortos.om3g)
 .debug_info    0x0001b5b4     0x1ba5 C:/ti/simplelink_cc13x0_sdk_4_20_02_07/kernel/nortos\lib/nortos_cc13x0.am3g(ClockPTimer_nortos.om3g)
 .debug_info    0x0001d159     0x1492 C:/ti/simplelink_cc13x0_sdk_4_20_02_07/kernel/nortos\lib/nortos_cc13x0.am3g(TimerPCC26XX_nortos.om3g)
 .debug_info    0x0001e5eb     0x152f C:/ti/simplelink_cc13x0_sdk_4_20_02_07/kernel/nortos\lib/nortos_cc13x0.am3g(HwiPCC26XX_nortos.om3g)
 .debug_info    0x0001fb1a      0xfa2 C:/ti/simplelink_cc13x0_sdk_4_20_02_07/kernel/nortos\lib/nortos_cc13x0.am3g(PowerCC26XX_nortos.om3g)
 .debug_info    0x00020abc      0xb13 C:/ti/simplelink_cc13x0_sdk_4_20_02_07/kernel/nortos\lib/nortos_cc13x0.am3g(startup_cc13xx_cc26xx_gcc.om3g)
 .debug_info    0x000215cf      0x3fe C:/ti/simplelink_cc13x0_sdk_4_20_02_07/kernel/nortos\lib/nortos_cc13x0.am3g(QueueP_nortos.om3g)
 .debug_info    0x000219cd      0x407 C:/ti/simplelink_cc13x0_sdk_4_20_02_07/source\ti/devices/cc13x0/driverlib/bin/gcc/driverlib.lib(chipinfo.o)
 .debug_info    0x00021dd4      0x209 C:/ti/simplelink_cc13x0_sdk_4_20_02_07/source\ti/devices/cc13x0/driverlib/bin/gcc/driverlib.lib(setup.o)
 .debug_info    0x00021fdd      0x463 C:/ti/simplelink_cc13x0_sdk_4_20_02_07/source\ti/devices/cc13x0/driverlib/bin/gcc/driverlib.lib(sys_ctrl.o)
 .debug_info    0x00022440      0x141 C:/ti/simplelink_cc13x0_sdk_4_20_02_07/source\ti/devices/cc13x0/driverlib/bin/gcc/driverlib.lib(cpu.o)
 .debug_info    0x00022581     0x14a7 C:/ti/simplelink_cc13x0_sdk_4_20_02_07/source\ti/devices/cc13x0/driverlib/bin/gcc/driverlib.lib(rfc.o)
 .debug_info    0x00023a28       0x9c C:/ti/simplelink_cc13x0_sdk_4_20_02_07/source\ti/devices/cc13x0/driverlib/bin/gcc/driverlib.lib(driverlib_release.o)
 .debug_info    0x00023ac4      0x13a C:/ti/simplelink_cc13x0_sdk_4_20_02_07/source\ti/devices/cc13x0/driverlib/bin/gcc/driverlib.lib(aon_rtc.o)
 .debug_info    0x00023bfe      0xbc6 C:/ti/simplelink_cc13x0_sdk_4_20_02_07/source\ti/devices/cc13x0/driverlib/bin/gcc/driverlib.lib(setup_rom.o)
 .debug_info    0x000247c4      0x34c C:/ti/simplelink_cc13x0_sdk_4_20_02_07/source\ti/devices/cc13x0/driverlib/bin/gcc/driverlib.lib(interrupt.o)
 .debug_info    0x00024b10      0x8f6 C:/ti/simplelink_cc13x0_sdk_4_20_02_07/source\ti/devices/cc13x0/driverlib/bin/gcc/driverlib.lib(osc.o)
 .debug_info    0x00025406       0xdb C:/ti/simplelink_cc13x0_sdk_4_20_02_07/source\ti/devices/cc13x0/driverlib/bin/gcc/driverlib.lib(aon_batmon.o)
 .debug_info    0x000254e1      0x178 C:/ti/simplelink_cc13x0_sdk_4_20_02_07/source\ti/devices/cc13x0/driverlib/bin/gcc/driverlib.lib(adi.o)
 .debug_info    0x00025659      0x1dd C:/ti/simplelink_cc13x0_sdk_4_20_02_07/source\ti/devices/cc13x0/driverlib/bin/gcc/driverlib.lib(vims.o)
 .debug_info    0x00025836      0x509 C:/ti/simplelink_cc13x0_sdk_4_20_02_07/source\ti/devices/cc13x0/driverlib/bin/gcc/driverlib.lib(ddi.o)

.debug_abbrev   0x00000000     0x5150
 .debug_abbrev  0x00000000      0x29b ./CC1310_LAUNCHXL.o
 .debug_abbrev  0x0000029b       0x74 ./ccfg.o
 .debug_abbrev  0x0000030f       0x81 ./main_nortos.o
 .debug_abbrev  0x00000390      0x23b ./rfPacketTx.o
 .debug_abbrev  0x000005cb      0x234 ./smartrf_settings/smartrf_settings.o
 .debug_abbrev  0x000007ff      0x66d C:/ti/simplelink_cc13x0_sdk_4_20_02_07/source\ti/drivers/rf/lib/rf_multiMode_cc13x0.am3g(RFCC26XX_multiMode.om3g)
 .debug_abbrev  0x00000e6c      0x1f7 C:/ti/simplelink_cc13x0_sdk_4_20_02_07/source\ti/drivers/lib/drivers_cc13x0.am3g(List.om3g)
 .debug_abbrev  0x00001063      0x33f C:/ti/simplelink_cc13x0_sdk_4_20_02_07/source\ti/drivers/lib/drivers_cc13x0.am3g(GPIOCC26XX.om3g)
 .debug_abbrev  0x000013a2      0x43f C:/ti/simplelink_cc13x0_sdk_4_20_02_07/source\ti/drivers/lib/drivers_cc13x0.am3g(PINCC26XX.om3g)
 .debug_abbrev  0x000017e1      0x5fe C:/ti/simplelink_cc13x0_sdk_4_20_02_07/source\ti/drivers/lib/drivers_cc13x0.am3g(PowerCC26XX.om3g)
 .debug_abbrev  0x00001ddf      0x2e4 C:/ti/simplelink_cc13x0_sdk_4_20_02_07/source\ti/drivers/lib/drivers_cc13x0.am3g(PowerCC26XX_calibrateRCOSC.om3g)
 .debug_abbrev  0x000020c3       0xab C:/ti/simplelink_cc13x0_sdk_4_20_02_07/kernel/nortos\lib/nortos_cc13x0.am3g(posix_sleep.om3g)
 .debug_abbrev  0x0000216e      0x10c C:/ti/simplelink_cc13x0_sdk_4_20_02_07/kernel/nortos\lib/nortos_cc13x0.am3g(NoRTOS.om3g)
 .debug_abbrev  0x0000227a      0x3b4 C:/ti/simplelink_cc13x0_sdk_4_20_02_07/kernel/nortos\lib/nortos_cc13x0.am3g(SemaphoreP_nortos.om3g)
 .debug_abbrev  0x0000262e      0x438 C:/ti/simplelink_cc13x0_sdk_4_20_02_07/kernel/nortos\lib/nortos_cc13x0.am3g(SwiP_nortos.om3g)
 .debug_abbrev  0x00002a66      0x463 C:/ti/simplelink_cc13x0_sdk_4_20_02_07/kernel/nortos\lib/nortos_cc13x0.am3g(ClockPTimer_nortos.om3g)
 .debug_abbrev  0x00002ec9      0x4b0 C:/ti/simplelink_cc13x0_sdk_4_20_02_07/kernel/nortos\lib/nortos_cc13x0.am3g(TimerPCC26XX_nortos.om3g)
 .debug_abbrev  0x00003379      0x42e C:/ti/simplelink_cc13x0_sdk_4_20_02_07/kernel/nortos\lib/nortos_cc13x0.am3g(HwiPCC26XX_nortos.om3g)
 .debug_abbrev  0x000037a7      0x29a C:/ti/simplelink_cc13x0_sdk_4_20_02_07/kernel/nortos\lib/nortos_cc13x0.am3g(PowerCC26XX_nortos.om3g)
 .debug_abbrev  0x00003a41      0x289 C:/ti/simplelink_cc13x0_sdk_4_20_02_07/kernel/nortos\lib/nortos_cc13x0.am3g(startup_cc13xx_cc26xx_gcc.om3g)
 .debug_abbrev  0x00003cca      0x15b C:/ti/simplelink_cc13x0_sdk_4_20_02_07/kernel/nortos\lib/nortos_cc13x0.am3g(QueueP_nortos.om3g)
 .debug_abbrev  0x00003e25      0x17f C:/ti/simplelink_cc13x0_sdk_4_20_02_07/source\ti/devices/cc13x0/driverlib/bin/gcc/driverlib.lib(chipinfo.o)
 .debug_abbrev  0x00003fa4      0x128 C:/ti/simplelink_cc13x0_sdk_4_20_02_07/source\ti/devices/cc13x0/driverlib/bin/gcc/driverlib.lib(setup.o)
 .debug_abbrev  0x000040cc      0x19a C:/ti/simplelink_cc13x0_sdk_4_20_02_07/source\ti/devices/cc13x0/driverlib/bin/gcc/driverlib.lib(sys_ctrl.o)
 .debug_abbrev  0x00004266       0xd0 C:/ti/simplelink_cc13x0_sdk_4_20_02_07/source\ti/devices/cc13x0/driverlib/bin/gcc/driverlib.lib(cpu.o)
 .debug_abbrev  0x00004336      0x38c C:/ti/simplelink_cc13x0_sdk_4_20_02_07/source\ti/devices/cc13x0/driverlib/bin/gcc/driverlib.lib(rfc.o)
 .debug_abbrev  0x000046c2       0x5f C:/ti/simplelink_cc13x0_sdk_4_20_02_07/source\ti/devices/cc13x0/driverlib/bin/gcc/driverlib.lib(driverlib_release.o)
 .debug_abbrev  0x00004721       0xc4 C:/ti/simplelink_cc13x0_sdk_4_20_02_07/source\ti/devices/cc13x0/driverlib/bin/gcc/driverlib.lib(aon_rtc.o)
 .debug_abbrev  0x000047e5      0x23b C:/ti/simplelink_cc13x0_sdk_4_20_02_07/source\ti/devices/cc13x0/driverlib/bin/gcc/driverlib.lib(setup_rom.o)
 .debug_abbrev  0x00004a20      0x14e C:/ti/simplelink_cc13x0_sdk_4_20_02_07/source\ti/devices/cc13x0/driverlib/bin/gcc/driverlib.lib(interrupt.o)
 .debug_abbrev  0x00004b6e      0x261 C:/ti/simplelink_cc13x0_sdk_4_20_02_07/source\ti/devices/cc13x0/driverlib/bin/gcc/driverlib.lib(osc.o)
 .debug_abbrev  0x00004dcf       0x60 C:/ti/simplelink_cc13x0_sdk_4_20_02_07/source\ti/devices/cc13x0/driverlib/bin/gcc/driverlib.lib(aon_batmon.o)
 .debug_abbrev  0x00004e2f       0xea C:/ti/simplelink_cc13x0_sdk_4_20_02_07/source\ti/devices/cc13x0/driverlib/bin/gcc/driverlib.lib(adi.o)
 .debug_abbrev  0x00004f19       0xe5 C:/ti/simplelink_cc13x0_sdk_4_20_02_07/source\ti/devices/cc13x0/driverlib/bin/gcc/driverlib.lib(vims.o)
 .debug_abbrev  0x00004ffe      0x152 C:/ti/simplelink_cc13x0_sdk_4_20_02_07/source\ti/devices/cc13x0/driverlib/bin/gcc/driverlib.lib(ddi.o)

.debug_aranges  0x00000000      0xec0
 .debug_aranges
                0x00000000       0x28 ./CC1310_LAUNCHXL.o
 .debug_aranges
                0x00000028       0x18 ./ccfg.o
 .debug_aranges
                0x00000040       0x20 ./main_nortos.o
 .debug_aranges
                0x00000060       0x20 ./rfPacketTx.o
 .debug_aranges
                0x00000080       0x50 ./smartrf_settings/smartrf_settings.o
 .debug_aranges
                0x000000d0      0x238 C:/ti/simplelink_cc13x0_sdk_4_20_02_07/source\ti/drivers/rf/lib/rf_multiMode_cc13x0.am3g(RFCC26XX_multiMode.om3g)
 .debug_aranges
                0x00000308       0x48 C:/ti/simplelink_cc13x0_sdk_4_20_02_07/source\ti/drivers/lib/drivers_cc13x0.am3g(List.om3g)
 .debug_aranges
                0x00000350       0x78 C:/ti/simplelink_cc13x0_sdk_4_20_02_07/source\ti/drivers/lib/drivers_cc13x0.am3g(GPIOCC26XX.om3g)
 .debug_aranges
                0x000003c8       0xf0 C:/ti/simplelink_cc13x0_sdk_4_20_02_07/source\ti/drivers/lib/drivers_cc13x0.am3g(PINCC26XX.om3g)
 .debug_aranges
                0x000004b8      0x120 C:/ti/simplelink_cc13x0_sdk_4_20_02_07/source\ti/drivers/lib/drivers_cc13x0.am3g(PowerCC26XX.om3g)
 .debug_aranges
                0x000005d8       0x38 C:/ti/simplelink_cc13x0_sdk_4_20_02_07/source\ti/drivers/lib/drivers_cc13x0.am3g(PowerCC26XX_calibrateRCOSC.om3g)
 .debug_aranges
                0x00000610       0x28 C:/ti/simplelink_cc13x0_sdk_4_20_02_07/kernel/nortos\lib/nortos_cc13x0.am3g(posix_sleep.om3g)
 .debug_aranges
                0x00000638       0x30 C:/ti/simplelink_cc13x0_sdk_4_20_02_07/kernel/nortos\lib/nortos_cc13x0.am3g(NoRTOS.om3g)
 .debug_aranges
                0x00000668       0x78 C:/ti/simplelink_cc13x0_sdk_4_20_02_07/kernel/nortos\lib/nortos_cc13x0.am3g(SemaphoreP_nortos.om3g)
 .debug_aranges
                0x000006e0       0xb0 C:/ti/simplelink_cc13x0_sdk_4_20_02_07/kernel/nortos\lib/nortos_cc13x0.am3g(SwiP_nortos.om3g)
 .debug_aranges
                0x00000790       0xe8 C:/ti/simplelink_cc13x0_sdk_4_20_02_07/kernel/nortos\lib/nortos_cc13x0.am3g(ClockPTimer_nortos.om3g)
 .debug_aranges
                0x00000878       0x98 C:/ti/simplelink_cc13x0_sdk_4_20_02_07/kernel/nortos\lib/nortos_cc13x0.am3g(TimerPCC26XX_nortos.om3g)
 .debug_aranges
                0x00000910       0xb0 C:/ti/simplelink_cc13x0_sdk_4_20_02_07/kernel/nortos\lib/nortos_cc13x0.am3g(HwiPCC26XX_nortos.om3g)
 .debug_aranges
                0x000009c0       0x30 C:/ti/simplelink_cc13x0_sdk_4_20_02_07/kernel/nortos\lib/nortos_cc13x0.am3g(PowerCC26XX_nortos.om3g)
 .debug_aranges
                0x000009f0       0x50 C:/ti/simplelink_cc13x0_sdk_4_20_02_07/kernel/nortos\lib/nortos_cc13x0.am3g(startup_cc13xx_cc26xx_gcc.om3g)
 .debug_aranges
                0x00000a40       0x80 C:/ti/simplelink_cc13x0_sdk_4_20_02_07/kernel/nortos\lib/nortos_cc13x0.am3g(QueueP_nortos.om3g)
 .debug_aranges
                0x00000ac0       0x48 C:/ti/simplelink_cc13x0_sdk_4_20_02_07/source\ti/devices/cc13x0/driverlib/bin/gcc/driverlib.lib(chipinfo.o)
 .debug_aranges
                0x00000b08       0x28 C:/ti/simplelink_cc13x0_sdk_4_20_02_07/source\ti/devices/cc13x0/driverlib/bin/gcc/driverlib.lib(setup.o)
 .debug_aranges
                0x00000b30       0x38 C:/ti/simplelink_cc13x0_sdk_4_20_02_07/source\ti/devices/cc13x0/driverlib/bin/gcc/driverlib.lib(sys_ctrl.o)
 .debug_aranges
                0x00000b68       0x40 C:/ti/simplelink_cc13x0_sdk_4_20_02_07/source\ti/devices/cc13x0/driverlib/bin/gcc/driverlib.lib(cpu.o)
 .debug_aranges
                0x00000ba8       0x70 C:/ti/simplelink_cc13x0_sdk_4_20_02_07/source\ti/devices/cc13x0/driverlib/bin/gcc/driverlib.lib(rfc.o)
 .debug_aranges
                0x00000c18       0x18 C:/ti/simplelink_cc13x0_sdk_4_20_02_07/source\ti/devices/cc13x0/driverlib/bin/gcc/driverlib.lib(driverlib_release.o)
 .debug_aranges
                0x00000c30       0x28 C:/ti/simplelink_cc13x0_sdk_4_20_02_07/source\ti/devices/cc13x0/driverlib/bin/gcc/driverlib.lib(aon_rtc.o)
 .debug_aranges
                0x00000c58       0xb8 C:/ti/simplelink_cc13x0_sdk_4_20_02_07/source\ti/devices/cc13x0/driverlib/bin/gcc/driverlib.lib(setup_rom.o)
 .debug_aranges
                0x00000d10       0x78 C:/ti/simplelink_cc13x0_sdk_4_20_02_07/source\ti/devices/cc13x0/driverlib/bin/gcc/driverlib.lib(interrupt.o)
 .debug_aranges
                0x00000d88       0x70 C:/ti/simplelink_cc13x0_sdk_4_20_02_07/source\ti/devices/cc13x0/driverlib/bin/gcc/driverlib.lib(osc.o)
 .debug_aranges
                0x00000df8       0x20 C:/ti/simplelink_cc13x0_sdk_4_20_02_07/source\ti/devices/cc13x0/driverlib/bin/gcc/driverlib.lib(aon_batmon.o)
 .debug_aranges
                0x00000e18       0x28 C:/ti/simplelink_cc13x0_sdk_4_20_02_07/source\ti/devices/cc13x0/driverlib/bin/gcc/driverlib.lib(adi.o)
 .debug_aranges
                0x00000e40       0x38 C:/ti/simplelink_cc13x0_sdk_4_20_02_07/source\ti/devices/cc13x0/driverlib/bin/gcc/driverlib.lib(vims.o)
 .debug_aranges
                0x00000e78       0x48 C:/ti/simplelink_cc13x0_sdk_4_20_02_07/source\ti/devices/cc13x0/driverlib/bin/gcc/driverlib.lib(ddi.o)

.debug_ranges   0x00000000     0x20e8
 .debug_ranges  0x00000000       0x18 ./CC1310_LAUNCHXL.o
 .debug_ranges  0x00000018       0x10 ./main_nortos.o
 .debug_ranges  0x00000028       0x10 ./rfPacketTx.o
 .debug_ranges  0x00000038       0x40 ./smartrf_settings/smartrf_settings.o
 .debug_ranges  0x00000078      0xcf8 C:/ti/simplelink_cc13x0_sdk_4_20_02_07/source\ti/drivers/rf/lib/rf_multiMode_cc13x0.am3g(RFCC26XX_multiMode.om3g)
 .debug_ranges  0x00000d70       0x38 C:/ti/simplelink_cc13x0_sdk_4_20_02_07/source\ti/drivers/lib/drivers_cc13x0.am3g(List.om3g)
 .debug_ranges  0x00000da8       0xf8 C:/ti/simplelink_cc13x0_sdk_4_20_02_07/source\ti/drivers/lib/drivers_cc13x0.am3g(GPIOCC26XX.om3g)
 .debug_ranges  0x00000ea0      0x208 C:/ti/simplelink_cc13x0_sdk_4_20_02_07/source\ti/drivers/lib/drivers_cc13x0.am3g(PINCC26XX.om3g)
 .debug_ranges  0x000010a8      0x3e8 C:/ti/simplelink_cc13x0_sdk_4_20_02_07/source\ti/drivers/lib/drivers_cc13x0.am3g(PowerCC26XX.om3g)
 .debug_ranges  0x00001490       0xb0 C:/ti/simplelink_cc13x0_sdk_4_20_02_07/source\ti/drivers/lib/drivers_cc13x0.am3g(PowerCC26XX_calibrateRCOSC.om3g)
 .debug_ranges  0x00001540       0x18 C:/ti/simplelink_cc13x0_sdk_4_20_02_07/kernel/nortos\lib/nortos_cc13x0.am3g(posix_sleep.om3g)
 .debug_ranges  0x00001558       0x20 C:/ti/simplelink_cc13x0_sdk_4_20_02_07/kernel/nortos\lib/nortos_cc13x0.am3g(NoRTOS.om3g)
 .debug_ranges  0x00001578      0x110 C:/ti/simplelink_cc13x0_sdk_4_20_02_07/kernel/nortos\lib/nortos_cc13x0.am3g(SemaphoreP_nortos.om3g)
 .debug_ranges  0x00001688       0xc0 C:/ti/simplelink_cc13x0_sdk_4_20_02_07/kernel/nortos\lib/nortos_cc13x0.am3g(SwiP_nortos.om3g)
 .debug_ranges  0x00001748      0x188 C:/ti/simplelink_cc13x0_sdk_4_20_02_07/kernel/nortos\lib/nortos_cc13x0.am3g(ClockPTimer_nortos.om3g)
 .debug_ranges  0x000018d0      0x248 C:/ti/simplelink_cc13x0_sdk_4_20_02_07/kernel/nortos\lib/nortos_cc13x0.am3g(TimerPCC26XX_nortos.om3g)
 .debug_ranges  0x00001b18       0xb8 C:/ti/simplelink_cc13x0_sdk_4_20_02_07/kernel/nortos\lib/nortos_cc13x0.am3g(HwiPCC26XX_nortos.om3g)
 .debug_ranges  0x00001bd0       0x90 C:/ti/simplelink_cc13x0_sdk_4_20_02_07/kernel/nortos\lib/nortos_cc13x0.am3g(PowerCC26XX_nortos.om3g)
 .debug_ranges  0x00001c60       0x40 C:/ti/simplelink_cc13x0_sdk_4_20_02_07/kernel/nortos\lib/nortos_cc13x0.am3g(startup_cc13xx_cc26xx_gcc.om3g)
 .debug_ranges  0x00001ca0       0x70 C:/ti/simplelink_cc13x0_sdk_4_20_02_07/kernel/nortos\lib/nortos_cc13x0.am3g(QueueP_nortos.om3g)
 .debug_ranges  0x00001d10       0x80 C:/ti/simplelink_cc13x0_sdk_4_20_02_07/source\ti/devices/cc13x0/driverlib/bin/gcc/driverlib.lib(chipinfo.o)
 .debug_ranges  0x00001d90       0x18 C:/ti/simplelink_cc13x0_sdk_4_20_02_07/source\ti/devices/cc13x0/driverlib/bin/gcc/driverlib.lib(setup.o)
 .debug_ranges  0x00001da8       0x28 C:/ti/simplelink_cc13x0_sdk_4_20_02_07/source\ti/devices/cc13x0/driverlib/bin/gcc/driverlib.lib(sys_ctrl.o)
 .debug_ranges  0x00001dd0       0x30 C:/ti/simplelink_cc13x0_sdk_4_20_02_07/source\ti/devices/cc13x0/driverlib/bin/gcc/driverlib.lib(cpu.o)
 .debug_ranges  0x00001e00       0x60 C:/ti/simplelink_cc13x0_sdk_4_20_02_07/source\ti/devices/cc13x0/driverlib/bin/gcc/driverlib.lib(rfc.o)
 .debug_ranges  0x00001e60       0x18 C:/ti/simplelink_cc13x0_sdk_4_20_02_07/source\ti/devices/cc13x0/driverlib/bin/gcc/driverlib.lib(aon_rtc.o)
 .debug_ranges  0x00001e78      0x108 C:/ti/simplelink_cc13x0_sdk_4_20_02_07/source\ti/devices/cc13x0/driverlib/bin/gcc/driverlib.lib(setup_rom.o)
 .debug_ranges  0x00001f80       0x68 C:/ti/simplelink_cc13x0_sdk_4_20_02_07/source\ti/devices/cc13x0/driverlib/bin/gcc/driverlib.lib(interrupt.o)
 .debug_ranges  0x00001fe8       0x78 C:/ti/simplelink_cc13x0_sdk_4_20_02_07/source\ti/devices/cc13x0/driverlib/bin/gcc/driverlib.lib(osc.o)
 .debug_ranges  0x00002060       0x10 C:/ti/simplelink_cc13x0_sdk_4_20_02_07/source\ti/devices/cc13x0/driverlib/bin/gcc/driverlib.lib(aon_batmon.o)
 .debug_ranges  0x00002070       0x18 C:/ti/simplelink_cc13x0_sdk_4_20_02_07/source\ti/devices/cc13x0/driverlib/bin/gcc/driverlib.lib(adi.o)
 .debug_ranges  0x00002088       0x28 C:/ti/simplelink_cc13x0_sdk_4_20_02_07/source\ti/devices/cc13x0/driverlib/bin/gcc/driverlib.lib(vims.o)
 .debug_ranges  0x000020b0       0x38 C:/ti/simplelink_cc13x0_sdk_4_20_02_07/source\ti/devices/cc13x0/driverlib/bin/gcc/driverlib.lib(ddi.o)

.debug_line     0x00000000     0xb007
 .debug_line    0x00000000      0xcb3 ./CC1310_LAUNCHXL.o
 .debug_line    0x00000cb3      0x169 ./ccfg.o
 .debug_line    0x00000e1c      0x133 ./main_nortos.o
 .debug_line    0x00000f4f      0x33f ./rfPacketTx.o
 .debug_line    0x0000128e      0x3dd ./smartrf_settings/smartrf_settings.o
 .debug_line    0x0000166b     0x1a5e C:/ti/simplelink_cc13x0_sdk_4_20_02_07/source\ti/drivers/rf/lib/rf_multiMode_cc13x0.am3g(RFCC26XX_multiMode.om3g)
 .debug_line    0x000030c9      0x479 C:/ti/simplelink_cc13x0_sdk_4_20_02_07/source\ti/drivers/lib/drivers_cc13x0.am3g(List.om3g)
 .debug_line    0x00003542      0x6af C:/ti/simplelink_cc13x0_sdk_4_20_02_07/source\ti/drivers/lib/drivers_cc13x0.am3g(GPIOCC26XX.om3g)
 .debug_line    0x00003bf1      0x95e C:/ti/simplelink_cc13x0_sdk_4_20_02_07/source\ti/drivers/lib/drivers_cc13x0.am3g(PINCC26XX.om3g)
 .debug_line    0x0000454f      0xdc3 C:/ti/simplelink_cc13x0_sdk_4_20_02_07/source\ti/drivers/lib/drivers_cc13x0.am3g(PowerCC26XX.om3g)
 .debug_line    0x00005312      0x6ac C:/ti/simplelink_cc13x0_sdk_4_20_02_07/source\ti/drivers/lib/drivers_cc13x0.am3g(PowerCC26XX_calibrateRCOSC.om3g)
 .debug_line    0x000059be      0x247 C:/ti/simplelink_cc13x0_sdk_4_20_02_07/kernel/nortos\lib/nortos_cc13x0.am3g(posix_sleep.om3g)
 .debug_line    0x00005c05      0x287 C:/ti/simplelink_cc13x0_sdk_4_20_02_07/kernel/nortos\lib/nortos_cc13x0.am3g(NoRTOS.om3g)
 .debug_line    0x00005e8c      0x595 C:/ti/simplelink_cc13x0_sdk_4_20_02_07/kernel/nortos\lib/nortos_cc13x0.am3g(SemaphoreP_nortos.om3g)
 .debug_line    0x00006421      0x5bd C:/ti/simplelink_cc13x0_sdk_4_20_02_07/kernel/nortos\lib/nortos_cc13x0.am3g(SwiP_nortos.om3g)
 .debug_line    0x000069de      0x6f3 C:/ti/simplelink_cc13x0_sdk_4_20_02_07/kernel/nortos\lib/nortos_cc13x0.am3g(ClockPTimer_nortos.om3g)
 .debug_line    0x000070d1      0x6a3 C:/ti/simplelink_cc13x0_sdk_4_20_02_07/kernel/nortos\lib/nortos_cc13x0.am3g(TimerPCC26XX_nortos.om3g)
 .debug_line    0x00007774      0x5b3 C:/ti/simplelink_cc13x0_sdk_4_20_02_07/kernel/nortos\lib/nortos_cc13x0.am3g(HwiPCC26XX_nortos.om3g)
 .debug_line    0x00007d27      0x652 C:/ti/simplelink_cc13x0_sdk_4_20_02_07/kernel/nortos\lib/nortos_cc13x0.am3g(PowerCC26XX_nortos.om3g)
 .debug_line    0x00008379      0x387 C:/ti/simplelink_cc13x0_sdk_4_20_02_07/kernel/nortos\lib/nortos_cc13x0.am3g(startup_cc13xx_cc26xx_gcc.om3g)
 .debug_line    0x00008700      0x338 C:/ti/simplelink_cc13x0_sdk_4_20_02_07/kernel/nortos\lib/nortos_cc13x0.am3g(QueueP_nortos.om3g)
 .debug_line    0x00008a38      0x27b C:/ti/simplelink_cc13x0_sdk_4_20_02_07/source\ti/devices/cc13x0/driverlib/bin/gcc/driverlib.lib(chipinfo.o)
 .debug_line    0x00008cb3      0x23e C:/ti/simplelink_cc13x0_sdk_4_20_02_07/source\ti/devices/cc13x0/driverlib/bin/gcc/driverlib.lib(setup.o)
 .debug_line    0x00008ef1      0x2ee C:/ti/simplelink_cc13x0_sdk_4_20_02_07/source\ti/devices/cc13x0/driverlib/bin/gcc/driverlib.lib(sys_ctrl.o)
 .debug_line    0x000091df      0x1f5 C:/ti/simplelink_cc13x0_sdk_4_20_02_07/source\ti/devices/cc13x0/driverlib/bin/gcc/driverlib.lib(cpu.o)
 .debug_line    0x000093d4      0x4f7 C:/ti/simplelink_cc13x0_sdk_4_20_02_07/source\ti/devices/cc13x0/driverlib/bin/gcc/driverlib.lib(rfc.o)
 .debug_line    0x000098cb      0x1db C:/ti/simplelink_cc13x0_sdk_4_20_02_07/source\ti/devices/cc13x0/driverlib/bin/gcc/driverlib.lib(driverlib_release.o)
 .debug_line    0x00009aa6      0x1e8 C:/ti/simplelink_cc13x0_sdk_4_20_02_07/source\ti/devices/cc13x0/driverlib/bin/gcc/driverlib.lib(aon_rtc.o)
 .debug_line    0x00009c8e      0x4f1 C:/ti/simplelink_cc13x0_sdk_4_20_02_07/source\ti/devices/cc13x0/driverlib/bin/gcc/driverlib.lib(setup_rom.o)
 .debug_line    0x0000a17f      0x2ce C:/ti/simplelink_cc13x0_sdk_4_20_02_07/source\ti/devices/cc13x0/driverlib/bin/gcc/driverlib.lib(interrupt.o)
 .debug_line    0x0000a44d      0x371 C:/ti/simplelink_cc13x0_sdk_4_20_02_07/source\ti/devices/cc13x0/driverlib/bin/gcc/driverlib.lib(osc.o)
 .debug_line    0x0000a7be      0x1b7 C:/ti/simplelink_cc13x0_sdk_4_20_02_07/source\ti/devices/cc13x0/driverlib/bin/gcc/driverlib.lib(aon_batmon.o)
 .debug_line    0x0000a975      0x206 C:/ti/simplelink_cc13x0_sdk_4_20_02_07/source\ti/devices/cc13x0/driverlib/bin/gcc/driverlib.lib(adi.o)
 .debug_line    0x0000ab7b      0x215 C:/ti/simplelink_cc13x0_sdk_4_20_02_07/source\ti/devices/cc13x0/driverlib/bin/gcc/driverlib.lib(vims.o)
 .debug_line    0x0000ad90      0x277 C:/ti/simplelink_cc13x0_sdk_4_20_02_07/source\ti/devices/cc13x0/driverlib/bin/gcc/driverlib.lib(ddi.o)

.debug_str      0x00000000     0xc20f
 .debug_str     0x00000000     0x6220 ./CC1310_LAUNCHXL.o
                               0x6488 (size before relaxing)
 .debug_str     0x00006220      0x1a9 ./ccfg.o
                                0x354 (size before relaxing)
 .debug_str     0x000063c9       0x16 ./main_nortos.o
                                0x1df (size before relaxing)
 .debug_str     0x000063df      0x33d ./rfPacketTx.o
                                0xf26 (size before relaxing)
 .debug_str     0x0000671c      0x11a ./smartrf_settings/smartrf_settings.o
                                0xc4a (size before relaxing)
 .debug_str     0x00006836     0x201f C:/ti/simplelink_cc13x0_sdk_4_20_02_07/source\ti/drivers/rf/lib/rf_multiMode_cc13x0.am3g(RFCC26XX_multiMode.om3g)
                               0x2de7 (size before relaxing)
 .debug_str     0x00008855       0x8f C:/ti/simplelink_cc13x0_sdk_4_20_02_07/source\ti/drivers/lib/drivers_cc13x0.am3g(List.om3g)
                                0x705 (size before relaxing)
 .debug_str     0x000088e4      0x311 C:/ti/simplelink_cc13x0_sdk_4_20_02_07/source\ti/drivers/lib/drivers_cc13x0.am3g(GPIOCC26XX.om3g)
                                0x780 (size before relaxing)
 .debug_str     0x00008bf5      0x5a1 C:/ti/simplelink_cc13x0_sdk_4_20_02_07/source\ti/drivers/lib/drivers_cc13x0.am3g(PINCC26XX.om3g)
                                0xafb (size before relaxing)
 .debug_str     0x00009196      0xa17 C:/ti/simplelink_cc13x0_sdk_4_20_02_07/source\ti/drivers/lib/drivers_cc13x0.am3g(PowerCC26XX.om3g)
                               0x14a2 (size before relaxing)
 .debug_str     0x00009bad      0x1d9 C:/ti/simplelink_cc13x0_sdk_4_20_02_07/source\ti/drivers/lib/drivers_cc13x0.am3g(PowerCC26XX_calibrateRCOSC.om3g)
                                0x79b (size before relaxing)
 .debug_str     0x00009d86       0x96 C:/ti/simplelink_cc13x0_sdk_4_20_02_07/kernel/nortos\lib/nortos_cc13x0.am3g(posix_sleep.om3g)
                                0x228 (size before relaxing)
 .debug_str     0x00009e1c       0x7a C:/ti/simplelink_cc13x0_sdk_4_20_02_07/kernel/nortos\lib/nortos_cc13x0.am3g(NoRTOS.om3g)