Archive member included to satisfy reference by file (symbol)

C:/ti/simplelink_cc13x0_sdk_4_20_02_07/source\ti/display/lib/display.am3g(DisplayUart.om3g)
                              ./CC1310_LAUNCHXL.o (DisplayUartMin_fxnTable)
C:/ti/simplelink_cc13x0_sdk_4_20_02_07/source\ti/drivers/rf/lib/rf_multiMode_cc13x0.am3g(RFCC26XX_multiMode.om3g)
                              ./rfCarrierWave.o (RF_open)
C:/ti/simplelink_cc13x0_sdk_4_20_02_07/source\ti/drivers/lib/drivers_cc13x0.am3g(NVSSPI25X.om3g)
                              ./CC1310_LAUNCHXL.o (NVSSPI25X_fxnTable)
C:/ti/simplelink_cc13x0_sdk_4_20_02_07/source\ti/drivers/lib/drivers_cc13x0.am3g(SDSPI.om3g)
                              ./CC1310_LAUNCHXL.o (SDSPI_fxnTable)
C:/ti/simplelink_cc13x0_sdk_4_20_02_07/source\ti/drivers/lib/drivers_cc13x0.am3g(List.om3g)
                              C:/ti/simplelink_cc13x0_sdk_4_20_02_07/source\ti/drivers/rf/lib/rf_multiMode_cc13x0.am3g(RFCC26XX_multiMode.om3g) (List_clearList)
C:/ti/simplelink_cc13x0_sdk_4_20_02_07/source\ti/drivers/lib/drivers_cc13x0.am3g(ADCCC26XX.om3g)
                              ./CC1310_LAUNCHXL.o (ADCCC26XX_fxnTable)
C:/ti/simplelink_cc13x0_sdk_4_20_02_07/source\ti/drivers/lib/drivers_cc13x0.am3g(ADCBufCC26XX.om3g)
                              ./CC1310_LAUNCHXL.o (ADCBufCC26XX_fxnTable)
C:/ti/simplelink_cc13x0_sdk_4_20_02_07/source\ti/drivers/lib/drivers_cc13x0.am3g(UDMACC26XX.om3g)
                              C:/ti/simplelink_cc13x0_sdk_4_20_02_07/source\ti/drivers/lib/drivers_cc13x0.am3g(ADCBufCC26XX.om3g) (UDMACC26XX_open)
C:/ti/simplelink_cc13x0_sdk_4_20_02_07/source\ti/drivers/lib/drivers_cc13x0.am3g(GPIOCC26XX.om3g)
                              ./rfCarrierWave.o (GPIO_setConfig)
C:/ti/simplelink_cc13x0_sdk_4_20_02_07/source\ti/drivers/lib/drivers_cc13x0.am3g(I2CCC26XX.om3g)
                              ./CC1310_LAUNCHXL.o (I2CCC26XX_fxnTable)
C:/ti/simplelink_cc13x0_sdk_4_20_02_07/source\ti/drivers/lib/drivers_cc13x0.am3g(NVSCC26XX.om3g)
                              ./CC1310_LAUNCHXL.o (NVSCC26XX_fxnTable)
C:/ti/simplelink_cc13x0_sdk_4_20_02_07/source\ti/drivers/lib/drivers_cc13x0.am3g(PINCC26XX.om3g)
                              ./CC1310_LAUNCHXL.o (PIN_init)
C:/ti/simplelink_cc13x0_sdk_4_20_02_07/source\ti/drivers/lib/drivers_cc13x0.am3g(PowerCC26XX.om3g)
                              C:/ti/simplelink_cc13x0_sdk_4_20_02_07/source\ti/drivers/lib/drivers_cc13x0.am3g(UDMACC26XX.om3g) (Power_getDependencyCount)
C:/ti/simplelink_cc13x0_sdk_4_20_02_07/source\ti/drivers/lib/drivers_cc13x0.am3g(PowerCC26XX_calibrateRCOSC.om3g)
                              C:/ti/simplelink_cc13x0_sdk_4_20_02_07/source\ti/drivers/lib/drivers_cc13x0.am3g(PowerCC26XX.om3g) (PowerCC26XX_initiateCalibration)
C:/ti/simplelink_cc13x0_sdk_4_20_02_07/source\ti/drivers/lib/drivers_cc13x0.am3g(PWMTimerCC26XX.om3g)
                              ./CC1310_LAUNCHXL.o (PWMTimerCC26XX_fxnTable)
C:/ti/simplelink_cc13x0_sdk_4_20_02_07/source\ti/drivers/lib/drivers_cc13x0.am3g(SPI.om3g)
                              C:/ti/simplelink_cc13x0_sdk_4_20_02_07/source\ti/drivers/lib/drivers_cc13x0.am3g(NVSSPI25X.om3g) (SPI_close)
C:/ti/simplelink_cc13x0_sdk_4_20_02_07/source\ti/drivers/lib/drivers_cc13x0.am3g(SPICC26XXDMA.om3g)
                              ./CC1310_LAUNCHXL.o (SPICC26XXDMA_fxnTable)
C:/ti/simplelink_cc13x0_sdk_4_20_02_07/source\ti/drivers/lib/drivers_cc13x0.am3g(GPTimerCC26XX.om3g)
                              C:/ti/simplelink_cc13x0_sdk_4_20_02_07/source\ti/drivers/lib/drivers_cc13x0.am3g(ADCBufCC26XX.om3g) (GPTimerCC26XX_Params_init)
C:/ti/simplelink_cc13x0_sdk_4_20_02_07/source\ti/drivers/lib/drivers_cc13x0.am3g(UART.om3g)
                              C:/ti/simplelink_cc13x0_sdk_4_20_02_07/source\ti/display/lib/display.am3g(DisplayUart.om3g) (UART_close)
C:/ti/simplelink_cc13x0_sdk_4_20_02_07/source\ti/drivers/lib/drivers_cc13x0.am3g(UARTCC26XX.om3g)
                              ./CC1310_LAUNCHXL.o (UARTCC26XX_fxnTable)
C:/ti/simplelink_cc13x0_sdk_4_20_02_07/source\ti/drivers/lib/drivers_cc13x0.am3g(WatchdogCC26XX.om3g)
                              ./CC1310_LAUNCHXL.o (WatchdogCC26XX_fxnTable)
C:/ti/simplelink_cc13x0_sdk_4_20_02_07/source\ti/drivers/lib/drivers_cc13x0.am3g(RingBuf.om3g)
                              C:/ti/simplelink_cc13x0_sdk_4_20_02_07/source\ti/drivers/lib/drivers_cc13x0.am3g(UARTCC26XX.om3g) (RingBuf_construct)
C:/ti/simplelink_cc13x0_sdk_4_20_02_07/source\ti/drivers/lib/drivers_cc13x0.am3g(ADCBuf.om3g)
                              C:/ti/simplelink_cc13x0_sdk_4_20_02_07/source\ti/drivers/lib/drivers_cc13x0.am3g(ADCBufCC26XX.om3g) (ADCBuf_convertCancel)
C:/ti/simplelink_cc13x0_sdk_4_20_02_07/kernel/nortos\lib/nortos_cc13x0.am3g(NoRTOS.om3g)
                              ./main_nortos.o (NoRTOS_start)
C:/ti/simplelink_cc13x0_sdk_4_20_02_07/kernel/nortos\lib/nortos_cc13x0.am3g(SemaphoreP_nortos.om3g)
[...]
Memory Configuration

Name             Origin             Length             Attributes
FLASH            0x00000000         0x0001ffa8         xr
FLASH_CCFG       0x0001ffa8         0x00000058         xr
SRAM             0x20000000         0x00005000         xrw
*default*        0x00000000         0xffffffff

Linker script and memory map

LOAD ./CC1310_LAUNCHXL.o
LOAD ./CC1310_LAUNCHXL_fxns.o
LOAD ./ccfg.o
LOAD ./main_nortos.o
LOAD ./rfCarrierWave.o
LOAD ./smartrf_settings/smartrf_settings.o
                0x00000400                STACKSIZE = 0x400
                0x00000100                HEAPSIZE = 0x100
                0x00000000                PROVIDE (_resetVecs_base_address, DEFINED (_resetVecs_base_address)?_resetVecs_base_address:0x0)

.resetVecs      0x00000000       0x40
 *(.resetVecs)
 .resetVecs     0x00000000       0x40 C:/ti/simplelink_cc13x0_sdk_4_20_02_07/kernel/nortos\lib/nortos_cc13x0.am3g(startup_cc13xx_cc26xx_gcc.om3g)

.ramVecs
 *(.ramVecs)
                0x20000400                UDMACC26XX_CONFIG_BASE = 0x20000400
                0x20000430                DMA_SPI0_RX_CONTROL_TABLE_ENTRY_ADDRESS = (UDMACC26XX_CONFIG_BASE + 0x30)
                0x20000440                DMA_SPI0_TX_CONTROL_TABLE_ENTRY_ADDRESS = (UDMACC26XX_CONFIG_BASE + 0x40)
                0x20000470                DMA_ADC_PRI_CONTROL_TABLE_ENTRY_ADDRESS = (UDMACC26XX_CONFIG_BASE + 0x70)
                0x20000490                DMA_GPT0A_PRI_CONTROL_TABLE_ENTRY_ADDRESS = (UDMACC26XX_CONFIG_BASE + 0x90)
                0x20000500                DMA_SPI1_RX_CONTROL_TABLE_ENTRY_ADDRESS = (UDMACC26XX_CONFIG_BASE + 0x100)
                0x20000510                DMA_SPI1_TX_CONTROL_TABLE_ENTRY_ADDRESS = (UDMACC26XX_CONFIG_BASE + 0x110)
                0x20000670                DMA_ADC_ALT_CONTROL_TABLE_ENTRY_ADDRESS = (UDMACC26XX_CONFIG_BASE + 0x270)
                0x20000690                DMA_GPT0A_ALT_CONTROL_TABLE_ENTRY_ADDRESS = (UDMACC26XX_CONFIG_BASE + 0x290)
                0x00000000                UDMACC26XX_dmaSpi0RxControlTableEntry_is_placed = 0x0

.dmaSpi0RxControlTableEntry
 *(.dmaSpi0RxControlTableEntry)
                0x00000000                UDMACC26XX_dmaSpi0TxControlTableEntry_is_placed = 0x0

.dmaSpi0TxControlTableEntry
 *(.dmaSpi0TxControlTableEntry)
                0x00000000                UDMACC26XX_dmaADCPriControlTableEntry_is_placed = 0x0

.dmaADCPriControlTableEntry
 *(.dmaADCPriControlTableEntry)
                0x00000000                UDMACC26XX_dmaGPT0APriControlTableEntry_is_placed = 0x0

.dmaGPT0APriControlTableEntry
 *(.dmaGPT0APriControlTableEntry)
                0x00000000                UDMACC26XX_dmaSpi1RxControlTableEntry_is_placed = 0x0

.dmaSpi1RxControlTableEntry
 *(.dmaSpi1RxControlTableEntry)
                0x00000000                UDMACC26XX_dmaSpi1TxControlTableEntry_is_placed = 0x0

.dmaSpi1TxControlTableEntry
 *(.dmaSpi1TxControlTableEntry)
                0x00000000                UDMACC26XX_dmaADCAltControlTableEntry_is_placed = 0x0

.dmaADCAltControlTableEntry
 *(.dmaADCAltControlTableEntry)
                0x00000000                UDMACC26XX_dmaGPT0AAltControlTableEntry_is_placed = 0x0

.dmaGPT0AAltControlTableEntry
 *(.dmaGPT0AAltControlTableEntry)

.text           0x00000040     0x52e8
 CREATE_OBJECT_SYMBOLS
 *(.text)
 .text          0x00000040       0x30 c:/ti/gcc-arm-none-eabi_7_2_1/bin/../lib/gcc/arm-none-eabi/7.2.1/thumb/v7-m\libgcc.a(_aeabi_uldivmod.o)
                0x00000040                __aeabi_uldivmod
 .text          0x00000070      0x2d0 c:/ti/gcc-arm-none-eabi_7_2_1/bin/../lib/gcc/arm-none-eabi/7.2.1/thumb/v7-m\libgcc.a(_udivmoddi4.o)
                0x00000070                __udivmoddi4
 .text          0x00000340        0x4 c:/ti/gcc-arm-none-eabi_7_2_1/bin/../lib/gcc/arm-none-eabi/7.2.1/thumb/v7-m\libgcc.a(_dvmd_tls.o)
                0x00000340                __aeabi_idiv0
                0x00000340                __aeabi_ldiv0
 *(.text.*)
 .text.CC1310_LAUNCHXL_initGeneral
                0x00000344       0x20 ./CC1310_LAUNCHXL.o
                0x00000344                CC1310_LAUNCHXL_initGeneral
 .text.Board_init
                0x00000364        0xc ./CC1310_LAUNCHXL.o
                0x00000364                Board_init
 .text.main     0x00000370       0x14 ./main_nortos.o
                0x00000370                main
 .text.mainThread
                0x00000384       0x90 ./rfCarrierWave.o
                0x00000384                mainThread
 .text.enterGenookCpePatch
                0x00000414       0x28 ./smartrf_settings/smartrf_settings.o
 .text.enterGenookSysPatch
                0x0000043c        0xc ./smartrf_settings/smartrf_settings.o
 .text.configureGenookPatch
                0x00000448       0xa4 ./smartrf_settings/smartrf_settings.o
 .text.applyGenookPatch
                0x000004ec       0x14 ./smartrf_settings/smartrf_settings.o
 .text.rf_patch_cpe_genook
                0x00000500        0xc ./smartrf_settings/smartrf_settings.o
 .text.rf_patch_rfe_genook
                0x0000050c       0xe4 ./smartrf_settings/smartrf_settings.o
 .text.rf_patch_mce_genook
                0x000005f0      0x15c ./smartrf_settings/smartrf_settings.o
 .text.RF_initRadioSetup
                0x0000074c       0x70 C:/ti/simplelink_cc13x0_sdk_4_20_02_07/source\ti/drivers/rf/lib/rf_multiMode_cc13x0.am3g(RFCC26XX_multiMode.om3g)
 .text.RF_defaultCallback
                0x000007bc        0x4 C:/ti/simplelink_cc13x0_sdk_4_20_02_07/source\ti/drivers/rf/lib/rf_multiMode_cc13x0.am3g(RFCC26XX_multiMode.om3g)
 .text.RF_cmdStoreEvents
                0x000007c0       0x38 C:/ti/simplelink_cc13x0_sdk_4_20_02_07/source\ti/drivers/rf/lib/rf_multiMode_cc13x0.am3g(RFCC26XX_multiMode.om3g)
 .text.RF_issueRadioFreeCb
                0x000007f8       0x7c C:/ti/simplelink_cc13x0_sdk_4_20_02_07/source\ti/drivers/rf/lib/rf_multiMode_cc13x0.am3g(RFCC26XX_multiMode.om3g)
 .text.RF_clkReqAccess
                0x00000874        0x8 C:/ti/simplelink_cc13x0_sdk_4_20_02_07/source\ti/drivers/rf/lib/rf_multiMode_cc13x0.am3g(RFCC26XX_multiMode.om3g)
 .text.RF_syncCb
                0x0000087c       0x88 C:/ti/simplelink_cc13x0_sdk_4_20_02_07/source\ti/drivers/rf/lib/rf_multiMode_cc13x0.am3g(RFCC26XX_multiMode.om3g)
 .text.RF_applyRfCorePatch
                0x00000904       0x74 C:/ti/simplelink_cc13x0_sdk_4_20_02_07/source\ti/drivers/rf/lib/rf_multiMode_cc13x0.am3g(RFCC26XX_multiMode.om3g)
 .text.RF_hwiHw
                0x00000978       0x70 C:/ti/simplelink_cc13x0_sdk_4_20_02_07/source\ti/drivers/rf/lib/rf_multiMode_cc13x0.am3g(RFCC26XX_multiMode.om3g)
 .text.RF_swiFsm
                0x000009e8       0x24 C:/ti/simplelink_cc13x0_sdk_4_20_02_07/source\ti/drivers/rf/lib/rf_multiMode_cc13x0.am3g(RFCC26XX_multiMode.om3g)
 .text.RF_fsmXOSCState
                0x00000a0c       0x68 C:/ti/simplelink_cc13x0_sdk_4_20_02_07/source\ti/drivers/rf/lib/rf_multiMode_cc13x0.am3g(RFCC26XX_multiMode.om3g)
 .text.RF_hwiCpe0ChangePhy
                0x00000a74       0x24 C:/ti/simplelink_cc13x0_sdk_4_20_02_07/source\ti/drivers/rf/lib/rf_multiMode_cc13x0.am3g(RFCC26XX_multiMode.om3g)
 .text.RF_fsmSetupState
                0x00000a98      0x168 C:/ti/simplelink_cc13x0_sdk_4_20_02_07/source\ti/drivers/rf/lib/rf_multiMode_cc13x0.am3g(RFCC26XX_multiMode.om3g)
 .text.RF_wakeupNotification
                0x00000c00       0x58 C:/ti/simplelink_cc13x0_sdk_4_20_02_07/source\ti/drivers/rf/lib/rf_multiMode_cc13x0.am3g(RFCC26XX_multiMode.om3g)
 .text.RF_pendCmd.part.16
                0x00000c58       0xcc C:/ti/simplelink_cc13x0_sdk_4_20_02_07/source\ti/drivers/rf/lib/rf_multiMode_cc13x0.am3g(RFCC26XX_multiMode.om3g)
 .text.RF_powerConstraintSet
                0x00000d24       0x1c C:/ti/simplelink_cc13x0_sdk_4_20_02_07/source\ti/drivers/rf/lib/rf_multiMode_cc13x0.am3g(RFCC26XX_multiMode.om3g)
                0x00000d24                RF_powerConstraintSet
 .text.RF_ratRestartChannels
                0x00000d40       0xb0 C:/ti/simplelink_cc13x0_sdk_4_20_02_07/source\ti/drivers/rf/lib/rf_multiMode_cc13x0.am3g(RFCC26XX_multiMode.om3g)
 .text.RF_powerConstraintRelease
                0x00000df0       0x34 C:/ti/simplelink_cc13x0_sdk_4_20_02_07/source\ti/drivers/rf/lib/rf_multiMode_cc13x0.am3g(RFCC26XX_multiMode.om3g)
                0x00000df0                RF_powerConstraintRelease
 .text.RF_clkInactivityCallback
                0x00000e24       0x1c C:/ti/simplelink_cc13x0_sdk_4_20_02_07/source\ti/drivers/rf/lib/rf_multiMode_cc13x0.am3g(RFCC26XX_multiMode.om3g)
 .text.RF_radioOpDoneCb
                0x00000e40      0x154 C:/ti/simplelink_cc13x0_sdk_4_20_02_07/source\ti/drivers/rf/lib/rf_multiMode_cc13x0.am3g(RFCC26XX_multiMode.om3g)
 .text.RF_ratFreeChannel
                0x00000f94       0x9c C:/ti/simplelink_cc13x0_sdk_4_20_02_07/source\ti/drivers/rf/lib/rf_multiMode_cc13x0.am3g(RFCC26XX_multiMode.om3g)
 .text.RF_swiHw
                0x00001030       0xd0 C:/ti/simplelink_cc13x0_sdk_4_20_02_07/source\ti/drivers/rf/lib/rf_multiMode_cc13x0.am3g(RFCC26XX_multiMode.om3g)
 .text.RF_open  0x00001100      0x254 C:/ti/simplelink_cc13x0_sdk_4_20_02_07/source\ti/drivers/rf/lib/rf_multiMode_cc13x0.am3g(RFCC26XX_multiMode.om3g)
                0x00001100                RF_open
 .text.RF_getCurrentTime
                0x00001354       0x80 C:/ti/simplelink_cc13x0_sdk_4_20_02_07/source\ti/drivers/rf/lib/rf_multiMode_cc13x0.am3g(RFCC26XX_multiMode.om3g)
                0x00001354                RF_getCurrentTime
 .text.RF_cmdDispatchTime
                0x000013d4       0x84 C:/ti/simplelink_cc13x0_sdk_4_20_02_07/source\ti/drivers/rf/lib/rf_multiMode_cc13x0.am3g(RFCC26XX_multiMode.om3g)
 .text.RF_dispatchNextCmd
                0x00001458      0x128 C:/ti/simplelink_cc13x0_sdk_4_20_02_07/source\ti/drivers/rf/lib/rf_multiMode_cc13x0.am3g(RFCC26XX_multiMode.om3g)
 .text.RF_hwiCpe0Active
                0x00001580       0xbc C:/ti/simplelink_cc13x0_sdk_4_20_02_07/source\ti/drivers/rf/lib/rf_multiMode_cc13x0.am3g(RFCC26XX_multiMode.om3g)
 .text.RF_hwiCpe0PowerFsm
                0x0000163c       0x88 C:/ti/simplelink_cc13x0_sdk_4_20_02_07/source\ti/drivers/rf/lib/rf_multiMode_cc13x0.am3g(RFCC26XX_multiMode.om3g)
 .text.RF_calculateDispatchTime
                0x000016c4       0xd8 C:/ti/simplelink_cc13x0_sdk_4_20_02_07/source\ti/drivers/rf/lib/rf_multiMode_cc13x0.am3g(RFCC26XX_multiMode.om3g)
 .text.RF_dispatchNextEvent
                0x0000179c       0x74 C:/ti/simplelink_cc13x0_sdk_4_20_02_07/source\ti/drivers/rf/lib/rf_multiMode_cc13x0.am3g(RFCC26XX_multiMode.om3g)
 .text.RF_fsmPowerUpState
                0x00001810      0x11c C:/ti/simplelink_cc13x0_sdk_4_20_02_07/source\ti/drivers/rf/lib/rf_multiMode_cc13x0.am3g(RFCC26XX_multiMode.om3g)
 .text.RF_fsmActiveState
                0x0000192c      0x548 C:/ti/simplelink_cc13x0_sdk_4_20_02_07/source\ti/drivers/rf/lib/rf_multiMode_cc13x0.am3g(RFCC26XX_multiMode.om3g)
 .text.RF_clkPowerUp
                0x00001e74       0x24 C:/ti/simplelink_cc13x0_sdk_4_20_02_07/source\ti/drivers/rf/lib/rf_multiMode_cc13x0.am3g(RFCC26XX_multiMode.om3g)
 .text.RF_postCmd
                0x00001e98       0xe0 C:/ti/simplelink_cc13x0_sdk_4_20_02_07/source\ti/drivers/rf/lib/rf_multiMode_cc13x0.am3g(RFCC26XX_multiMode.om3g)
                0x00001e98                RF_postCmd
 .text.RF_runCmd
                0x00001f78       0x30 C:/ti/simplelink_cc13x0_sdk_4_20_02_07/source\ti/drivers/rf/lib/rf_multiMode_cc13x0.am3g(RFCC26XX_multiMode.om3g)
                0x00001f78                RF_runCmd
 .text.RF_Params_init
                0x00001fa8       0x1c C:/ti/simplelink_cc13x0_sdk_4_20_02_07/source\ti/drivers/rf/lib/rf_multiMode_cc13x0.am3g(RFCC26XX_multiMode.om3g)
                0x00001fa8                RF_Params_init
 .text.List_clearList
                0x00001fc4       0x18 C:/ti/simplelink_cc13x0_sdk_4_20_02_07/source\ti/drivers/lib/drivers_cc13x0.am3g(List.om3g)
                0x00001fc4                List_clearList
 .text.List_get
                0x00001fdc       0x28 C:/ti/simplelink_cc13x0_sdk_4_20_02_07/source\ti/drivers/lib/drivers_cc13x0.am3g(List.om3g)
                0x00001fdc                List_get
 .text.List_put
                0x00002004       0x2c C:/ti/simplelink_cc13x0_sdk_4_20_02_07/source\ti/drivers/lib/drivers_cc13x0.am3g(List.om3g)
                0x00002004                List_put
 .text.GPIO_setConfig
                0x00002030      0x120 C:/ti/simplelink_cc13x0_sdk_4_20_02_07/source\ti/drivers/lib/drivers_cc13x0.am3g(GPIOCC26XX.om3g)
                0x00002030                GPIO_setConfig
 .text.GPIO_write
                0x00002150       0x58 C:/ti/simplelink_cc13x0_sdk_4_20_02_07/source\ti/drivers/lib/drivers_cc13x0.am3g(GPIOCC26XX.om3g)
                0x00002150                GPIO_write
 .text.PIN_swi  0x000021a8       0x40 C:/ti/simplelink_cc13x0_sdk_4_20_02_07/source\ti/drivers/lib/drivers_cc13x0.am3g(PINCC26XX.om3g)
 .text.PIN_hwi  0x000021e8       0x1c C:/ti/simplelink_cc13x0_sdk_4_20_02_07/source\ti/drivers/lib/drivers_cc13x0.am3g(PINCC26XX.om3g)
 .text.PINCC26XX_setIoCfg
                0x00002204      0x14c C:/ti/simplelink_cc13x0_sdk_4_20_02_07/source\ti/drivers/lib/drivers_cc13x0.am3g(PINCC26XX.om3g)
 .text.PIN_init
                0x00002350      0x200 C:/ti/simplelink_cc13x0_sdk_4_20_02_07/source\ti/drivers/lib/drivers_cc13x0.am3g(PINCC26XX.om3g)
                0x00002350                PIN_init
 .text.PIN_setConfig
                0x00002550       0x34 C:/ti/simplelink_cc13x0_sdk_4_20_02_07/source\ti/drivers/lib/drivers_cc13x0.am3g(PINCC26XX.om3g)
                0x00002550                PIN_setConfig
 .text.PIN_add  0x00002584       0x64 C:/ti/simplelink_cc13x0_sdk_4_20_02_07/source\ti/drivers/lib/drivers_cc13x0.am3g(PINCC26XX.om3g)
                0x00002584                PIN_add
 .text.emptyClockFunc
                0x000025e8        0x4 C:/ti/simplelink_cc13x0_sdk_4_20_02_07/source\ti/drivers/lib/drivers_cc13x0.am3g(PowerCC26XX.om3g)
 .text.disableLfClkQualifiersEnableClkLoss
                0x000025ec       0x3c C:/ti/simplelink_cc13x0_sdk_4_20_02_07/source\ti/drivers/lib/drivers_cc13x0.am3g(PowerCC26XX.om3g)
 .text.nopResourceHandler
                0x00002628        0x4 C:/ti/simplelink_cc13x0_sdk_4_20_02_07/source\ti/drivers/lib/drivers_cc13x0.am3g(PowerCC26XX.om3g)
 .text.notify   0x0000262c       0x30 C:/ti/simplelink_cc13x0_sdk_4_20_02_07/source\ti/drivers/lib/drivers_cc13x0.am3g(PowerCC26XX.om3g)
 .text.configureRFCoreClocks
                0x0000265c       0x14 C:/ti/simplelink_cc13x0_sdk_4_20_02_07/source\ti/drivers/lib/drivers_cc13x0.am3g(PowerCC26XX.om3g)
 .text.switchXOSCHFclockFunc
                0x00002670       0x98 C:/ti/simplelink_cc13x0_sdk_4_20_02_07/source\ti/drivers/lib/drivers_cc13x0.am3g(PowerCC26XX.om3g)
 .text.configureXOSCHF
                0x00002708       0x5c C:/ti/simplelink_cc13x0_sdk_4_20_02_07/source\ti/drivers/lib/drivers_cc13x0.am3g(PowerCC26XX.om3g)
 .text.Power_disablePolicy
                0x00002764       0x14 C:/ti/simplelink_cc13x0_sdk_4_20_02_07/source\ti/drivers/lib/drivers_cc13x0.am3g(PowerCC26XX.om3g)
                0x00002764                Power_disablePolicy
 .text.Power_enablePolicy
                0x00002778       0x10 C:/ti/simplelink_cc13x0_sdk_4_20_02_07/source\ti/drivers/lib/drivers_cc13x0.am3g(PowerCC26XX.om3g)
                0x00002778                Power_enablePolicy
 .text.Power_getConstraintMask
                0x00002788        0xc C:/ti/simplelink_cc13x0_sdk_4_20_02_07/source\ti/drivers/lib/drivers_cc13x0.am3g(PowerCC26XX.om3g)
                0x00002788                Power_getConstraintMask
 .text.Power_getTransitionLatency
                0x00002794       0x20 C:/ti/simplelink_cc13x0_sdk_4_20_02_07/source\ti/drivers/lib/drivers_cc13x0.am3g(PowerCC26XX.om3g)
                0x00002794                Power_getTransitionLatency
 .text.Power_idleFunc
                0x000027b4       0x18 C:/ti/simplelink_cc13x0_sdk_4_20_02_07/source\ti/drivers/lib/drivers_cc13x0.am3g(PowerCC26XX.om3g)
                0x000027b4                Power_idleFunc
 .text.Power_registerNotify
                0x000027cc       0x24 C:/ti/simplelink_cc13x0_sdk_4_20_02_07/source\ti/drivers/lib/drivers_cc13x0.am3g(PowerCC26XX.om3g)
                0x000027cc                Power_registerNotify
 .text.Power_releaseConstraint
                0x000027f0       0x34 C:/ti/simplelink_cc13x0_sdk_4_20_02_07/source\ti/drivers/lib/drivers_cc13x0.am3g(PowerCC26XX.om3g)
                0x000027f0                Power_releaseConstraint
 .text.lfClockReadyCallback
                0x00002824       0x6c C:/ti/simplelink_cc13x0_sdk_4_20_02_07/source\ti/drivers/lib/drivers_cc13x0.am3g(PowerCC26XX.om3g)
 .text.Power_releaseDependency
                0x00002890       0xa8 C:/ti/simplelink_cc13x0_sdk_4_20_02_07/source\ti/drivers/lib/drivers_cc13x0.am3g(PowerCC26XX.om3g)
                0x00002890                Power_releaseDependency
 .text.Power_setConstraint
                0x00002938       0x30 C:/ti/simplelink_cc13x0_sdk_4_20_02_07/source\ti/drivers/lib/drivers_cc13x0.am3g(PowerCC26XX.om3g)
                0x00002938                Power_setConstraint
 .text.Power_init
                0x00002968      0x144 C:/ti/simplelink_cc13x0_sdk_4_20_02_07/source\ti/drivers/lib/drivers_cc13x0.am3g(PowerCC26XX.om3g)
                0x00002968                Power_init
 .text.Power_setDependency
                0x00002aac       0xb0 C:/ti/simplelink_cc13x0_sdk_4_20_02_07/source\ti/drivers/lib/drivers_cc13x0.am3g(PowerCC26XX.om3g)
                0x00002aac                Power_setDependency
 .text.Power_sleep
                0x00002b5c      0x250 C:/ti/simplelink_cc13x0_sdk_4_20_02_07/source\ti/drivers/lib/drivers_cc13x0.am3g(PowerCC26XX.om3g)
                0x00002b5c                Power_sleep
 .text.PowerCC26XX_calibrate
                0x00002dac       0x68 C:/ti/simplelink_cc13x0_sdk_4_20_02_07/source\ti/drivers/lib/drivers_cc13x0.am3g(PowerCC26XX.om3g)
                0x00002dac                PowerCC26XX_calibrate
 .text.PowerCC26XX_isStableXOSC_HF
                0x00002e14       0x48 C:/ti/simplelink_cc13x0_sdk_4_20_02_07/source\ti/drivers/lib/drivers_cc13x0.am3g(PowerCC26XX.om3g)
                0x00002e14                PowerCC26XX_isStableXOSC_HF
 .text.PowerCC26XX_switchXOSC_HF
                0x00002e5c        0x8 C:/ti/simplelink_cc13x0_sdk_4_20_02_07/source\ti/drivers/lib/drivers_cc13x0.am3g(PowerCC26XX.om3g)
                0x00002e5c                PowerCC26XX_switchXOSC_HF
 .text.PowerCC26XX_initiateCalibration
                0x00002e64       0x74 C:/ti/simplelink_cc13x0_sdk_4_20_02_07/source\ti/drivers/lib/drivers_cc13x0.am3g(PowerCC26XX_calibrateRCOSC.om3g)
                0x00002e64                PowerCC26XX_initiateCalibration
 .text.PowerCC26XX_doCalibrate
                0x00002ed8      0x1e8 C:/ti/simplelink_cc13x0_sdk_4_20_02_07/source\ti/drivers/lib/drivers_cc13x0.am3g(PowerCC26XX_calibrateRCOSC.om3g)
                0x00002ed8                PowerCC26XX_doCalibrate
 .text.PowerCC26XX_auxISR
                0x000030c0      0x2f4 C:/ti/simplelink_cc13x0_sdk_4_20_02_07/source\ti/drivers/lib/drivers_cc13x0.am3g(PowerCC26XX_calibrateRCOSC.om3g)
                0x000030c0                PowerCC26XX_auxISR
 .text.PowerCC26XX_RCOSC_clockFunc
                0x000033b4       0x64 C:/ti/simplelink_cc13x0_sdk_4_20_02_07/source\ti/drivers/lib/drivers_cc13x0.am3g(PowerCC26XX_calibrateRCOSC.om3g)
                0x000033b4                PowerCC26XX_RCOSC_clockFunc
 .text.NoRTOS_start
                0x00003418        0x4 C:/ti/simplelink_cc13x0_sdk_4_20_02_07/kernel/nortos\lib/nortos_cc13x0.am3g(NoRTOS.om3g)
                0x00003418                NoRTOS_start
 .text.clkFxn   0x0000341c        0x4 C:/ti/simplelink_cc13x0_sdk_4_20_02_07/kernel/nortos\lib/nortos_cc13x0.am3g(SemaphoreP_nortos.om3g)
                0x0000341c                clkFxn
 .text.SemaphoreP_construct
                0x00003420       0x5c C:/ti/simplelink_cc13x0_sdk_4_20_02_07/kernel/nortos\lib/nortos_cc13x0.am3g(SemaphoreP_nortos.om3g)
                0x00003420                SemaphoreP_construct
 .text.SemaphoreP_constructBinary
                0x0000347c       0x2c C:/ti/simplelink_cc13x0_sdk_4_20_02_07/kernel/nortos\lib/nortos_cc13x0.am3g(SemaphoreP_nortos.om3g)
                0x0000347c                SemaphoreP_constructBinary
 .text.SemaphoreP_pend
                0x000034a8       0xb4 C:/ti/simplelink_cc13x0_sdk_4_20_02_07/kernel/nortos\lib/nortos_cc13x0.am3g(SemaphoreP_nortos.om3g)
                0x000034a8                SemaphoreP_pend
 .text.SemaphoreP_post
                0x0000355c       0x4c C:/ti/simplelink_cc13x0_sdk_4_20_02_07/kernel/nortos\lib/nortos_cc13x0.am3g(SemaphoreP_nortos.om3g)
                0x0000355c                SemaphoreP_post
 .text.SwiP_construct.part.0
                0x000035a8      0x100 C:/ti/simplelink_cc13x0_sdk_4_20_02_07/kernel/nortos\lib/nortos_cc13x0.am3g(SwiP_nortos.om3g)
 .text.SwiP_Params_init
                0x000036a8       0x10 C:/ti/simplelink_cc13x0_sdk_4_20_02_07/kernel/nortos\lib/nortos_cc13x0.am3g(SwiP_nortos.om3g)
                0x000036a8                SwiP_Params_init
 .text.SwiP_construct
                0x000036b8        0x8 C:/ti/simplelink_cc13x0_sdk_4_20_02_07/kernel/nortos\lib/nortos_cc13x0.am3g(SwiP_nortos.om3g)
                0x000036b8                SwiP_construct
 .text.SwiP_disable
                0x000036c0       0x1c C:/ti/simplelink_cc13x0_sdk_4_20_02_07/kernel/nortos\lib/nortos_cc13x0.am3g(SwiP_nortos.om3g)
                0x000036c0                SwiP_disable
 .text.SwiP_dispatch
                0x000036dc       0xac C:/ti/simplelink_cc13x0_sdk_4_20_02_07/kernel/nortos\lib/nortos_cc13x0.am3g(SwiP_nortos.om3g)
                0x000036dc                SwiP_dispatch
 .text.SwiP_handleHwi
                0x00003788       0x18 C:/ti/simplelink_cc13x0_sdk_4_20_02_07/kernel/nortos\lib/nortos_cc13x0.am3g(SwiP_nortos.om3g)
 .text.SwiP_getTrigger
                0x000037a0        0xc C:/ti/simplelink_cc13x0_sdk_4_20_02_07/kernel/nortos\lib/nortos_cc13x0.am3g(SwiP_nortos.om3g)
                0x000037a0                SwiP_getTrigger
 .text.SwiP_post
                0x000037ac       0x70 C:/ti/simplelink_cc13x0_sdk_4_20_02_07/kernel/nortos\lib/nortos_cc13x0.am3g(SwiP_nortos.om3g)
                0x000037ac                SwiP_post
 .text.SwiP_or  0x0000381c       0x20 C:/ti/simplelink_cc13x0_sdk_4_20_02_07/kernel/nortos\lib/nortos_cc13x0.am3g(SwiP_nortos.om3g)
                0x0000381c                SwiP_or
 .text.SwiP_restore
                0x0000383c       0x48 C:/ti/simplelink_cc13x0_sdk_4_20_02_07/kernel/nortos\lib/nortos_cc13x0.am3g(SwiP_nortos.om3g)
                0x0000383c                SwiP_restore
 .text.ClockP_doTick
                0x00003884        0xc C:/ti/simplelink_cc13x0_sdk_4_20_02_07/kernel/nortos\lib/nortos_cc13x0.am3g(ClockPTimer_nortos.om3g)
                0x00003884                ClockP_doTick
 .text.ClockP_startup.part.1
                0x00003890       0xa8 C:/ti/simplelink_cc13x0_sdk_4_20_02_07/kernel/nortos\lib/nortos_cc13x0.am3g(ClockPTimer_nortos.om3g)
 .text.ClockP_Params_init
                0x00003938       0x10 C:/ti/simplelink_cc13x0_sdk_4_20_02_07/kernel/nortos\lib/nortos_cc13x0.am3g(ClockPTimer_nortos.om3g)
                0x00003938                ClockP_Params_init
 .text.ClockP_startup
                0x00003948       0x10 C:/ti/simplelink_cc13x0_sdk_4_20_02_07/kernel/nortos\lib/nortos_cc13x0.am3g(ClockPTimer_nortos.om3g)
                0x00003948                ClockP_startup
 .text.ClockP_getTicks
                0x00003958       0x24 C:/ti/simplelink_cc13x0_sdk_4_20_02_07/kernel/nortos\lib/nortos_cc13x0.am3g(ClockPTimer_nortos.om3g)
                0x00003958                ClockP_getTicks
 .text.ClockP_getTicksUntilInterrupt
                0x0000397c       0x30 C:/ti/simplelink_cc13x0_sdk_4_20_02_07/kernel/nortos\lib/nortos_cc13x0.am3g(ClockPTimer_nortos.om3g)
                0x0000397c                ClockP_getTicksUntilInterrupt
 .text.ClockP_walkQueueDynamic
                0x000039ac       0x70 C:/ti/simplelink_cc13x0_sdk_4_20_02_07/kernel/nortos\lib/nortos_cc13x0.am3g(ClockPTimer_nortos.om3g)
                0x000039ac                ClockP_walkQueueDynamic
 .text.ClockP_workFuncDynamic
                0x00003a1c       0xc0 C:/ti/simplelink_cc13x0_sdk_4_20_02_07/kernel/nortos\lib/nortos_cc13x0.am3g(ClockPTimer_nortos.om3g)
                0x00003a1c                ClockP_workFuncDynamic
 .text.ClockP_add
                0x00003adc       0x1c C:/ti/simplelink_cc13x0_sdk_4_20_02_07/kernel/nortos\lib/nortos_cc13x0.am3g(ClockPTimer_nortos.om3g)
                0x00003adc                ClockP_add
 .text.ClockP_destruct
                0x00003af8       0x1c C:/ti/simplelink_cc13x0_sdk_4_20_02_07/kernel/nortos\lib/nortos_cc13x0.am3g(ClockPTimer_nortos.om3g)
                0x00003af8                ClockP_destruct
 .text.ClockP_start
                0x00003b14       0x84 C:/ti/simplelink_cc13x0_sdk_4_20_02_07/kernel/nortos\lib/nortos_cc13x0.am3g(ClockPTimer_nortos.om3g)
                0x00003b14                ClockP_start
 .text.ClockP_construct
                0x00003b98       0x54 C:/ti/simplelink_cc13x0_sdk_4_20_02_07/kernel/nortos\lib/nortos_cc13x0.am3g(ClockPTimer_nortos.om3g)
                0x00003b98                ClockP_construct
 .text.ClockP_stop
                0x00003bec        0x8 C:/ti/simplelink_cc13x0_sdk_4_20_02_07/kernel/nortos\lib/nortos_cc13x0.am3g(ClockPTimer_nortos.om3g)
                0x00003bec                ClockP_stop
 .text.ClockP_setTimeout
                0x00003bf4        0x4 C:/ti/simplelink_cc13x0_sdk_4_20_02_07/kernel/nortos\lib/nortos_cc13x0.am3g(ClockPTimer_nortos.om3g)
                0x00003bf4                ClockP_setTimeout
 .text.ClockP_getTimeout
                0x00003bf8       0x14 C:/ti/simplelink_cc13x0_sdk_4_20_02_07/kernel/nortos\lib/nortos_cc13x0.am3g(ClockPTimer_nortos.om3g)
                0x00003bf8                ClockP_getTimeout
 .text.ClockP_isActive
                0x00003c0c        0x4 C:/ti/simplelink_cc13x0_sdk_4_20_02_07/kernel/nortos\lib/nortos_cc13x0.am3g(ClockPTimer_nortos.om3g)
                0x00003c0c                ClockP_isActive
 .text.TimerP_dynamicStub
                0x00003c10       0x18 C:/ti/simplelink_cc13x0_sdk_4_20_02_07/kernel/nortos\lib/nortos_cc13x0.am3g(TimerPCC26XX_nortos.om3g)
                0x00003c10                TimerP_dynamicStub
 .text.TimerP_Params_init
                0x00003c28       0x10 C:/ti/simplelink_cc13x0_sdk_4_20_02_07/kernel/nortos\lib/nortos_cc13x0.am3g(TimerPCC26XX_nortos.om3g)
                0x00003c28                TimerP_Params_init
 .text.TimerP_getMaxTicks
                0x00003c38       0x24 C:/ti/simplelink_cc13x0_sdk_4_20_02_07/kernel/nortos\lib/nortos_cc13x0.am3g(TimerPCC26XX_nortos.om3g)
                0x00003c38                TimerP_getMaxTicks
 .text.TimerP_setThreshold
                0x00003c5c       0x34 C:/ti/simplelink_cc13x0_sdk_4_20_02_07/kernel/nortos\lib/nortos_cc13x0.am3g(TimerPCC26XX_nortos.om3g)
                0x00003c5c                TimerP_setThreshold
 .text.TimerP_setNextTick
                0x00003c90       0x30 C:/ti/simplelink_cc13x0_sdk_4_20_02_07/kernel/nortos\lib/nortos_cc13x0.am3g(TimerPCC26XX_nortos.om3g)
                0x00003c90                TimerP_setNextTick
 .text.TimerP_start
                0x00003cc0       0x80 C:/ti/simplelink_cc13x0_sdk_4_20_02_07/kernel/nortos\lib/nortos_cc13x0.am3g(TimerPCC26XX_nortos.om3g)
                0x00003cc0                TimerP_start
 .text.TimerP_construct.part.0
                0x00003d40      0x100 C:/ti/simplelink_cc13x0_sdk_4_20_02_07/kernel/nortos\lib/nortos_cc13x0.am3g(TimerPCC26XX_nortos.om3g)
 .text.TimerP_construct
                0x00003e40       0x10 C:/ti/simplelink_cc13x0_sdk_4_20_02_07/kernel/nortos\lib/nortos_cc13x0.am3g(TimerPCC26XX_nortos.om3g)
                0x00003e40                TimerP_construct
 .text.TimerP_getFreq
                0x00003e50        0xc C:/ti/simplelink_cc13x0_sdk_4_20_02_07/kernel/nortos\lib/nortos_cc13x0.am3g(TimerPCC26XX_nortos.om3g)
                0x00003e50                TimerP_getFreq
 .text.TimerP_getCurrentTick
                0x00003e5c       0x2c C:/ti/simplelink_cc13x0_sdk_4_20_02_07/kernel/nortos\lib/nortos_cc13x0.am3g(TimerPCC26XX_nortos.om3g)
                0x00003e5c                TimerP_getCurrentTick
 .text.HwiP_dispatch
                0x00003e88       0x1c C:/ti/simplelink_cc13x0_sdk_4_20_02_07/kernel/nortos\lib/nortos_cc13x0.am3g(HwiPCC26XX_nortos.om3g)
 .text.HwiP_enable
                0x00003ea4        0x4 C:/ti/simplelink_cc13x0_sdk_4_20_02_07/kernel/nortos\lib/nortos_cc13x0.am3g(HwiPCC26XX_nortos.om3g)
                0x00003ea4                HwiP_enable
 .text.HwiP_disable
                0x00003ea8       0x10 C:/ti/simplelink_cc13x0_sdk_4_20_02_07/kernel/nortos\lib/nortos_cc13x0.am3g(HwiPCC26XX_nortos.om3g)
                0x00003ea8                HwiP_disable
 .text.HwiP_restore
                0x00003eb8        0x8 C:/ti/simplelink_cc13x0_sdk_4_20_02_07/kernel/nortos\lib/nortos_cc13x0.am3g(HwiPCC26XX_nortos.om3g)
                0x00003eb8                HwiP_restore
 .text.HwiP_enableInterrupt
                0x00003ec0        0xc C:/ti/simplelink_cc13x0_sdk_4_20_02_07/kernel/nortos\lib/nortos_cc13x0.am3g(HwiPCC26XX_nortos.om3g)
                0x00003ec0                HwiP_enableInterrupt
 .text.HwiP_construct
                0x00003ecc       0x88 C:/ti/simplelink_cc13x0_sdk_4_20_02_07/kernel/nortos\lib/nortos_cc13x0.am3g(HwiPCC26XX_nortos.om3g)
                0x00003ecc                HwiP_construct
 .text.HwiP_Params_init
                0x00003f54       0x14 C:/ti/simplelink_cc13x0_sdk_4_20_02_07/kernel/nortos\lib/nortos_cc13x0.am3g(HwiPCC26XX_nortos.om3g)
                0x00003f54                HwiP_Params_init
 .text.HwiP_setFunc
                0x00003f68       0x1c C:/ti/simplelink_cc13x0_sdk_4_20_02_07/kernel/nortos\lib/nortos_cc13x0.am3g(HwiPCC26XX_nortos.om3g)
                0x00003f68                HwiP_setFunc
 .text.HwiP_post
                0x00003f84        0xc C:/ti/simplelink_cc13x0_sdk_4_20_02_07/kernel/nortos\lib/nortos_cc13x0.am3g(HwiPCC26XX_nortos.om3g)
                0x00003f84                HwiP_post
 .text.HwiP_inISR
                0x00003f90       0x14 C:/ti/simplelink_cc13x0_sdk_4_20_02_07/kernel/nortos\lib/nortos_cc13x0.am3g(HwiPCC26XX_nortos.om3g)
                0x00003f90                HwiP_inISR
 .text.PowerCC26XX_standbyPolicy
                0x00003fa4      0x100 C:/ti/simplelink_cc13x0_sdk_4_20_02_07/kernel/nortos\lib/nortos_cc13x0.am3g(PowerCC26XX_nortos.om3g)
                0x00003fa4                PowerCC26XX_standbyPolicy
 .text.PowerCC26XX_schedulerDisable
                0x000040a4       0x10 C:/ti/simplelink_cc13x0_sdk_4_20_02_07/kernel/nortos\lib/nortos_cc13x0.am3g(PowerCC26XX_nortos.om3g)
                0x000040a4                PowerCC26XX_schedulerDisable
 .text.PowerCC26XX_schedulerRestore
                0x000040b4        0xc C:/ti/simplelink_cc13x0_sdk_4_20_02_07/kernel/nortos\lib/nortos_cc13x0.am3g(PowerCC26XX_nortos.om3g)
                0x000040b4                PowerCC26XX_schedulerRestore
 .text.resetISR
                0x000040c0       0x10 C:/ti/simplelink_cc13x0_sdk_4_20_02_07/kernel/nortos\lib/nortos_cc13x0.am3g(startup_cc13xx_cc26xx_gcc.om3g)
                0x000040c0                resetISR
 .text.nmiISR   0x000040d0        0x4 C:/ti/simplelink_cc13x0_sdk_4_20_02_07/kernel/nortos\lib/nortos_cc13x0.am3g(startup_cc13xx_cc26xx_gcc.om3g)
 .text.faultISR
                0x000040d4        0x4 C:/ti/simplelink_cc13x0_sdk_4_20_02_07/kernel/nortos\lib/nortos_cc13x0.am3g(startup_cc13xx_cc26xx_gcc.om3g)
 .text.busFaultHandler
                0x000040d8        0x4 C:/ti/simplelink_cc13x0_sdk_4_20_02_07/kernel/nortos\lib/nortos_cc13x0.am3g(startup_cc13xx_cc26xx_gcc.om3g)
 .text.defaultHandler
                0x000040dc        0x4 C:/ti/simplelink_cc13x0_sdk_4_20_02_07/kernel/nortos\lib/nortos_cc13x0.am3g(startup_cc13xx_cc26xx_gcc.om3g)
 .text.localProgramStart
                0x000040e0       0x8c C:/ti/simplelink_cc13x0_sdk_4_20_02_07/kernel/nortos\lib/nortos_cc13x0.am3g(startup_cc13xx_cc26xx_gcc.om3g)
                0x000040e0                localProgramStart
 .text._fini    0x0000416c        0x4 C:/ti/simplelink_cc13x0_sdk_4_20_02_07/kernel/nortos\lib/nortos_cc13x0.am3g(startup_cc13xx_cc26xx_gcc.om3g)
                0x0000416c                _fini
 .text.QueueP_init
                0x00004170        0x8 C:/ti/simplelink_cc13x0_sdk_4_20_02_07/kernel/nortos\lib/nortos_cc13x0.am3g(QueueP_nortos.om3g)
                0x00004170                QueueP_init
 .text.QueueP_empty
                0x00004178        0xc C:/ti/simplelink_cc13x0_sdk_4_20_02_07/kernel/nortos\lib/nortos_cc13x0.am3g(QueueP_nortos.om3g)
                0x00004178                QueueP_empty
 .text.QueueP_get
                0x00004184       0x1c C:/ti/simplelink_cc13x0_sdk_4_20_02_07/kernel/nortos\lib/nortos_cc13x0.am3g(QueueP_nortos.om3g)
                0x00004184                QueueP_get
 .text.QueueP_head
                0x000041a0        0x4 C:/ti/simplelink_cc13x0_sdk_4_20_02_07/kernel/nortos\lib/nortos_cc13x0.am3g(QueueP_nortos.om3g)
                0x000041a0                QueueP_head
 .text.QueueP_next
                0x000041a4        0x4 C:/ti/simplelink_cc13x0_sdk_4_20_02_07/kernel/nortos\lib/nortos_cc13x0.am3g(QueueP_nortos.om3g)
                0x000041a4                QueueP_next
 .text.QueueP_put
                0x000041a8       0x20 C:/ti/simplelink_cc13x0_sdk_4_20_02_07/kernel/nortos\lib/nortos_cc13x0.am3g(QueueP_nortos.om3g)
                0x000041a8                QueueP_put
 .text.QueueP_remove
                0x000041c8       0x10 C:/ti/simplelink_cc13x0_sdk_4_20_02_07/kernel/nortos\lib/nortos_cc13x0.am3g(QueueP_nortos.om3g)
                0x000041c8                QueueP_remove
 .text.NOROM_ChipInfo_GetPackageType
                0x000041d8       0x18 C:/ti/simplelink_cc13x0_sdk_4_20_02_07/source\ti/devices/cc13x0/driverlib/bin/gcc/driverlib.lib(chipinfo.o)
                0x000041d8                NOROM_ChipInfo_GetPackageType
 .text.NOROM_ChipInfo_GetChipFamily
                0x000041f0       0x1c C:/ti/simplelink_cc13x0_sdk_4_20_02_07/source\ti/devices/cc13x0/driverlib/bin/gcc/driverlib.lib(chipinfo.o)
                0x000041f0                NOROM_ChipInfo_GetChipFamily
 .text.NOROM_ChipInfo_GetChipType
                0x0000420c       0x30 C:/ti/simplelink_cc13x0_sdk_4_20_02_07/source\ti/devices/cc13x0/driverlib/bin/gcc/driverlib.lib(chipinfo.o)
                0x0000420c                NOROM_ChipInfo_GetChipType
 .text.NOROM_ChipInfo_GetHwRevision
                0x0000423c       0x3c C:/ti/simplelink_cc13x0_sdk_4_20_02_07/source\ti/devices/cc13x0/driverlib/bin/gcc/driverlib.lib(chipinfo.o)
                0x0000423c                NOROM_ChipInfo_GetHwRevision
 .text.NOROM_ThisLibraryIsFor_CC13x0_HwRev20AndLater_HaltIfViolated
                0x00004278       0x16 C:/ti/simplelink_cc13x0_sdk_4_20_02_07/source\ti/devices/cc13x0/driverlib/bin/gcc/driverlib.lib(chipinfo.o)
                0x00004278                NOROM_ThisLibraryIsFor_CC13x0_HwRev20AndLater_HaltIfViolated
 *fill*         0x0000428e        0x2 
 .text.TrimAfterColdResetWakeupFromShutDown
                0x00004290       0xd0 C:/ti/simplelink_cc13x0_sdk_4_20_02_07/source\ti/devices/cc13x0/driverlib/bin/gcc/driverlib.lib(setup.o)
 .text.NOROM_SetupTrimDevice
                0x00004360       0xa4 C:/ti/simplelink_cc13x0_sdk_4_20_02_07/source\ti/devices/cc13x0/driverlib/bin/gcc/driverlib.lib(setup.o)
                0x00004360                NOROM_SetupTrimDevice
 .text.NOROM_SysCtrlSetRechargeBeforePowerDown
                0x00004404      0x210 C:/ti/simplelink_cc13x0_sdk_4_20_02_07/source\ti/devices/cc13x0/driverlib/bin/gcc/driverlib.lib(sys_ctrl.o)
                0x00004404                NOROM_SysCtrlSetRechargeBeforePowerDown
 .text.NOROM_SysCtrlAdjustRechargeAfterPowerDown
                0x00004614       0x6c C:/ti/simplelink_cc13x0_sdk_4_20_02_07/source\ti/devices/cc13x0/driverlib/bin/gcc/driverlib.lib(sys_ctrl.o)
                0x00004614                NOROM_SysCtrlAdjustRechargeAfterPowerDown
 .text.NOROM_SysCtrl_DCDC_VoltageConditionalControl
                0x00004680       0x78 C:/ti/simplelink_cc13x0_sdk_4_20_02_07/source\ti/devices/cc13x0/driverlib/bin/gcc/driverlib.lib(sys_ctrl.o)
                0x00004680                NOROM_SysCtrl_DCDC_VoltageConditionalControl
 .text.NOROM_CPUcpsid
                0x000046f8        0x8 C:/ti/simplelink_cc13x0_sdk_4_20_02_07/source\ti/devices/cc13x0/driverlib/bin/gcc/driverlib.lib(cpu.o)
                0x000046f8                NOROM_CPUcpsid
 .text.NOROM_CPUcpsie
                0x00004700        0x8 C:/ti/simplelink_cc13x0_sdk_4_20_02_07/source\ti/devices/cc13x0/driverlib/bin/gcc/driverlib.lib(cpu.o)
                0x00004700                NOROM_CPUcpsie
 .text.NOROM_RFCCpeIntGetAndClear
                0x00004708       0x18 C:/ti/simplelink_cc13x0_sdk_4_20_02_07/source\ti/devices/cc13x0/driverlib/bin/gcc/driverlib.lib(rfc.o)
                0x00004708                NOROM_RFCCpeIntGetAndClear
 .text.NOROM_RFCDoorbellSendTo
                0x00004720       0x2c C:/ti/simplelink_cc13x0_sdk_4_20_02_07/source\ti/devices/cc13x0/driverlib/bin/gcc/driverlib.lib(rfc.o)
                0x00004720                NOROM_RFCDoorbellSendTo
 .text.NOROM_RFCSynthPowerDown
                0x0000474c       0x4c C:/ti/simplelink_cc13x0_sdk_4_20_02_07/source\ti/devices/cc13x0/driverlib/bin/gcc/driverlib.lib(rfc.o)
                0x0000474c                NOROM_RFCSynthPowerDown
 .text.NOROM_RFCCpePatchReset
                0x00004798       0x60 C:/ti/simplelink_cc13x0_sdk_4_20_02_07/source\ti/devices/cc13x0/driverlib/bin/gcc/driverlib.lib(rfc.o)
                0x00004798                NOROM_RFCCpePatchReset
 .text.NOROM_RFCOverrideSearch
                0x000047f8       0x26 C:/ti/simplelink_cc13x0_sdk_4_20_02_07/source\ti/devices/cc13x0/driverlib/bin/gcc/driverlib.lib(rfc.o)
                0x000047f8                NOROM_RFCOverrideSearch
 *fill*         0x0000481e        0x2 
 .text.NOROM_RFCHwIntGetAndClear
                0x00004820       0x10 C:/ti/simplelink_cc13x0_sdk_4_20_02_07/source\ti/devices/cc13x0/driverlib/bin/gcc/driverlib.lib(rfc.o)
                0x00004820                NOROM_RFCHwIntGetAndClear
 .text.NOROM_RFCRfTrimRead
                0x00004830      0x150 C:/ti/simplelink_cc13x0_sdk_4_20_02_07/source\ti/devices/cc13x0/driverlib/bin/gcc/driverlib.lib(rfc.o)
                0x00004830                NOROM_RFCRfTrimRead
 .text.NOROM_RFCRfTrimSet
                0x00004980       0x20 C:/ti/simplelink_cc13x0_sdk_4_20_02_07/source\ti/devices/cc13x0/driverlib/bin/gcc/driverlib.lib(rfc.o)
                0x00004980                NOROM_RFCRfTrimSet
 .text.NOROM_RFCRTrim
                0x000049a0      0x104 C:/ti/simplelink_cc13x0_sdk_4_20_02_07/source\ti/devices/cc13x0/driverlib/bin/gcc/driverlib.lib(rfc.o)
                0x000049a0                NOROM_RFCRTrim
 .text.NOROM_RFCOverrideUpdate
                0x00004aa4        0x4 C:/ti/simplelink_cc13x0_sdk_4_20_02_07/source\ti/devices/cc13x0/driverlib/bin/gcc/driverlib.lib(rfc.o)
                0x00004aa4                NOROM_RFCOverrideUpdate
 .text.NOROM_RFCAdi3VcoLdoVoltageMode
                0x00004aa8       0x1c C:/ti/simplelink_cc13x0_sdk_4_20_02_07/source\ti/devices/cc13x0/driverlib/bin/gcc/driverlib.lib(rfc.o)
                0x00004aa8                NOROM_RFCAdi3VcoLdoVoltageMode
 .text.NOROM_AONRTCCurrentCompareValueGet
                0x00004ac4       0x20 C:/ti/simplelink_cc13x0_sdk_4_20_02_07/source\ti/devices/cc13x0/driverlib/bin/gcc/driverlib.lib(aon_rtc.o)
                0x00004ac4                NOROM_AONRTCCurrentCompareValueGet
 .text.NOROM_AONRTCCurrent64BitValueGet
                0x00004ae4       0x1c C:/ti/simplelink_cc13x0_sdk_4_20_02_07/source\ti/devices/cc13x0/driverlib/bin/gcc/driverlib.lib(aon_rtc.o)
                0x00004ae4                NOROM_AONRTCCurrent64BitValueGet
 .text.NOROM_SetupSetVddrLevel
                0x00004b00       0x78 C:/ti/simplelink_cc13x0_sdk_4_20_02_07/source\ti/devices/cc13x0/driverlib/bin/gcc/driverlib.lib(setup_rom.o)
                0x00004b00                NOROM_SetupSetVddrLevel
 .text.NOROM_SetupAfterColdResetWakeupFromShutDownCfg1
                0x00004b78       0xac C:/ti/simplelink_cc13x0_sdk_4_20_02_07/source\ti/devices/cc13x0/driverlib/bin/gcc/driverlib.lib(setup_rom.o)
                0x00004b78                NOROM_SetupAfterColdResetWakeupFromShutDownCfg1
 .text.NOROM_SetupGetTrimForAnabypassValue1
                0x00004c24       0x5c C:/ti/simplelink_cc13x0_sdk_4_20_02_07/source\ti/devices/cc13x0/driverlib/bin/gcc/driverlib.lib(setup_rom.o)
                0x00004c24                NOROM_SetupGetTrimForAnabypassValue1
 .text.NOROM_SetupGetTrimForRcOscLfRtuneCtuneTrim
                0x00004c80       0x18 C:/ti/simplelink_cc13x0_sdk_4_20_02_07/source\ti/devices/cc13x0/driverlib/bin/gcc/driverlib.lib(setup_rom.o)
                0x00004c80                NOROM_SetupGetTrimForRcOscLfRtuneCtuneTrim
 .text.NOROM_SetupGetTrimForAmpcompCtrl
                0x00004c98       0x54 C:/ti/simplelink_cc13x0_sdk_4_20_02_07/source\ti/devices/cc13x0/driverlib/bin/gcc/driverlib.lib(setup_rom.o)
                0x00004c98                NOROM_SetupGetTrimForAmpcompCtrl
 .text.NOROM_SetupGetTrimForDblrLoopFilterResetVoltage
                0x00004cec       0x14 C:/ti/simplelink_cc13x0_sdk_4_20_02_07/source\ti/devices/cc13x0/driverlib/bin/gcc/driverlib.lib(setup_rom.o)
                0x00004cec                NOROM_SetupGetTrimForDblrLoopFilterResetVoltage
 .text.NOROM_SetupGetTrimForAdcShModeEn
                0x00004d00       0x14 C:/ti/simplelink_cc13x0_sdk_4_20_02_07/source\ti/devices/cc13x0/driverlib/bin/gcc/driverlib.lib(setup_rom.o)
                0x00004d00                NOROM_SetupGetTrimForAdcShModeEn
 .text.NOROM_SetupGetTrimForAdcShVbufEn
                0x00004d14       0x14 C:/ti/simplelink_cc13x0_sdk_4_20_02_07/source\ti/devices/cc13x0/driverlib/bin/gcc/driverlib.lib(setup_rom.o)
                0x00004d14                NOROM_SetupGetTrimForAdcShVbufEn
 .text.NOROM_SetupGetTrimForXoscHfCtl
                0x00004d28       0x28 C:/ti/simplelink_cc13x0_sdk_4_20_02_07/source\ti/devices/cc13x0/driverlib/bin/gcc/driverlib.lib(setup_rom.o)
                0x00004d28                NOROM_SetupGetTrimForXoscHfCtl
 .text.NOROM_SetupGetTrimForXoscHfFastStart
                0x00004d50       0x10 C:/ti/simplelink_cc13x0_sdk_4_20_02_07/source\ti/devices/cc13x0/driverlib/bin/gcc/driverlib.lib(setup_rom.o)
                0x00004d50                NOROM_SetupGetTrimForXoscHfFastStart
 .text.NOROM_SetupGetTrimForRadcExtCfg
                0x00004d60       0x28 C:/ti/simplelink_cc13x0_sdk_4_20_02_07/source\ti/devices/cc13x0/driverlib/bin/gcc/driverlib.lib(setup_rom.o)
                0x00004d60                NOROM_SetupGetTrimForRadcExtCfg
 .text.NOROM_SetupGetTrimForRcOscLfIBiasTrim
                0x00004d88       0x14 C:/ti/simplelink_cc13x0_sdk_4_20_02_07/source\ti/devices/cc13x0/driverlib/bin/gcc/driverlib.lib(setup_rom.o)
                0x00004d88                NOROM_SetupGetTrimForRcOscLfIBiasTrim
 .text.NOROM_SetupGetTrimForXoscLfRegulatorAndCmirrwrRatio
                0x00004d9c       0x14 C:/ti/simplelink_cc13x0_sdk_4_20_02_07/source\ti/devices/cc13x0/driverlib/bin/gcc/driverlib.lib(setup_rom.o)
                0x00004d9c                NOROM_SetupGetTrimForXoscLfRegulatorAndCmirrwrRatio
 .text.NOROM_SetupAfterColdResetWakeupFromShutDownCfg2
                0x00004db0      0x124 C:/ti/simplelink_cc13x0_sdk_4_20_02_07/source\ti/devices/cc13x0/driverlib/bin/gcc/driverlib.lib(setup_rom.o)
                0x00004db0                NOROM_SetupAfterColdResetWakeupFromShutDownCfg2
 .text.NOROM_SetupSetCacheModeAccordingToCcfgSetting
                0x00004ed4       0x6c C:/ti/simplelink_cc13x0_sdk_4_20_02_07/source\ti/devices/cc13x0/driverlib/bin/gcc/driverlib.lib(setup_rom.o)
                0x00004ed4                NOROM_SetupSetCacheModeAccordingToCcfgSetting
 .text.NOROM_SetupSetAonRtcSubSecInc
                0x00004f40       0x28 C:/ti/simplelink_cc13x0_sdk_4_20_02_07/source\ti/devices/cc13x0/driverlib/bin/gcc/driverlib.lib(setup_rom.o)
                0x00004f40                NOROM_SetupSetAonRtcSubSecInc
 .text.NOROM_SetupAfterColdResetWakeupFromShutDownCfg3
                0x00004f68      0x14c C:/ti/simplelink_cc13x0_sdk_4_20_02_07/source\ti/devices/cc13x0/driverlib/bin/gcc/driverlib.lib(setup_rom.o)
                0x00004f68                NOROM_SetupAfterColdResetWakeupFromShutDownCfg3
 .text.NOROM_IntRegister
                0x000050b4       0x34 C:/ti/simplelink_cc13x0_sdk_4_20_02_07/source\ti/devices/cc13x0/driverlib/bin/gcc/driverlib.lib(interrupt.o)
                0x000050b4                NOROM_IntRegister
 .text.NOROM_OSCClockSourceSet
                0x000050e8       0x5c C:/ti/simplelink_cc13x0_sdk_4_20_02_07/source\ti/devices/cc13x0/driverlib/bin/gcc/driverlib.lib(osc.o)
                0x000050e8                NOROM_OSCClockSourceSet
 .text.NOROM_OSCClockSourceGet
                0x00005144       0x2c C:/ti/simplelink_cc13x0_sdk_4_20_02_07/source\ti/devices/cc13x0/driverlib/bin/gcc/driverlib.lib(osc.o)
                0x00005144                NOROM_OSCClockSourceGet
 .text.NOROM_OSCHF_TurnOnXosc
                0x00005170       0x18 C:/ti/simplelink_cc13x0_sdk_4_20_02_07/source\ti/devices/cc13x0/driverlib/bin/gcc/driverlib.lib(osc.o)
                0x00005170                NOROM_OSCHF_TurnOnXosc
 .text.NOROM_OSCHF_AttemptToSwitchToXosc
                0x00005188       0x64 C:/ti/simplelink_cc13x0_sdk_4_20_02_07/source\ti/devices/cc13x0/driverlib/bin/gcc/driverlib.lib(osc.o)
                0x00005188                NOROM_OSCHF_AttemptToSwitchToXosc
 .text.NOROM_OSCHF_SwitchToRcOscTurnOffXosc
                0x000051ec       0x34 C:/ti/simplelink_cc13x0_sdk_4_20_02_07/source\ti/devices/cc13x0/driverlib/bin/gcc/driverlib.lib(osc.o)
                0x000051ec                NOROM_OSCHF_SwitchToRcOscTurnOffXosc
 .text.NOROM_OSC_HPOSCRelativeFrequencyOffsetGet
                0x00005220       0x3c C:/ti/simplelink_cc13x0_sdk_4_20_02_07/source\ti/devices/cc13x0/driverlib/bin/gcc/driverlib.lib(osc.o)
                0x00005220                NOROM_OSC_HPOSCRelativeFrequencyOffsetGet
 .text.NOROM_OSC_HPOSCRelativeFrequencyOffsetToRFCoreFormatConvert
                0x0000525c        0xc C:/ti/simplelink_cc13x0_sdk_4_20_02_07/source\ti/devices/cc13x0/driverlib/bin/gcc/driverlib.lib(osc.o)
                0x0000525c                NOROM_OSC_HPOSCRelativeFrequencyOffsetToRFCoreFormatConvert
 .text.NOROM_AONBatMonTemperatureGetDegC
                0x00005268       0x30 C:/ti/simplelink_cc13x0_sdk_4_20_02_07/source\ti/devices/cc13x0/driverlib/bin/gcc/driverlib.lib(aon_batmon.o)
                0x00005268                NOROM_AONBatMonTemperatureGetDegC
 .text.SafeHapiVoid
                0x00005298       0x28 C:/ti/simplelink_cc13x0_sdk_4_20_02_07/source\ti/devices/cc13x0/driverlib/bin/gcc/driverlib.lib(adi.o)
                0x00005298                SafeHapiVoid
 .text.NOROM_VIMSModeGet
                0x000052c0        0xe C:/ti/simplelink_cc13x0_sdk_4_20_02_07/source\ti/devices/cc13x0/driverlib/bin/gcc/driverlib.lib(vims.o)
                0x000052c0                NOROM_VIMSModeGet
 *fill*         0x000052ce        0x2 
 .text.AuxAdiDdiSafeWrite.constprop.1
                0x000052d0       0x28 C:/ti/simplelink_cc13x0_sdk_4_20_02_07/source\ti/devices/cc13x0/driverlib/bin/gcc/driverlib.lib(ddi.o)
 .text.NOROM_DDI32RegWrite
                0x000052f8        0x8 C:/ti/simplelink_cc13x0_sdk_4_20_02_07/source\ti/devices/cc13x0/driverlib/bin/gcc/driverlib.lib(ddi.o)
                0x000052f8                NOROM_DDI32RegWrite
 .text.memcpy   0x00005300       0x16 C:/ti/gcc-arm-none-eabi_7_2_1/arm-none-eabi/lib/thumb/v7-m\libc_nano.a(lib_a-memcpy-stub.o)
                0x00005300                memcpy
 .text.memset   0x00005316       0x10 C:/ti/gcc-arm-none-eabi_7_2_1/arm-none-eabi/lib/thumb/v7-m\libc_nano.a(lib_a-memset.o)
                0x00005316                memset
                0x00005328                . = ALIGN (0x4)
 *fill*         0x00005326        0x2 
 *(.ctors)
                0x00005328                . = ALIGN (0x4)
 *(.dtors)
                0x00005328                . = ALIGN (0x4)
                0x00005328                __init_array_start = .
 *(.init_array*)
                0x00005328                __init_array_end = .
 *(.init)
 *(.fini*)
                [!provide]                PROVIDE (__etext, .)
                [!provide]                PROVIDE (_etext, .)
                [!provide]                PROVIDE (etext, .)

.glue_7         0x00005328        0x0
 .glue_7        0x00005328        0x0 linker stubs

.glue_7t        0x00005328        0x0
 .glue_7t       0x00005328        0x0 linker stubs

.vfp11_veneer   0x00005328        0x0
 .vfp11_veneer  0x00005328        0x0 linker stubs

.v4_bx          0x00005328        0x0
 .v4_bx         0x00005328        0x0 linker stubs

.iplt           0x00005328        0x0
 .iplt          0x00005328        0x0 ./CC1310_LAUNCHXL.o

.rodata         0x00005328     0x12cc
 *(.rodata)
 *(.rodata.*)
 .rodata.GPIOCC26XX_config
                0x00005328       0x14 ./CC1310_LAUNCHXL.o
                0x00005328                GPIOCC26XX_config
 .rodata.BoardGpioInitTable
                0x0000533c        0x8 ./CC1310_LAUNCHXL.o
                0x0000533c                BoardGpioInitTable
 .rodata.PINCC26XX_hwAttrs
                0x00005344        0x8 ./CC1310_LAUNCHXL.o
                0x00005344                PINCC26XX_hwAttrs
 .rodata.PowerCC26XX_config
                0x0000534c       0x18 ./CC1310_LAUNCHXL.o
                0x0000534c                PowerCC26XX_config
 .rodata.RFCC26XX_hwAttrs
                0x00005364        0xc ./CC1310_LAUNCHXL.o
                0x00005364                RFCC26XX_hwAttrs
 .rodata.patchImageGenook
                0x00005370      0x408 ./smartrf_settings/smartrf_settings.o
 .rodata.patchGenookRfe
                0x00005778      0x6a4 ./smartrf_settings/smartrf_settings.o
 .rodata.patchGenookMce
                0x00005e1c      0x73c ./smartrf_settings/smartrf_settings.o
 .rodata.inPinTypes
                0x00006558        0xc C:/ti/simplelink_cc13x0_sdk_4_20_02_07/source\ti/drivers/lib/drivers_cc13x0.am3g(GPIOCC26XX.om3g)
                0x00006558                inPinTypes
 .rodata.interruptType
                0x00006564       0x18 C:/ti/simplelink_cc13x0_sdk_4_20_02_07/source\ti/drivers/lib/drivers_cc13x0.am3g(GPIOCC26XX.om3g)
 .rodata.outPinStrengths
                0x0000657c        0xc C:/ti/simplelink_cc13x0_sdk_4_20_02_07/source\ti/drivers/lib/drivers_cc13x0.am3g(GPIOCC26XX.om3g)
                0x0000657c                outPinStrengths
 .rodata.outPinTypes
                0x00006588       0x10 C:/ti/simplelink_cc13x0_sdk_4_20_02_07/source\ti/drivers/lib/drivers_cc13x0.am3g(GPIOCC26XX.om3g)
                0x00006588                outPinTypes
 .rodata.resourceDB
                0x00006598       0x4c C:/ti/simplelink_cc13x0_sdk_4_20_02_07/source\ti/drivers/lib/drivers_cc13x0.am3g(PowerCC26XX.om3g)
                0x00006598                resourceDB
 .rodata.SwiP_defaultParams
                0x000065e4       0x10 C:/ti/simplelink_cc13x0_sdk_4_20_02_07/kernel/nortos\lib/nortos_cc13x0.am3g(SwiP_nortos.om3g)

.data           0x20000000      0x204 load address 0x000065f4
                0x000065f4                __data_load__ = LOADADDR (.data)
                0x20000000                __data_start__ = .
 *(.data)
 *(.data.*)
 .data.gpioPinConfigs
                0x20000000        0x4 ./CC1310_LAUNCHXL.o
                0x20000000                gpioPinConfigs
 .data.RF_prop  0x20000004       0x10 ./smartrf_settings/smartrf_settings.o
                0x20000004                RF_prop
 .data.pOverrides
                0x20000014       0x64 ./smartrf_settings/smartrf_settings.o
                0x20000014                pOverrides
 .data.RF_cmdPropRadioDivSetup
                0x20000078       0x28 ./smartrf_settings/smartrf_settings.o
                0x20000078                RF_cmdPropRadioDivSetup
 .data.RF_cmdFs
                0x200000a0       0x18 ./smartrf_settings/smartrf_settings.o
                0x200000a0                RF_cmdFs
 .data.RF_cmdTxTest
                0x200000b8       0x1c ./smartrf_settings/smartrf_settings.o
                0x200000b8                RF_cmdTxTest
 .data.PowerCC26XX_module
                0x200000d4      0x114 C:/ti/simplelink_cc13x0_sdk_4_20_02_07/source\ti/drivers/lib/drivers_cc13x0.am3g(PowerCC26XX.om3g)
                0x200000d4                PowerCC26XX_module
 .data.SemaphoreP_defaultParams
                0x200001e8        0x8 C:/ti/simplelink_cc13x0_sdk_4_20_02_07/kernel/nortos\lib/nortos_cc13x0.am3g(SemaphoreP_nortos.om3g)
                0x200001e8                SemaphoreP_defaultParams
 .data.ClockP_tickPeriod
                0x200001f0        0x4 C:/ti/simplelink_cc13x0_sdk_4_20_02_07/kernel/nortos\lib/nortos_cc13x0.am3g(ClockPTimer_nortos.om3g)
                0x200001f0                ClockP_tickPeriod
 .data.TimerP_defaultParams
                0x200001f4        0xc C:/ti/simplelink_cc13x0_sdk_4_20_02_07/kernel/nortos\lib/nortos_cc13x0.am3g(TimerPCC26XX_nortos.om3g)
 .data.HwiP_swiPIntNum
                0x20000200        0x4 C:/ti/simplelink_cc13x0_sdk_4_20_02_07/kernel/nortos\lib/nortos_cc13x0.am3g(HwiPCC26XX_nortos.om3g)
                0x20000200                HwiP_swiPIntNum
                0x20000204                . = ALIGN (0x4)
                0x20000204                __data_end__ = .

.igot.plt       0x20000204        0x0 load address 0x000067f8
 .igot.plt      0x20000204        0x0 ./CC1310_LAUNCHXL.o

vtable_ram      0x20000300       0xc8 load address 0x000067f8
 vtable_ram     0x20000300       0xc8 C:/ti/simplelink_cc13x0_sdk_4_20_02_07/source\ti/devices/cc13x0/driverlib/bin/gcc/driverlib.lib(interrupt.o)

.ARM.exidx      0x000068c0        0x8
                0x000068c0                __exidx_start = .
 *(.ARM.exidx* .gnu.linkonce.armexidx.*)
 .ARM.exidx     0x000068c0        0x8 c:/ti/gcc-arm-none-eabi_7_2_1/bin/../lib/gcc/arm-none-eabi/7.2.1/thumb/v7-m\libgcc.a(_udivmoddi4.o)
                0x000068c8                __exidx_end = .

.ARM.extab
 *(.ARM.extab* .gnu.linkonce.armextab.*)

.nvs
 *(.nvs)

.ccfg           0x0001ffa8       0x58
 *(.ccfg)
 .ccfg          0x0001ffa8       0x58 ./ccfg.o
                0x0001ffa8                __ccfg

.rel.dyn        0x00020000        0x0
 .rel.iplt      0x00020000        0x0 ./CC1310_LAUNCHXL.o

.bss            0x200003c8      0x7e8
                0x200003c8                __bss_start__ = .
 *(.shbss)
 *(.bss)
 *(.bss.*)
 .bss.gpioCallbackFunctions
                0x200003c8       0x10 ./CC1310_LAUNCHXL.o
                0x200003c8                gpioCallbackFunctions
 .bss.rfObject  0x200003d8       0xa8 ./rfCarrierWave.o
 .bss.rfHandle  0x20000480        0x4 ./rfCarrierWave.o
 .bss.RF_Sch    0x20000484       0x30 C:/ti/simplelink_cc13x0_sdk_4_20_02_07/source\ti/drivers/rf/lib/rf_multiMode_cc13x0.am3g(RFCC26XX_multiMode.om3g)
 .bss.RF_clkInactivityObj
                0x200004b4       0x24 C:/ti/simplelink_cc13x0_sdk_4_20_02_07/source\ti/drivers/rf/lib/rf_multiMode_cc13x0.am3g(RFCC26XX_multiMode.om3g)
 .bss.RF_clkPowerUpObj
                0x200004d8       0x24 C:/ti/simplelink_cc13x0_sdk_4_20_02_07/source\ti/drivers/rf/lib/rf_multiMode_cc13x0.am3g(RFCC26XX_multiMode.om3g)
 *fill*         0x200004fc        0x4 
 .bss.RF_cmdPool
                0x20000500      0x200 C:/ti/simplelink_cc13x0_sdk_4_20_02_07/source\ti/drivers/rf/lib/rf_multiMode_cc13x0.am3g(RFCC26XX_multiMode.om3g)
 .bss.RF_cmdQ   0x20000700       0x20 C:/ti/simplelink_cc13x0_sdk_4_20_02_07/source\ti/drivers/rf/lib/rf_multiMode_cc13x0.am3g(RFCC26XX_multiMode.om3g)
 .bss.RF_core   0x20000720       0x10 C:/ti/simplelink_cc13x0_sdk_4_20_02_07/source\ti/drivers/rf/lib/rf_multiMode_cc13x0.am3g(RFCC26XX_multiMode.om3g)
 .bss.RF_currClient
                0x20000730        0x4 C:/ti/simplelink_cc13x0_sdk_4_20_02_07/source\ti/drivers/rf/lib/rf_multiMode_cc13x0.am3g(RFCC26XX_multiMode.om3g)
 .bss.RF_errTolValInUs
                0x20000734        0x4 C:/ti/simplelink_cc13x0_sdk_4_20_02_07/source\ti/drivers/rf/lib/rf_multiMode_cc13x0.am3g(RFCC26XX_multiMode.om3g)
 .bss.RF_hwiCpe0Obj
                0x20000738       0x1c C:/ti/simplelink_cc13x0_sdk_4_20_02_07/source\ti/drivers/rf/lib/rf_multiMode_cc13x0.am3g(RFCC26XX_multiMode.om3g)
 .bss.RF_hwiHwObj
                0x20000754       0x1c C:/ti/simplelink_cc13x0_sdk_4_20_02_07/source\ti/drivers/rf/lib/rf_multiMode_cc13x0.am3g(RFCC26XX_multiMode.om3g)
 .bss.RF_numClients
                0x20000770        0x1 C:/ti/simplelink_cc13x0_sdk_4_20_02_07/source\ti/drivers/rf/lib/rf_multiMode_cc13x0.am3g(RFCC26XX_multiMode.om3g)
 .bss.RF_powerConstraint
                0x20000771        0x1 C:/ti/simplelink_cc13x0_sdk_4_20_02_07/source\ti/drivers/rf/lib/rf_multiMode_cc13x0.am3g(RFCC26XX_multiMode.om3g)
 *fill*         0x20000772        0x6 
 .bss.RF_ratModule
                0x20000778       0x68 C:/ti/simplelink_cc13x0_sdk_4_20_02_07/source\ti/drivers/rf/lib/rf_multiMode_cc13x0.am3g(RFCC26XX_multiMode.om3g)
 .bss.RF_ratSyncCmd
                0x200007e0       0x14 C:/ti/simplelink_cc13x0_sdk_4_20_02_07/source\ti/drivers/rf/lib/rf_multiMode_cc13x0.am3g(RFCC26XX_multiMode.om3g)
 .bss.RF_rtcBeginSequence
                0x200007f4        0x4 C:/ti/simplelink_cc13x0_sdk_4_20_02_07/source\ti/drivers/rf/lib/rf_multiMode_cc13x0.am3g(RFCC26XX_multiMode.om3g)
 .bss.RF_rtcTimestampA
                0x200007f8        0x4 C:/ti/simplelink_cc13x0_sdk_4_20_02_07/source\ti/drivers/rf/lib/rf_multiMode_cc13x0.am3g(RFCC26XX_multiMode.om3g)
 .bss.RF_swiFsmObj
                0x200007fc       0x34 C:/ti/simplelink_cc13x0_sdk_4_20_02_07/source\ti/drivers/rf/lib/rf_multiMode_cc13x0.am3g(RFCC26XX_multiMode.om3g)
 .bss.RF_swiHwObj
                0x20000830       0x34 C:/ti/simplelink_cc13x0_sdk_4_20_02_07/source\ti/drivers/rf/lib/rf_multiMode_cc13x0.am3g(RFCC26XX_multiMode.om3g)
 .bss.RF_wakeupNotifyObj
                0x20000864       0x14 C:/ti/simplelink_cc13x0_sdk_4_20_02_07/source\ti/drivers/rf/lib/rf_multiMode_cc13x0.am3g(RFCC26XX_multiMode.om3g)
 .bss.gpioPinHandle
                0x20000878        0x4 C:/ti/simplelink_cc13x0_sdk_4_20_02_07/source\ti/drivers/lib/drivers_cc13x0.am3g(GPIOCC26XX.om3g)
 .bss.defaultPinConfig
                0x2000087c        0x4 C:/ti/simplelink_cc13x0_sdk_4_20_02_07/source\ti/drivers/lib/drivers_cc13x0.am3g(PINCC26XX.om3g)
 .bss.pinGpioConfigTable
                0x20000880       0x1f C:/ti/simplelink_cc13x0_sdk_4_20_02_07/source\ti/drivers/lib/drivers_cc13x0.am3g(PINCC26XX.om3g)
 *fill*         0x2000089f        0x1 
 .bss.pinHwi    0x200008a0       0x1c C:/ti/simplelink_cc13x0_sdk_4_20_02_07/source\ti/drivers/lib/drivers_cc13x0.am3g(PINCC26XX.om3g)
 .bss.pinLowerBound
                0x200008bc        0x4 C:/ti/simplelink_cc13x0_sdk_4_20_02_07/source\ti/drivers/lib/drivers_cc13x0.am3g(PINCC26XX.om3g)
                0x200008bc                pinLowerBound
 .bss.pinSemaphore
                0x200008c0       0x1c C:/ti/simplelink_cc13x0_sdk_4_20_02_07/source\ti/drivers/lib/drivers_cc13x0.am3g(PINCC26XX.om3g)
 .bss.pinSwi    0x200008dc       0x34 C:/ti/simplelink_cc13x0_sdk_4_20_02_07/source\ti/drivers/lib/drivers_cc13x0.am3g(PINCC26XX.om3g)
 .bss.pinUpperBound
                0x20000910        0x4 C:/ti/simplelink_cc13x0_sdk_4_20_02_07/source\ti/drivers/lib/drivers_cc13x0.am3g(PINCC26XX.om3g)
                0x20000910                pinUpperBound
 .bss.SemaphoreP_initialized
                0x20000914        0x1 C:/ti/simplelink_cc13x0_sdk_4_20_02_07/kernel/nortos\lib/nortos_cc13x0.am3g(SemaphoreP_nortos.om3g)
 .bss.doEnablePolicy
                0x20000915        0x1 C:/ti/simplelink_cc13x0_sdk_4_20_02_07/kernel/nortos\lib/nortos_cc13x0.am3g(SemaphoreP_nortos.om3g)
 .bss.pendInProgress
                0x20000916        0x1 C:/ti/simplelink_cc13x0_sdk_4_20_02_07/kernel/nortos\lib/nortos_cc13x0.am3g(SemaphoreP_nortos.om3g)
 *fill*         0x20000917        0x1 
 .bss.SwiP_currentTrigger
                0x20000918        0x4 C:/ti/simplelink_cc13x0_sdk_4_20_02_07/kernel/nortos\lib/nortos_cc13x0.am3g(SwiP_nortos.om3g)
 .bss.SwiP_hwiStruct
                0x2000091c       0x1c C:/ti/simplelink_cc13x0_sdk_4_20_02_07/kernel/nortos\lib/nortos_cc13x0.am3g(SwiP_nortos.om3g)
 .bss.SwiP_initialized
                0x20000938        0x1 C:/ti/simplelink_cc13x0_sdk_4_20_02_07/kernel/nortos\lib/nortos_cc13x0.am3g(SwiP_nortos.om3g)
 *fill*         0x20000939        0x3 
 .bss.SwiP_lockState
                0x2000093c        0x4 C:/ti/simplelink_cc13x0_sdk_4_20_02_07/kernel/nortos\lib/nortos_cc13x0.am3g(SwiP_nortos.om3g)
 .bss.SwiP_readyList
                0x20000940       0x20 C:/ti/simplelink_cc13x0_sdk_4_20_02_07/kernel/nortos\lib/nortos_cc13x0.am3g(SwiP_nortos.om3g)
 .bss.SwiP_readyMask
                0x20000960        0x4 C:/ti/simplelink_cc13x0_sdk_4_20_02_07/kernel/nortos\lib/nortos_cc13x0.am3g(SwiP_nortos.om3g)
 .bss.SwiP_schedulerRunning
                0x20000964        0x1 C:/ti/simplelink_cc13x0_sdk_4_20_02_07/kernel/nortos\lib/nortos_cc13x0.am3g(SwiP_nortos.om3g)
 *fill*         0x20000965        0x3 
 .bss.ClockP_defaultParams
                0x20000968        0xc C:/ti/simplelink_cc13x0_sdk_4_20_02_07/kernel/nortos\lib/nortos_cc13x0.am3g(ClockPTimer_nortos.om3g)
 .bss.ClockP_initialized
                0x20000974        0x1 C:/ti/simplelink_cc13x0_sdk_4_20_02_07/kernel/nortos\lib/nortos_cc13x0.am3g(ClockPTimer_nortos.om3g)
 *fill*         0x20000975        0x3 
 .bss.ClockP_module
                0x20000978       0xa0 C:/ti/simplelink_cc13x0_sdk_4_20_02_07/kernel/nortos\lib/nortos_cc13x0.am3g(ClockPTimer_nortos.om3g)
 .bss.timerFreq
                0x20000a18        0x8 C:/ti/simplelink_cc13x0_sdk_4_20_02_07/kernel/nortos\lib/nortos_cc13x0.am3g(ClockPTimer_nortos.om3g)
 .bss.usecsPerTimerTick
                0x20000a20        0x4 C:/ti/simplelink_cc13x0_sdk_4_20_02_07/kernel/nortos\lib/nortos_cc13x0.am3g(ClockPTimer_nortos.om3g)
 .bss.TimerP_handle
                0x20000a24        0x4 C:/ti/simplelink_cc13x0_sdk_4_20_02_07/kernel/nortos\lib/nortos_cc13x0.am3g(TimerPCC26XX_nortos.om3g)
 .bss.TimerP_hwiStruct
                0x20000a28       0x1c C:/ti/simplelink_cc13x0_sdk_4_20_02_07/kernel/nortos\lib/nortos_cc13x0.am3g(TimerPCC26XX_nortos.om3g)
 .bss.TimerP_initialized
                0x20000a44        0x1 C:/ti/simplelink_cc13x0_sdk_4_20_02_07/kernel/nortos\lib/nortos_cc13x0.am3g(TimerPCC26XX_nortos.om3g)
 *fill*         0x20000a45        0x3 
 .bss.HwiP_dispatchTable
                0x20000a48       0xc8 C:/ti/simplelink_cc13x0_sdk_4_20_02_07/kernel/nortos\lib/nortos_cc13x0.am3g(HwiPCC26XX_nortos.om3g)
 .bss.PowerCC26XX_swiKey
                0x20000b10        0x4 C:/ti/simplelink_cc13x0_sdk_4_20_02_07/kernel/nortos\lib/nortos_cc13x0.am3g(PowerCC26XX_nortos.om3g)
 .bss.powerQualGlobals
                0x20000b14        0x8 C:/ti/simplelink_cc13x0_sdk_4_20_02_07/source\ti/devices/cc13x0/driverlib/bin/gcc/driverlib.lib(sys_ctrl.o)
 .bss.oscHfGlobals
                0x20000b1c       0x14 C:/ti/simplelink_cc13x0_sdk_4_20_02_07/source\ti/devices/cc13x0/driverlib/bin/gcc/driverlib.lib(osc.o)
 *(COMMON)
 COMMON         0x20000b30       0x7c C:/ti/simplelink_cc13x0_sdk_4_20_02_07/source\ti/drivers/lib/drivers_cc13x0.am3g(PINCC26XX.om3g)
                0x20000b30                pinHandleTable
 COMMON         0x20000bac        0x1 C:/ti/simplelink_cc13x0_sdk_4_20_02_07/source\ti/devices/cc13x0/driverlib/bin/gcc/driverlib.lib(driverlib_release.o)
                0x20000bac                driverlib_release_0_3_05_20_00001
                0x20000bb0                . = ALIGN (0x4)
 *fill*         0x20000bad        0x3 
                0x20000bb0                __bss_end__ = .

.heap           0x20000bb0      0x100
                0x20000bb0                __heap_start__ = .
                0x20000bb0                end = __heap_start__
                0x20000bb0                _end = end
                0x20000bb0                __end = end
                0x20000cb0                . = (. + HEAPSIZE)
 *fill*         0x20000bb0      0x100 
 *(.heap)
                0x20000cb0                __heap_end__ = .
                0x20000cb0                __HeapLimit = __heap_end__

.stack          0x20000cb0      0x400
                0x20000cb0                _stack = .
                0x20000cb0                __stack = .
 *(.stack)
                0x200010b0                . = (. + STACKSIZE)
 *fill*         0x20000cb0      0x400 
                0x200010b0                _stack_end = .
                0x200010b0                __stack_end = .
LOAD C:/ti/simplelink_cc13x0_sdk_4_20_02_07/source\ti/display/lib/display.am3g
LOAD C:/ti/simplelink_cc13x0_sdk_4_20_02_07/source\ti/grlib/lib/gcc/m3/grlib.a
LOAD C:/ti/simplelink_cc13x0_sdk_4_20_02_07/source\third_party/spiffs/lib/gcc/m3/spiffs_cc26xx.a
LOAD C:/ti/simplelink_cc13x0_sdk_4_20_02_07/source\ti/drivers/rf/lib/rf_multiMode_cc13x0.am3g
LOAD C:/ti/simplelink_cc13x0_sdk_4_20_02_07/source\ti/drivers/lib/drivers_cc13x0.am3g
LOAD C:/ti/simplelink_cc13x0_sdk_4_20_02_07/kernel/nortos\lib/nortos_cc13x0.am3g
LOAD C:/ti/simplelink_cc13x0_sdk_4_20_02_07/source\ti/devices/cc13x0/driverlib/bin/gcc/driverlib.lib
LOAD c:/ti/gcc-arm-none-eabi_7_2_1/bin/../lib/gcc/arm-none-eabi/7.2.1/thumb/v7-m\libgcc.a
LOAD C:/ti/gcc-arm-none-eabi_7_2_1/arm-none-eabi/lib/thumb/v7-m\libc_nano.a
LOAD C:/ti/gcc-arm-none-eabi_7_2_1/arm-none-eabi/lib/thumb/v7-m\libm.a
LOAD C:/ti/gcc-arm-none-eabi_7_2_1/arm-none-eabi/lib/thumb/v7-m\libnosys.a
START GROUP
LOAD c:/ti/gcc-arm-none-eabi_7_2_1/bin/../lib/gcc/arm-none-eabi/7.2.1/thumb/v7-m\libgcc.a
LOAD C:/ti/gcc-arm-none-eabi_7_2_1/arm-none-eabi/lib/thumb/v7-m\libg_nano.a
LOAD C:/ti/gcc-arm-none-eabi_7_2_1/arm-none-eabi/lib/thumb/v7-m\libc_nano.a
END GROUP
START GROUP
LOAD c:/ti/gcc-arm-none-eabi_7_2_1/bin/../lib/gcc/arm-none-eabi/7.2.1/thumb/v7-m\libgcc.a
LOAD C:/ti/gcc-arm-none-eabi_7_2_1/arm-none-eabi/lib/thumb/v7-m\libc_nano.a
END GROUP
OUTPUT(rfCarrierWave_CC1310_LAUNCHXL_nortos_gcc.out elf32-littlearm)

.debug_info     0x00000000    0x25b9e
 .debug_info    0x00000000     0x7f91 ./CC1310_LAUNCHXL.o
 .debug_info    0x00007f91      0x1b6 ./ccfg.o
 .debug_info    0x00008147       0xc7 ./main_nortos.o
 .debug_info    0x0000820e     0x1cc2 ./rfCarrierWave.o
 .debug_info    0x00009ed0     0x1767 ./smartrf_settings/smartrf_settings.o
 .debug_info    0x0000b637     0x7696 C:/ti/simplelink_cc13x0_sdk_4_20_02_07/source\ti/drivers/rf/lib/rf_multiMode_cc13x0.am3g(RFCC26XX_multiMode.om3g)
 .debug_info    0x00012ccd      0xbe2 C:/ti/simplelink_cc13x0_sdk_4_20_02_07/source\ti/drivers/lib/drivers_cc13x0.am3g(List.om3g)
 .debug_info    0x000138af      0xcd7 C:/ti/simplelink_cc13x0_sdk_4_20_02_07/source\ti/drivers/lib/drivers_cc13x0.am3g(GPIOCC26XX.om3g)
 .debug_info    0x00014586     0x1398 C:/ti/simplelink_cc13x0_sdk_4_20_02_07/source\ti/drivers/lib/drivers_cc13x0.am3g(PINCC26XX.om3g)
 .debug_info    0x0001591e     0x26a5 C:/ti/simplelink_cc13x0_sdk_4_20_02_07/source\ti/drivers/lib/drivers_cc13x0.am3g(PowerCC26XX.om3g)
 .debug_info    0x00017fc3      0xbd9 C:/ti/simplelink_cc13x0_sdk_4_20_02_07/source\ti/drivers/lib/drivers_cc13x0.am3g(PowerCC26XX_calibrateRCOSC.om3g)
 .debug_info    0x00018b9c      0x1e0 C:/ti/simplelink_cc13x0_sdk_4_20_02_07/kernel/nortos\lib/nortos_cc13x0.am3g(NoRTOS.om3g)
 .debug_info    0x00018d7c     0x113f C:/ti/simplelink_cc13x0_sdk_4_20_02_07/kernel/nortos\lib/nortos_cc13x0.am3g(SemaphoreP_nortos.om3g)
 .debug_info    0x00019ebb     0x1558 C:/ti/simplelink_cc13x0_sdk_4_20_02_07/kernel/nortos\lib/nortos_cc13x0.am3g(SwiP_nortos.om3g)
 .debug_info    0x0001b413     0x1ba5 C:/ti/simplelink_cc13x0_sdk_4_20_02_07/kernel/nortos\lib/nortos_cc13x0.am3g(ClockPTimer_nortos.om3g)
 .debug_info    0x0001cfb8     0x1492 C:/ti/simplelink_cc13x0_sdk_4_20_02_07/kernel/nortos\lib/nortos_cc13x0.am3g(TimerPCC26XX_nortos.om3g)
 .debug_info    0x0001e44a     0x152f C:/ti/simplelink_cc13x0_sdk_4_20_02_07/kernel/nortos\lib/nortos_cc13x0.am3g(HwiPCC26XX_nortos.om3g)
 .debug_info    0x0001f979      0xfa2 C:/ti/simplelink_cc13x0_sdk_4_20_02_07/kernel/nortos\lib/nortos_cc13x0.am3g(PowerCC26XX_nortos.om3g)
 .debug_info    0x0002091b      0xb13 C:/ti/simplelink_cc13x0_sdk_4_20_02_07/kernel/nortos\lib/nortos_cc13x0.am3g(startup_cc13xx_cc26xx_gcc.om3g)
 .debug_info    0x0002142e      0x3fe C:/ti/simplelink_cc13x0_sdk_4_20_02_07/kernel/nortos\lib/nortos_cc13x0.am3g(QueueP_nortos.om3g)
 .debug_info    0x0002182c      0x407 C:/ti/simplelink_cc13x0_sdk_4_20_02_07/source\ti/devices/cc13x0/driverlib/bin/gcc/driverlib.lib(chipinfo.o)
 .debug_info    0x00021c33      0x209 C:/ti/simplelink_cc13x0_sdk_4_20_02_07/source\ti/devices/cc13x0/driverlib/bin/gcc/driverlib.lib(setup.o)
 .debug_info    0x00021e3c      0x463 C:/ti/simplelink_cc13x0_sdk_4_20_02_07/source\ti/devices/cc13x0/driverlib/bin/gcc/driverlib.lib(sys_ctrl.o)
 .debug_info    0x0002229f      0x141 C:/ti/simplelink_cc13x0_sdk_4_20_02_07/source\ti/devices/cc13x0/driverlib/bin/gcc/driverlib.lib(cpu.o)
 .debug_info    0x000223e0     0x14a7 C:/ti/simplelink_cc13x0_sdk_4_20_02_07/source\ti/devices/cc13x0/driverlib/bin/gcc/driverlib.lib(rfc.o)
 .debug_info    0x00023887       0x9c C:/ti/simplelink_cc13x0_sdk_4_20_02_07/source\ti/devices/cc13x0/driverlib/bin/gcc/driverlib.lib(driverlib_release.o)
 .debug_info    0x00023923      0x13a C:/ti/simplelink_cc13x0_sdk_4_20_02_07/source\ti/devices/cc13x0/driverlib/bin/gcc/driverlib.lib(aon_rtc.o)
 .debug_info    0x00023a5d      0xbc6 C:/ti/simplelink_cc13x0_sdk_4_20_02_07/source\ti/devices/cc13x0/driverlib/bin/gcc/driverlib.lib(setup_rom.o)
 .debug_info    0x00024623      0x34c C:/ti/simplelink_cc13x0_sdk_4_20_02_07/source\ti/devices/cc13x0/driverlib/bin/gcc/driverlib.lib(interrupt.o)
 .debug_info    0x0002496f      0x8f6 C:/ti/simplelink_cc13x0_sdk_4_20_02_07/source\ti/devices/cc13x0/driverlib/bin/gcc/driverlib.lib(osc.o)
 .debug_info    0x00025265       0xdb C:/ti/simplelink_cc13x0_sdk_4_20_02_07/source\ti/devices/cc13x0/driverlib/bin/gcc/driverlib.lib(aon_batmon.o)
 .debug_info    0x00025340      0x178 C:/ti/simplelink_cc13x0_sdk_4_20_02_07/source\ti/devices/cc13x0/driverlib/bin/gcc/driverlib.lib(adi.o)
 .debug_info    0x000254b8      0x1dd C:/ti/simplelink_cc13x0_sdk_4_20_02_07/source\ti/devices/cc13x0/driverlib/bin/gcc/driverlib.lib(vims.o)
 .debug_info    0x00025695      0x509 C:/ti/simplelink_cc13x0_sdk_4_20_02_07/source\ti/devices/cc13x0/driverlib/bin/gcc/driverlib.lib(ddi.o)

.debug_abbrev   0x00000000     0x508d
 .debug_abbrev  0x00000000      0x29b ./CC1310_LAUNCHXL.o
 .debug_abbrev  0x0000029b       0x74 ./ccfg.o
 .debug_abbrev  0x0000030f       0x81 ./main_nortos.o
 .debug_abbrev  0x00000390      0x223 ./rfCarrierWave.o
 .debug_abbrev  0x000005b3      0x234 ./smartrf_settings/smartrf_settings.o
 .debug_abbrev  0x000007e7      0x66d C:/ti/simplelink_cc13x0_sdk_4_20_02_07/source\ti/drivers/rf/lib/rf_multiMode_cc13x0.am3g(RFCC26XX_multiMode.om3g)
 .debug_abbrev  0x00000e54      0x1f7 C:/ti/simplelink_cc13x0_sdk_4_20_02_07/source\ti/drivers/lib/drivers_cc13x0.am3g(List.om3g)
 .debug_abbrev  0x0000104b      0x33f C:/ti/simplelink_cc13x0_sdk_4_20_02_07/source\ti/drivers/lib/drivers_cc13x0.am3g(GPIOCC26XX.om3g)
 .debug_abbrev  0x0000138a      0x43f C:/ti/simplelink_cc13x0_sdk_4_20_02_07/source\ti/drivers/lib/drivers_cc13x0.am3g(PINCC26XX.om3g)
 .debug_abbrev  0x000017c9      0x5fe C:/ti/simplelink_cc13x0_sdk_4_20_02_07/source\ti/drivers/lib/drivers_cc13x0.am3g(PowerCC26XX.om3g)
 .debug_abbrev  0x00001dc7      0x2e4 C:/ti/simplelink_cc13x0_sdk_4_20_02_07/source\ti/drivers/lib/drivers_cc13x0.am3g(PowerCC26XX_calibrateRCOSC.om3g)
 .debug_abbrev  0x000020ab      0x10c C:/ti/simplelink_cc13x0_sdk_4_20_02_07/kernel/nortos\lib/nortos_cc13x0.am3g(NoRTOS.om3g)
 .debug_abbrev  0x000021b7      0x3b4 C:/ti/simplelink_cc13x0_sdk_4_20_02_07/kernel/nortos\lib/nortos_cc13x0.am3g(SemaphoreP_nortos.om3g)
 .debug_abbrev  0x0000256b      0x438 C:/ti/simplelink_cc13x0_sdk_4_20_02_07/kernel/nortos\lib/nortos_cc13x0.am3g(SwiP_nortos.om3g)
 .debug_abbrev  0x000029a3      0x463 C:/ti/simplelink_cc13x0_sdk_4_20_02_07/kernel/nortos\lib/nortos_cc13x0.am3g(ClockPTimer_nortos.om3g)
 .debug_abbrev  0x00002e06      0x4b0 C:/ti/simplelink_cc13x0_sdk_4_20_02_07/kernel/nortos\lib/nortos_cc13x0.am3g(TimerPCC26XX_nortos.om3g)
 .debug_abbrev  0x000032b6      0x42e C:/ti/simplelink_cc13x0_sdk_4_20_02_07/kernel/nortos\lib/nortos_cc13x0.am3g(HwiPCC26XX_nortos.om3g)
 .debug_abbrev  0x000036e4      0x29a C:/ti/simplelink_cc13x0_sdk_4_20_02_07/kernel/nortos\lib/nortos_cc13x0.am3g(PowerCC26XX_nortos.om3g)
 .debug_abbrev  0x0000397e      0x289 C:/ti/simplelink_cc13x0_sdk_4_20_02_07/kernel/nortos\lib/nortos_cc13x0.am3g(startup_cc13xx_cc26xx_gcc.om3g)
 .debug_abbrev  0x00003c07      0x15b C:/ti/simplelink_cc13x0_sdk_4_20_02_07/kernel/nortos\lib/nortos_cc13x0.am3g(QueueP_nortos.om3g)
 .debug_abbrev  0x00003d62      0x17f C:/ti/simplelink_cc13x0_sdk_4_20_02_07/source\ti/devices/cc13x0/driverlib/bin/gcc/driverlib.lib(chipinfo.o)
 .debug_abbrev  0x00003ee1      0x128 C:/ti/simplelink_cc13x0_sdk_4_20_02_07/source\ti/devices/cc13x0/driverlib/bin/gcc/driverlib.lib(setup.o)
 .debug_abbrev  0x00004009      0x19a C:/ti/simplelink_cc13x0_sdk_4_20_02_07/source\ti/devices/cc13x0/driverlib/bin/gcc/driverlib.lib(sys_ctrl.o)
 .debug_abbrev  0x000041a3       0xd0 C:/ti/simplelink_cc13x0_sdk_4_20_02_07/source\ti/devices/cc13x0/driverlib/bin/gcc/driverlib.lib(cpu.o)
 .debug_abbrev  0x00004273      0x38c C:/ti/simplelink_cc13x0_sdk_4_20_02_07/source\ti/devices/cc13x0/driverlib/bin/gcc/driverlib.lib(rfc.o)
 .debug_abbrev  0x000045ff       0x5f C:/ti/simplelink_cc13x0_sdk_4_20_02_07/source\ti/devices/cc13x0/driverlib/bin/gcc/driverlib.lib(driverlib_release.o)
 .debug_abbrev  0x0000465e       0xc4 C:/ti/simplelink_cc13x0_sdk_4_20_02_07/source\ti/devices/cc13x0/driverlib/bin/gcc/driverlib.lib(aon_rtc.o)
 .debug_abbrev  0x00004722      0x23b C:/ti/simplelink_cc13x0_sdk_4_20_02_07/source\ti/devices/cc13x0/driverlib/bin/gcc/driverlib.lib(setup_rom.o)
 .debug_abbrev  0x0000495d      0x14e C:/ti/simplelink_cc13x0_sdk_4_20_02_07/source\ti/devices/cc13x0/driverlib/bin/gcc/driverlib.lib(interrupt.o)
 .debug_abbrev  0x00004aab      0x261 C:/ti/simplelink_cc13x0_sdk_4_20_02_07/source\ti/devices/cc13x0/driverlib/bin/gcc/driverlib.lib(osc.o)
 .debug_abbrev  0x00004d0c       0x60 C:/ti/simplelink_cc13x0_sdk_4_20_02_07/source\ti/devices/cc13x0/driverlib/bin/gcc/driverlib.lib(aon_batmon.o)
 .debug_abbrev  0x00004d6c       0xea C:/ti/simplelink_cc13x0_sdk_4_20_02_07/source\ti/devices/cc13x0/driverlib/bin/gcc/driverlib.lib(adi.o)
 .debug_abbrev  0x00004e56       0xe5 C:/ti/simplelink_cc13x0_sdk_4_20_02_07/source\ti/devices/cc13x0/driverlib/bin/gcc/driverlib.lib(vims.o)
 .debug_abbrev  0x00004f3b      0x152 C:/ti/simplelink_cc13x0_sdk_4_20_02_07/source\ti/devices/cc13x0/driverlib/bin/gcc/driverlib.lib(ddi.o)

.debug_aranges  0x00000000      0xe98
 .debug_aranges
                0x00000000       0x28 ./CC1310_LAUNCHXL.o
 .debug_aranges
                0x00000028       0x18 ./ccfg.o
 .debug_aranges
                0x00000040       0x20 ./main_nortos.o
 .debug_aranges
                0x00000060       0x20 ./rfCarrierWave.o
 .debug_aranges
                0x00000080       0x50 ./smartrf_settings/smartrf_settings.o
 .debug_aranges
                0x000000d0      0x238 C:/ti/simplelink_cc13x0_sdk_4_20_02_07/source\ti/drivers/rf/lib/rf_multiMode_cc13x0.am3g(RFCC26XX_multiMode.om3g)
 .debug_aranges
                0x00000308       0x48 C:/ti/simplelink_cc13x0_sdk_4_20_02_07/source\ti/drivers/lib/drivers_cc13x0.am3g(List.om3g)
 .debug_aranges
                0x00000350       0x78 C:/ti/simplelink_cc13x0_sdk_4_20_02_07/source\ti/drivers/lib/drivers_cc13x0.am3g(GPIOCC26XX.om3g)
 .debug_aranges
                0x000003c8       0xf0 C:/ti/simplelink_cc13x0_sdk_4_20_02_07/source\ti/drivers/lib/drivers_cc13x0.am3g(PINCC26XX.om3g)
 .debug_aranges
                0x000004b8      0x120 C:/ti/simplelink_cc13x0_sdk_4_20_02_07/source\ti/drivers/lib/drivers_cc13x0.am3g(PowerCC26XX.om3g)
 .debug_aranges
                0x000005d8       0x38 C:/ti/simplelink_cc13x0_sdk_4_20_02_07/source\ti/drivers/lib/drivers_cc13x0.am3g(PowerCC26XX_calibrateRCOSC.om3g)
 .debug_aranges
                0x00000610       0x30 C:/ti/simplelink_cc13x0_sdk_4_20_02_07/kernel/nortos\lib/nortos_cc13x0.am3g(NoRTOS.om3g)
 .debug_aranges
                0x00000640       0x78 C:/ti/simplelink_cc13x0_sdk_4_20_02_07/kernel/nortos\lib/nortos_cc13x0.am3g(SemaphoreP_nortos.om3g)
 .debug_aranges
                0x000006b8       0xb0 C:/ti/simplelink_cc13x0_sdk_4_20_02_07/kernel/nortos\lib/nortos_cc13x0.am3g(SwiP_nortos.om3g)
 .debug_aranges
                0x00000768       0xe8 C:/ti/simplelink_cc13x0_sdk_4_20_02_07/kernel/nortos\lib/nortos_cc13x0.am3g(ClockPTimer_nortos.om3g)
 .debug_aranges
                0x00000850       0x98 C:/ti/simplelink_cc13x0_sdk_4_20_02_07/kernel/nortos\lib/nortos_cc13x0.am3g(TimerPCC26XX_nortos.om3g)
 .debug_aranges
                0x000008e8       0xb0 C:/ti/simplelink_cc13x0_sdk_4_20_02_07/kernel/nortos\lib/nortos_cc13x0.am3g(HwiPCC26XX_nortos.om3g)
 .debug_aranges
                0x00000998       0x30 C:/ti/simplelink_cc13x0_sdk_4_20_02_07/kernel/nortos\lib/nortos_cc13x0.am3g(PowerCC26XX_nortos.om3g)
 .debug_aranges
                0x000009c8       0x50 C:/ti/simplelink_cc13x0_sdk_4_20_02_07/kernel/nortos\lib/nortos_cc13x0.am3g(startup_cc13xx_cc26xx_gcc.om3g)
 .debug_aranges
                0x00000a18       0x80 C:/ti/simplelink_cc13x0_sdk_4_20_02_07/kernel/nortos\lib/nortos_cc13x0.am3g(QueueP_nortos.om3g)
 .debug_aranges
                0x00000a98       0x48 C:/ti/simplelink_cc13x0_sdk_4_20_02_07/source\ti/devices/cc13x0/driverlib/bin/gcc/driverlib.lib(chipinfo.o)
 .debug_aranges
                0x00000ae0       0x28 C:/ti/simplelink_cc13x0_sdk_4_20_02_07/source\ti/devices/cc13x0/driverlib/bin/gcc/driverlib.lib(setup.o)
 .debug_aranges
                0x00000b08       0x38 C:/ti/simplelink_cc13x0_sdk_4_20_02_07/source\ti/devices/cc13x0/driverlib/bin/gcc/driverlib.lib(sys_ctrl.o)
 .debug_aranges
                0x00000b40       0x40 C:/ti/simplelink_cc13x0_sdk_4_20_02_07/source\ti/devices/cc13x0/driverlib/bin/gcc/driverlib.lib(cpu.o)
 .debug_aranges
                0x00000b80       0x70 C:/ti/simplelink_cc13x0_sdk_4_20_02_07/source\ti/devices/cc13x0/driverlib/bin/gcc/driverlib.lib(rfc.o)
 .debug_aranges
                0x00000bf0       0x18 C:/ti/simplelink_cc13x0_sdk_4_20_02_07/source\ti/devices/cc13x0/driverlib/bin/gcc/driverlib.lib(driverlib_release.o)
 .debug_aranges
                0x00000c08       0x28 C:/ti/simplelink_cc13x0_sdk_4_20_02_07/source\ti/devices/cc13x0/driverlib/bin/gcc/driverlib.lib(aon_rtc.o)
 .debug_aranges
                0x00000c30       0xb8 C:/ti/simplelink_cc13x0_sdk_4_20_02_07/source\ti/devices/cc13x0/driverlib/bin/gcc/driverlib.lib(setup_rom.o)
 .debug_aranges
                0x00000ce8       0x78 C:/ti/simplelink_cc13x0_sdk_4_20_02_07/source\ti/devices/cc13x0/driverlib/bin/gcc/driverlib.lib(interrupt.o)
 .debug_aranges
                0x00000d60       0x70 C:/ti/simplelink_cc13x0_sdk_4_20_02_07/source\ti/devices/cc13x0/driverlib/bin/gcc/driverlib.lib(osc.o)
 .debug_aranges
                0x00000dd0       0x20 C:/ti/simplelink_cc13x0_sdk_4_20_02_07/source\ti/devices/cc13x0/driverlib/bin/gcc/driverlib.lib(aon_batmon.o)
 .debug_aranges
                0x00000df0       0x28 C:/ti/simplelink_cc13x0_sdk_4_20_02_07/source\ti/devices/cc13x0/driverlib/bin/gcc/driverlib.lib(adi.o)
 .debug_aranges
                0x00000e18       0x38 C:/ti/simplelink_cc13x0_sdk_4_20_02_07/source\ti/devices/cc13x0/driverlib/bin/gcc/driverlib.lib(vims.o)
 .debug_aranges
                0x00000e50       0x48 C:/ti/simplelink_cc13x0_sdk_4_20_02_07/source\ti/devices/cc13x0/driverlib/bin/gcc/driverlib.lib(ddi.o)

.debug_ranges   0x00000000     0x20d0
 .debug_ranges  0x00000000       0x18 ./CC1310_LAUNCHXL.o
 .debug_ranges  0x00000018       0x10 ./main_nortos.o
 .debug_ranges  0x00000028       0x10 ./rfCarrierWave.o
 .debug_ranges  0x00000038       0x40 ./smartrf_settings/smartrf_settings.o
 .debug_ranges  0x00000078      0xcf8 C:/ti/simplelink_cc13x0_sdk_4_20_02_07/source\ti/drivers/rf/lib/rf_multiMode_cc13x0.am3g(RFCC26XX_multiMode.om3g)
 .debug_ranges  0x00000d70       0x38 C:/ti/simplelink_cc13x0_sdk_4_20_02_07/source\ti/drivers/lib/drivers_cc13x0.am3g(List.om3g)
 .debug_ranges  0x00000da8       0xf8 C:/ti/simplelink_cc13x0_sdk_4_20_02_07/source\ti/drivers/lib/drivers_cc13x0.am3g(GPIOCC26XX.om3g)
 .debug_ranges  0x00000ea0      0x208 C:/ti/simplelink_cc13x0_sdk_4_20_02_07/source\ti/drivers/lib/drivers_cc13x0.am3g(PINCC26XX.om3g)
 .debug_ranges  0x000010a8      0x3e8 C:/ti/simplelink_cc13x0_sdk_4_20_02_07/source\ti/drivers/lib/drivers_cc13x0.am3g(PowerCC26XX.om3g)
 .debug_ranges  0x00001490       0xb0 C:/ti/simplelink_cc13x0_sdk_4_20_02_07/source\ti/drivers/lib/drivers_cc13x0.am3g(PowerCC26XX_calibrateRCOSC.om3g)
 .debug_ranges  0x00001540       0x20 C:/ti/simplelink_cc13x0_sdk_4_20_02_07/kernel/nortos\lib/nortos_cc13x0.am3g(NoRTOS.om3g)
 .debug_ranges  0x00001560      0x110 C:/ti/simplelink_cc13x0_sdk_4_20_02_07/kernel/nortos\lib/nortos_cc13x0.am3g(SemaphoreP_nortos.om3g)
 .debug_ranges  0x00001670       0xc0 C:/ti/simplelink_cc13x0_sdk_4_20_02_07/kernel/nortos\lib/nortos_cc13x0.am3g(SwiP_nortos.om3g)
 .debug_ranges  0x00001730      0x188 C:/ti/simplelink_cc13x0_sdk_4_20_02_07/kernel/nortos\lib/nortos_cc13x0.am3g(ClockPTimer_nortos.om3g)
 .debug_ranges  0x000018b8      0x248 C:/ti/simplelink_cc13x0_sdk_4_20_02_07/kernel/nortos\lib/nortos_cc13x0.am3g(TimerPCC26XX_nortos.om3g)
 .debug_ranges  0x00001b00       0xb8 C:/ti/simplelink_cc13x0_sdk_4_20_02_07/kernel/nortos\lib/nortos_cc13x0.am3g(HwiPCC26XX_nortos.om3g)
 .debug_ranges  0x00001bb8       0x90 C:/ti/simplelink_cc13x0_sdk_4_20_02_07/kernel/nortos\lib/nortos_cc13x0.am3g(PowerCC26XX_nortos.om3g)
 .debug_ranges  0x00001c48       0x40 C:/ti/simplelink_cc13x0_sdk_4_20_02_07/kernel/nortos\lib/nortos_cc13x0.am3g(startup_cc13xx_cc26xx_gcc.om3g)
 .debug_ranges  0x00001c88       0x70 C:/ti/simplelink_cc13x0_sdk_4_20_02_07/kernel/nortos\lib/nortos_cc13x0.am3g(QueueP_nortos.om3g)
 .debug_ranges  0x00001cf8       0x80 C:/ti/simplelink_cc13x0_sdk_4_20_02_07/source\ti/devices/cc13x0/driverlib/bin/gcc/driverlib.lib(chipinfo.o)
 .debug_ranges  0x00001d78       0x18 C:/ti/simplelink_cc13x0_sdk_4_20_02_07/source\ti/devices/cc13x0/driverlib/bin/gcc/driverlib.lib(setup.o)
 .debug_ranges  0x00001d90       0x28 C:/ti/simplelink_cc13x0_sdk_4_20_02_07/source\ti/devices/cc13x0/driverlib/bin/gcc/driverlib.lib(sys_ctrl.o)
 .debug_ranges  0x00001db8       0x30 C:/ti/simplelink_cc13x0_sdk_4_20_02_07/source\ti/devices/cc13x0/driverlib/bin/gcc/driverlib.lib(cpu.o)
 .debug_ranges  0x00001de8       0x60 C:/ti/simplelink_cc13x0_sdk_4_20_02_07/source\ti/devices/cc13x0/driverlib/bin/gcc/driverlib.lib(rfc.o)
 .debug_ranges  0x00001e48       0x18 C:/ti/simplelink_cc13x0_sdk_4_20_02_07/source\ti/devices/cc13x0/driverlib/bin/gcc/driverlib.lib(aon_rtc.o)
 .debug_ranges  0x00001e60      0x108 C:/ti/simplelink_cc13x0_sdk_4_20_02_07/source\ti/devices/cc13x0/driverlib/bin/gcc/driverlib.lib(setup_rom.o)
 .debug_ranges  0x00001f68       0x68 C:/ti/simplelink_cc13x0_sdk_4_20_02_07/source\ti/devices/cc13x0/driverlib/bin/gcc/driverlib.lib(interrupt.o)
 .debug_ranges  0x00001fd0       0x78 C:/ti/simplelink_cc13x0_sdk_4_20_02_07/source\ti/devices/cc13x0/driverlib/bin/gcc/driverlib.lib(osc.o)
 .debug_ranges  0x00002048       0x10 C:/ti/simplelink_cc13x0_sdk_4_20_02_07/source\ti/devices/cc13x0/driverlib/bin/gcc/driverlib.lib(aon_batmon.o)
 .debug_ranges  0x00002058       0x18 C:/ti/simplelink_cc13x0_sdk_4_20_02_07/source\ti/devices/cc13x0/driverlib/bin/gcc/driverlib.lib(adi.o)
 .debug_ranges  0x00002070       0x28 C:/ti/simplelink_cc13x0_sdk_4_20_02_07/source\ti/devices/cc13x0/driverlib/bin/gcc/driverlib.lib(vims.o)
 .debug_ranges  0x00002098       0x38 C:/ti/simplelink_cc13x0_sdk_4_20_02_07/source\ti/devices/cc13x0/driverlib/bin/gcc/driverlib.lib(ddi.o)

.debug_line     0x00000000     0xad80
 .debug_line    0x00000000      0xcb3 ./CC1310_LAUNCHXL.o
 .debug_line    0x00000cb3      0x169 ./ccfg.o
 .debug_line    0x00000e1c      0x133 ./main_nortos.o
 .debug_line    0x00000f4f      0x2ff ./rfCarrierWave.o
 .debug_line    0x0000124e      0x3dd ./smartrf_settings/smartrf_settings.o
 .debug_line    0x0000162b     0x1a5e C:/ti/simplelink_cc13x0_sdk_4_20_02_07/source\ti/drivers/rf/lib/rf_multiMode_cc13x0.am3g(RFCC26XX_multiMode.om3g)
 .debug_line    0x00003089      0x479 C:/ti/simplelink_cc13x0_sdk_4_20_02_07/source\ti/drivers/lib/drivers_cc13x0.am3g(List.om3g)
 .debug_line    0x00003502      0x6af C:/ti/simplelink_cc13x0_sdk_4_20_02_07/source\ti/drivers/lib/drivers_cc13x0.am3g(GPIOCC26XX.om3g)
 .debug_line    0x00003bb1      0x95e C:/ti/simplelink_cc13x0_sdk_4_20_02_07/source\ti/drivers/lib/drivers_cc13x0.am3g(PINCC26XX.om3g)
 .debug_line    0x0000450f      0xdc3 C:/ti/simplelink_cc13x0_sdk_4_20_02_07/source\ti/drivers/lib/drivers_cc13x0.am3g(PowerCC26XX.om3g)
 .debug_line    0x000052d2      0x6ac C:/ti/simplelink_cc13x0_sdk_4_20_02_07/source\ti/drivers/lib/drivers_cc13x0.am3g(PowerCC26XX_calibrateRCOSC.om3g)
 .debug_line    0x0000597e      0x287 C:/ti/simplelink_cc13x0_sdk_4_20_02_07/kernel/nortos\lib/nortos_cc13x0.am3g(NoRTOS.om3g)
 .debug_line    0x00005c05      0x595 C:/ti/simplelink_cc13x0_sdk_4_20_02_07/kernel/nortos\lib/nortos_cc13x0.am3g(SemaphoreP_nortos.om3g)
 .debug_line    0x0000619a      0x5bd C:/ti/simplelink_cc13x0_sdk_4_20_02_07/kernel/nortos\lib/nortos_cc13x0.am3g(SwiP_nortos.om3g)
 .debug_line    0x00006757      0x6f3 C:/ti/simplelink_cc13x0_sdk_4_20_02_07/kernel/nortos\lib/nortos_cc13x0.am3g(ClockPTimer_nortos.om3g)
 .debug_line    0x00006e4a      0x6a3 C:/ti/simplelink_cc13x0_sdk_4_20_02_07/kernel/nortos\lib/nortos_cc13x0.am3g(TimerPCC26XX_nortos.om3g)
 .debug_line    0x000074ed      0x5b3 C:/ti/simplelink_cc13x0_sdk_4_20_02_07/kernel/nortos\lib/nortos_cc13x0.am3g(HwiPCC26XX_nortos.om3g)
 .debug_line    0x00007aa0      0x652 C:/ti/simplelink_cc13x0_sdk_4_20_02_07/kernel/nortos\lib/nortos_cc13x0.am3g(PowerCC26XX_nortos.om3g)
 .debug_line    0x000080f2      0x387 C:/ti/simplelink_cc13x0_sdk_4_20_02_07/kernel/nortos\lib/nortos_cc13x0.am3g(startup_cc13xx_cc26xx_gcc.om3g)
 .debug_line    0x00008479      0x338 C:/ti/simplelink_cc13x0_sdk_4_20_02_07/kernel/nortos\lib/nortos_cc13x0.am3g(QueueP_nortos.om3g)
 .debug_line    0x000087b1      0x27b C:/ti/simplelink_cc13x0_sdk_4_20_02_07/source\ti/devices/cc13x0/driverlib/bin/gcc/driverlib.lib(chipinfo.o)
 .debug_line    0x00008a2c      0x23e C:/ti/simplelink_cc13x0_sdk_4_20_02_07/source\ti/devices/cc13x0/driverlib/bin/gcc/driverlib.lib(setup.o)
 .debug_line    0x00008c6a      0x2ee C:/ti/simplelink_cc13x0_sdk_4_20_02_07/source\ti/devices/cc13x0/driverlib/bin/gcc/driverlib.lib(sys_ctrl.o)
 .debug_line    0x00008f58      0x1f5 C:/ti/simplelink_cc13x0_sdk_4_20_02_07/source\ti/devices/cc13x0/driverlib/bin/gcc/driverlib.lib(cpu.o)
 .debug_line    0x0000914d      0x4f7 C:/ti/simplelink_cc13x0_sdk_4_20_02_07/source\ti/devices/cc13x0/driverlib/bin/gcc/driverlib.lib(rfc.o)
 .debug_line    0x00009644      0x1db C:/ti/simplelink_cc13x0_sdk_4_20_02_07/source\ti/devices/cc13x0/driverlib/bin/gcc/driverlib.lib(driverlib_release.o)
 .debug_line    0x0000981f      0x1e8 C:/ti/simplelink_cc13x0_sdk_4_20_02_07/source\ti/devices/cc13x0/driverlib/bin/gcc/driverlib.lib(aon_rtc.o)
 .debug_line    0x00009a07      0x4f1 C:/ti/simplelink_cc13x0_sdk_4_20_02_07/source\ti/devices/cc13x0/driverlib/bin/gcc/driverlib.lib(setup_rom.o)
 .debug_line    0x00009ef8      0x2ce C:/ti/simplelink_cc13x0_sdk_4_20_02_07/source\ti/devices/cc13x0/driverlib/bin/gcc/driverlib.lib(interrupt.o)
 .debug_line    0x0000a1c6      0x371 C:/ti/simplelink_cc13x0_sdk_4_20_02_07/source\ti/devices/cc13x0/driverlib/bin/gcc/driverlib.lib(osc.o)
 .debug_line    0x0000a537      0x1b7 C:/ti/simplelink_cc13x0_sdk_4_20_02_07/source\ti/devices/cc13x0/driverlib/bin/gcc/driverlib.lib(aon_batmon.o)
 .debug_line    0x0000a6ee      0x206 C:/ti/simplelink_cc13x0_sdk_4_20_02_07/source\ti/devices/cc13x0/driverlib/bin/gcc/driverlib.lib(adi.o)
 .debug_line    0x0000a8f4      0x215 C:/ti/simplelink_cc13x0_sdk_4_20_02_07/source\ti/devices/cc13x0/driverlib/bin/gcc/driverlib.lib(vims.o)
 .debug_line    0x0000ab09      0x277 C:/ti/simplelink_cc13x0_sdk_4_20_02_07/source\ti/devices/cc13x0/driverlib/bin/gcc/driverlib.lib(ddi.o)

.debug_str      0x00000000     0xc1e0
 .debug_str     0x00000000     0x6223 ./CC1310_LAUNCHXL.o
                               0x648b (size before relaxing)
 .debug_str     0x00006223      0x1a9 ./ccfg.o
                                0x357 (size before relaxing)
 .debug_str     0x000063cc       0x16 ./main_nortos.o
                                0x1e2 (size before relaxing)
 .debug_str     0x000063e2      0x31d ./rfCarrierWave.o
                                0xef9 (size before relaxing)
 .debug_str     0x000066ff      0x11a ./smartrf_settings/smartrf_settings.o
                                0xc4d (size before relaxing)
 .debug_str     0x00006819     0x201f C:/ti/simplelink_cc13x0_sdk_4_20_02_07/source\ti/drivers/rf/lib/rf_multiMode_cc13x0.am3g(RFCC26XX_multiMode.om3g)
                               0x2de7 (size before relaxing)
 .debug_str     0x00008838       0x8f C:/ti/simplelink_cc13x0_sdk_4_20_02_07/source\ti/drivers/lib/drivers_cc13x0.am3g(List.om3g)
                                0x705 (size before relaxing)
 .debug_str     0x000088c7      0x311 C:/ti/simplelink_cc13x0_sdk_4_20_02_07/source\ti/drivers/lib/drivers_cc13x0.am3g(GPIOCC26XX.om3g)
                                0x780 (size before relaxing)
 .debug_str     0x00008bd8      0x5a1 C:/ti/simplelink_cc13x0_sdk_4_20_02_07/source\ti/drivers/lib/drivers_cc13x0.am3g(PINCC26XX.om3g)
                                0xafb (size before relaxing)
 .debug_str     0x00009179      0xa17 C:/ti/simplelink_cc13x0_sdk_4_20_02_07/source\ti/drivers/lib/drivers_cc13x0.am3g(PowerCC26XX.om3g)
                               0x14a2 (size before relaxing)
 .debug_str     0x00009b90      0x1d9 C:/ti/simplelink_cc13x0_sdk_4_20_02_07/source\ti/drivers/lib/drivers_cc13x0.am3g(PowerCC26XX_calibrateRCOSC.om3g)
                                0x79b (size before relaxing)
 .debug_str     0x00009d69       0xde C:/ti/simplelink_cc13x0_sdk_4_20_02_07/kernel/nortos\lib/nortos_cc13x0.am3g(NoRTOS.om3g)
                                0x307 (size before relaxing)
 .debug_str     0x00009e47      0x152 C:/ti/simplelink_cc13x0_sdk_4_20_02_07/kernel/nortos\lib/nortos_cc13x0.am3g(SemaphoreP_nortos.om3g)
                                0x9b2 (size before relaxing)
 .debug_str     0x00009f99      0x270 C:/ti/simplelink_cc13x0_sdk_4_20_02_07/kernel/nortos\lib/nortos_cc13x0.am3g(SwiP_nortos.om3g)
                                0xa52 (size before relaxing)
 .debug_str     0x0000a209      0x46b C:/ti/simplelink_cc13x0_sdk_4_20_02_07/kernel/nortos\lib/nortos_cc13x0.am3g(ClockPTimer_nortos.om3g)
                                0xe3d (size before relaxing)
 .debug_str     0x0000a674      0x240 C:/ti/simplelink_cc13x0_sdk_4_20_02_07/kernel/nortos\lib/nortos_cc13x0.am3g(TimerPCC26XX_nortos.om3g)
                                0xacf (size before relaxing)
 .debug_str     0x0000a8b4      0x2d4 C:/ti/simplelink_cc13x0_sdk_4_20_02_07/kernel/nortos\lib/nortos_cc13x0.am3g(HwiPCC26XX_nortos.om3g)
                                0xab0 (size before relaxing)
 .debug_str     0x0000ab88       0xa3 C:/ti/simplelink_cc13x0_sdk_4_20_02_07/kernel/nortos\lib/nortos_cc13x0.am3g(PowerCC26XX_nortos.om3g)
                                0xb35 (size before relaxing)
 .debug_str     0x0000ac2b      0x122 C:/ti/simplelink_cc13x0_sdk_4_20_02_07/kernel/nortos\lib/nortos_cc13x0.am3g(startup_cc13xx_cc26xx_gcc.om3g)
                                0x77d (size before relaxing)
 .debug_str     0x0000ad4d       0x73 C:/ti/simplelink_cc13x0_sdk_4_20_02_07/kernel/nortos\lib/nortos_cc13x0.am3g(QueueP_nortos.om3g)
                                0x30a (size before relaxing)
 .debug_str     0x0000adc0      0x3d3 C:/ti/simplelink_cc13x0_sdk_4_20_02_07/source\ti/devices/cc13x0/driverlib/bin/gcc/driverlib.lib(chipinfo.o)
                                0x620 (size before relaxing)
 .debug_str     0x0000b193      0x1bb C:/ti/simplelink_cc13x0_sdk_4_20_02_07/source\ti/devices/cc13x0/driverlib/bin/gcc/driverlib.lib(setup.o)
                                0x38c (size before relaxing)
 .debug_str     0x0000b34e      0x1d9 C:/ti/simplelink_cc13x0_sdk_4_20_02_07/source\ti/devices/cc13x0/driverlib/bin/gcc/driverlib.lib(sys_ctrl.o)
                                0x469 (size before relaxing)
 .debug_str     0x0000b527       0x61 C:/ti/simplelink_cc13x0_sdk_4_20_02_07/source\ti/devices/cc13x0/driverlib/bin/gcc/driverlib.lib(cpu.o)
                                0x1fd (size before relaxing)